Archive member included to satisfy reference by file (symbol)

/Applications/ArmGNUToolchain/13.2.Rel1/arm-none-eabi/bin/../lib/gcc/arm-none-eabi/13.2.1/thumb/v6-m/nofp/libgcc.a(_dvmd_tls.o)
                              CMakeFiles/adc.dir/Users/nickmarchuk/me433/2024/pico/pico-sdk/src/rp2_common/pico_divider/divider.S.obj (__aeabi_idiv0)
/Applications/ArmGNUToolchain/13.2.Rel1/arm-none-eabi/bin/../lib/gcc/arm-none-eabi/13.2.1/../../../../arm-none-eabi/lib/thumb/v6-m/nofp/libg.a(libc_a-calloc.o)
                              CMakeFiles/adc.dir/Users/nickmarchuk/me433/2024/pico/pico-sdk/src/rp2_common/pico_malloc/pico_malloc.c.obj (calloc)
/Applications/ArmGNUToolchain/13.2.Rel1/arm-none-eabi/bin/../lib/gcc/arm-none-eabi/13.2.1/../../../../arm-none-eabi/lib/thumb/v6-m/nofp/libg.a(libc_a-callocr.o)
                              /Applications/ArmGNUToolchain/13.2.Rel1/arm-none-eabi/bin/../lib/gcc/arm-none-eabi/13.2.1/../../../../arm-none-eabi/lib/thumb/v6-m/nofp/libg.a(libc_a-calloc.o) (_calloc_r)
/Applications/ArmGNUToolchain/13.2.Rel1/arm-none-eabi/bin/../lib/gcc/arm-none-eabi/13.2.1/../../../../arm-none-eabi/lib/thumb/v6-m/nofp/libg.a(libc_a-malloc.o)
                              CMakeFiles/adc.dir/Users/nickmarchuk/me433/2024/pico/pico-sdk/src/rp2_common/pico_malloc/pico_malloc.c.obj (malloc)
/Applications/ArmGNUToolchain/13.2.Rel1/arm-none-eabi/bin/../lib/gcc/arm-none-eabi/13.2.1/../../../../arm-none-eabi/lib/thumb/v6-m/nofp/libg.a(libc_a-mallocr.o)
                              /Applications/ArmGNUToolchain/13.2.Rel1/arm-none-eabi/bin/../lib/gcc/arm-none-eabi/13.2.1/../../../../arm-none-eabi/lib/thumb/v6-m/nofp/libg.a(libc_a-callocr.o) (_malloc_r)
/Applications/ArmGNUToolchain/13.2.Rel1/arm-none-eabi/bin/../lib/gcc/arm-none-eabi/13.2.1/../../../../arm-none-eabi/lib/thumb/v6-m/nofp/libg.a(libc_a-mlock.o)
                              /Applications/ArmGNUToolchain/13.2.Rel1/arm-none-eabi/bin/../lib/gcc/arm-none-eabi/13.2.1/../../../../arm-none-eabi/lib/thumb/v6-m/nofp/libg.a(libc_a-mallocr.o) (__malloc_lock)
/Applications/ArmGNUToolchain/13.2.Rel1/arm-none-eabi/bin/../lib/gcc/arm-none-eabi/13.2.1/../../../../arm-none-eabi/lib/thumb/v6-m/nofp/libg.a(libc_a-realloc.o)
                              CMakeFiles/adc.dir/Users/nickmarchuk/me433/2024/pico/pico-sdk/src/rp2_common/pico_malloc/pico_malloc.c.obj (realloc)
/Applications/ArmGNUToolchain/13.2.Rel1/arm-none-eabi/bin/../lib/gcc/arm-none-eabi/13.2.1/../../../../arm-none-eabi/lib/thumb/v6-m/nofp/libg.a(libc_a-reallocr.o)
                              /Applications/ArmGNUToolchain/13.2.Rel1/arm-none-eabi/bin/../lib/gcc/arm-none-eabi/13.2.1/../../../../arm-none-eabi/lib/thumb/v6-m/nofp/libg.a(libc_a-realloc.o) (_realloc_r)
/Applications/ArmGNUToolchain/13.2.Rel1/arm-none-eabi/bin/../lib/gcc/arm-none-eabi/13.2.1/../../../../arm-none-eabi/lib/thumb/v6-m/nofp/libg.a(libc_a-memmove.o)
                              /Applications/ArmGNUToolchain/13.2.Rel1/arm-none-eabi/bin/../lib/gcc/arm-none-eabi/13.2.1/../../../../arm-none-eabi/lib/thumb/v6-m/nofp/libg.a(libc_a-reallocr.o) (memmove)
/Applications/ArmGNUToolchain/13.2.Rel1/arm-none-eabi/bin/../lib/gcc/arm-none-eabi/13.2.1/../../../../arm-none-eabi/lib/thumb/v6-m/nofp/libg.a(libc_a-impure.o)
                              /Applications/ArmGNUToolchain/13.2.Rel1/arm-none-eabi/bin/../lib/gcc/arm-none-eabi/13.2.1/../../../../arm-none-eabi/lib/thumb/v6-m/nofp/libg.a(libc_a-calloc.o) (_impure_ptr)
/Applications/ArmGNUToolchain/13.2.Rel1/arm-none-eabi/bin/../lib/gcc/arm-none-eabi/13.2.1/../../../../arm-none-eabi/lib/thumb/v6-m/nofp/libg.a(libc_a-sbrkr.o)
                              /Applications/ArmGNUToolchain/13.2.Rel1/arm-none-eabi/bin/../lib/gcc/arm-none-eabi/13.2.1/../../../../arm-none-eabi/lib/thumb/v6-m/nofp/libg.a(libc_a-mallocr.o) (_sbrk_r)
/Applications/ArmGNUToolchain/13.2.Rel1/arm-none-eabi/bin/../lib/gcc/arm-none-eabi/13.2.1/../../../../arm-none-eabi/lib/thumb/v6-m/nofp/libg.a(libc_a-errno.o)
                              /Applications/ArmGNUToolchain/13.2.Rel1/arm-none-eabi/bin/../lib/gcc/arm-none-eabi/13.2.1/../../../../arm-none-eabi/lib/thumb/v6-m/nofp/libg.a(libc_a-callocr.o) (__errno)
/Applications/ArmGNUToolchain/13.2.Rel1/arm-none-eabi/bin/../lib/gcc/arm-none-eabi/13.2.1/../../../../arm-none-eabi/lib/thumb/v6-m/nofp/libg.a(libc_a-sysconf.o)
                              /Applications/ArmGNUToolchain/13.2.Rel1/arm-none-eabi/bin/../lib/gcc/arm-none-eabi/13.2.1/../../../../arm-none-eabi/lib/thumb/v6-m/nofp/libg.a(libc_a-mallocr.o) (sysconf)
/Applications/ArmGNUToolchain/13.2.Rel1/arm-none-eabi/bin/../lib/gcc/arm-none-eabi/13.2.1/../../../../arm-none-eabi/lib/thumb/v6-m/nofp/libg.a(libc_a-init.o)
                              /Applications/ArmGNUToolchain/13.2.Rel1/arm-none-eabi/bin/../lib/gcc/arm-none-eabi/13.2.1/../../../../arm-none-eabi/lib/thumb/v6-m/nofp/crt0.o (__libc_init_array)
[...]
Memory Configuration

Name             Origin             Length             Attributes
FLASH            0x10000000         0x00200000         xr
RAM              0x20000000         0x00040000         xrw
SCRATCH_X        0x20040000         0x00001000         xrw
SCRATCH_Y        0x20041000         0x00001000         xrw
*default*        0x00000000         0xffffffff

Linker script and memory map

LOAD /Applications/ArmGNUToolchain/13.2.Rel1/arm-none-eabi/bin/../lib/gcc/arm-none-eabi/13.2.1/thumb/v6-m/nofp/crti.o
LOAD /Applications/ArmGNUToolchain/13.2.Rel1/arm-none-eabi/bin/../lib/gcc/arm-none-eabi/13.2.1/thumb/v6-m/nofp/crtbegin.o
LOAD /Applications/ArmGNUToolchain/13.2.Rel1/arm-none-eabi/bin/../lib/gcc/arm-none-eabi/13.2.1/../../../../arm-none-eabi/lib/thumb/v6-m/nofp/crt0.o

.flash_begin    0x10000000        0x0
                0x10000000                        __flash_binary_start = .

.boot2          0x10000000      0x100
                0x10000000                        __boot2_start__ = .
 *(.boot2)
 .boot2         0x10000000      0x100 /var/folders/fp/ywf1tgpd5mz5zj8d_sln6w080000gn/T//ccVhhrqv.o
                0x10000100                        __boot2_end__ = .
                0x00000001                        ASSERT (((__boot2_end__ - __boot2_start__) == 0x100), ERROR: Pico second stage bootloader must be 256 bytes in size)

.text           0x10000100     0x6d00
                0x10000100                        __logical_binary_start = .
 *(.vectors)
 .vectors       0x10000100       0xd4 CMakeFiles/adc.dir/Users/nickmarchuk/me433/2024/pico/pico-sdk/src/rp2_common/pico_standard_link/crt0.S.obj
                0x10000100                __VECTOR_TABLE
                0x10000100                __vectors
                0x100001c0                __default_isrs_start
                0x100001c0                isr_invalid
                0x100001c2                isr_nmi
                0x100001c4                isr_hardfault
                0x100001c6                isr_svcall
                0x100001c8                isr_pendsv
                0x100001ca                isr_systick
                0x100001cc                isr_irq28
                0x100001cc                isr_irq19
                0x100001cc                isr_irq0
                0x100001cc                isr_irq6
                0x100001cc                isr_irq22
                0x100001cc                isr_irq17
                0x100001cc                isr_irq14
                0x100001cc                isr_irq2
                0x100001cc                isr_irq10
                0x100001cc                isr_irq8
                0x100001cc                isr_irq24
                0x100001cc                isr_irq1
                0x100001cc                isr_irq7
                0x100001cc                isr_irq21
                0x100001cc                isr_irq20
                0x100001cc                isr_irq15
                0x100001cc                isr_irq25
                0x100001cc                isr_irq4
                0x100001cc                isr_irq16
                0x100001cc                isr_irq29
                0x100001cc                isr_irq26
                0x100001cc                __default_isrs_end
                0x100001cc                isr_irq3
                0x100001cc                isr_irq9
                0x100001cc                __unhandled_user_irq
                0x100001cc                isr_irq13
                0x100001cc                isr_irq27
                0x100001cc                isr_irq31
                0x100001cc                isr_irq5
                0x100001cc                isr_irq11
                0x100001cc                isr_irq23
                0x100001cc                isr_irq18
                0x100001cc                isr_irq30
                0x100001cc                isr_irq12
                0x100001d2                unhandled_user_irq_num_in_r0
 *(.binary_info_header)
 .binary_info_header
                0x100001d4       0x14 CMakeFiles/adc.dir/Users/nickmarchuk/me433/2024/pico/pico-sdk/src/rp2_common/pico_standard_link/crt0.S.obj
                0x100001e8                        __binary_info_header_end = .
 *(.reset)
 .reset         0x100001e8       0xa0 CMakeFiles/adc.dir/Users/nickmarchuk/me433/2024/pico/pico-sdk/src/rp2_common/pico_standard_link/crt0.S.obj
                0x100001e8                _entry_point
 .reset         0x10000288       0x30 CMakeFiles/adc.dir/Users/nickmarchuk/me433/2024/pico/pico-sdk/src/rp2_common/pico_standard_link/binary_info.c.obj
 *(.init)
 .init          0x100002b8        0x4 /Applications/ArmGNUToolchain/13.2.Rel1/arm-none-eabi/bin/../lib/gcc/arm-none-eabi/13.2.1/thumb/v6-m/nofp/crti.o
                0x100002b8                _init
 *(EXCLUDE_FILE(*libm.a: *libc.a:*lib_a-mem*.o *libgcc.a:) .text*)
 .text.register_tm_clones
                0x100002bc       0x28 /Applications/ArmGNUToolchain/13.2.Rel1/arm-none-eabi/bin/../lib/gcc/arm-none-eabi/13.2.1/thumb/v6-m/nofp/crtbegin.o
 .text.frame_dummy
                0x100002e4       0x24 /Applications/ArmGNUToolchain/13.2.Rel1/arm-none-eabi/bin/../lib/gcc/arm-none-eabi/13.2.1/thumb/v6-m/nofp/crtbegin.o
 .text.adc_gpio_init
                0x10000308       0x1e CMakeFiles/adc.dir/adc.c.obj
 *fill*         0x10000326        0x2 
 .text.main     0x10000328       0x78 CMakeFiles/adc.dir/adc.c.obj
                0x10000328                main
 .text.gpio_set_function
                0x100003a0       0x30 CMakeFiles/adc.dir/Users/nickmarchuk/me433/2024/pico/pico-sdk/src/rp2_common/hardware_gpio/gpio.c.obj
                0x100003a0                gpio_set_function
 .text.gpio_set_pulls
                0x100003d0       0x34 CMakeFiles/adc.dir/Users/nickmarchuk/me433/2024/pico/pico-sdk/src/rp2_common/hardware_gpio/gpio.c.obj
                0x100003d0                gpio_set_pulls
 .text.gpio_set_input_enabled
                0x10000404       0x30 CMakeFiles/adc.dir/Users/nickmarchuk/me433/2024/pico/pico-sdk/src/rp2_common/hardware_gpio/gpio.c.obj
                0x10000404                gpio_set_input_enabled
 .text.running_on_fpga
                0x10000434       0x14 CMakeFiles/adc.dir/Users/nickmarchuk/me433/2024/pico/pico-sdk/src/rp2_common/pico_platform/platform.c.obj
                0x10000434                running_on_fpga
 .text.hw_claim_lock
                0x10000448       0x18 CMakeFiles/adc.dir/Users/nickmarchuk/me433/2024/pico/pico-sdk/src/rp2_common/hardware_claim/claim.c.obj
                0x10000448                hw_claim_lock
 .text.hw_claim_unlock
                0x10000460       0x14 CMakeFiles/adc.dir/Users/nickmarchuk/me433/2024/pico/pico-sdk/src/rp2_common/hardware_claim/claim.c.obj
                0x10000460                hw_claim_unlock
 .text.hw_claim_or_assert
                0x10000474       0x32 CMakeFiles/adc.dir/Users/nickmarchuk/me433/2024/pico/pico-sdk/src/rp2_common/hardware_claim/claim.c.obj
                0x10000474                hw_claim_or_assert
 .text.hw_claim_unused_from_range
                0x100004a6       0x50 CMakeFiles/adc.dir/Users/nickmarchuk/me433/2024/pico/pico-sdk/src/rp2_common/hardware_claim/claim.c.obj
                0x100004a6                hw_claim_unused_from_range
 *fill*         0x100004f6        0x2 
 .text.spin_locks_reset
                0x100004f8       0x20 CMakeFiles/adc.dir/Users/nickmarchuk/me433/2024/pico/pico-sdk/src/rp2_common/hardware_sync/sync.c.obj
                0x100004f8                spin_locks_reset
 .text.next_striped_spin_lock_num
                0x10000518       0x1c CMakeFiles/adc.dir/Users/nickmarchuk/me433/2024/pico/pico-sdk/src/rp2_common/hardware_sync/sync.c.obj
                0x10000518                next_striped_spin_lock_num
 .text.spin_lock_claim_unused
                0x10000534       0x24 CMakeFiles/adc.dir/Users/nickmarchuk/me433/2024/pico/pico-sdk/src/rp2_common/hardware_sync/sync.c.obj
                0x10000534                spin_lock_claim_unused
 .text.set_raw_irq_handler_and_unlock
                0x10000558       0x28 CMakeFiles/adc.dir/Users/nickmarchuk/me433/2024/pico/pico-sdk/src/rp2_common/hardware_irq/irq.c.obj
 .text.resolve_branch
                0x10000580       0x30 CMakeFiles/adc.dir/Users/nickmarchuk/me433/2024/pico/pico-sdk/src/rp2_common/hardware_irq/irq.c.obj
 .text.make_branch
                0x100005b0       0x48 CMakeFiles/adc.dir/Users/nickmarchuk/me433/2024/pico/pico-sdk/src/rp2_common/hardware_irq/irq.c.obj
 .text.insert_branch_and_link
                0x100005f8       0x40 CMakeFiles/adc.dir/Users/nickmarchuk/me433/2024/pico/pico-sdk/src/rp2_common/hardware_irq/irq.c.obj
 .text.irq_is_enabled
                0x10000638       0x18 CMakeFiles/adc.dir/Users/nickmarchuk/me433/2024/pico/pico-sdk/src/rp2_common/hardware_irq/irq.c.obj
                0x10000638                irq_is_enabled
 .text.irq_set_mask_enabled
                0x10000650       0x20 CMakeFiles/adc.dir/Users/nickmarchuk/me433/2024/pico/pico-sdk/src/rp2_common/hardware_irq/irq.c.obj
                0x10000650                irq_set_mask_enabled
 .text.irq_set_enabled
                0x10000670        0xe CMakeFiles/adc.dir/Users/nickmarchuk/me433/2024/pico/pico-sdk/src/rp2_common/hardware_irq/irq.c.obj
                0x10000670                irq_set_enabled
 *fill*         0x1000067e        0x2 
 .text.irq_set_pending
                0x10000680       0x10 CMakeFiles/adc.dir/Users/nickmarchuk/me433/2024/pico/pico-sdk/src/rp2_common/hardware_irq/irq.c.obj
                0x10000680                irq_set_pending
 .text.irq_get_vtable_handler
                0x10000690       0x10 CMakeFiles/adc.dir/Users/nickmarchuk/me433/2024/pico/pico-sdk/src/rp2_common/hardware_irq/irq.c.obj
                0x10000690                irq_get_vtable_handler
 .text.irq_has_shared_handler
                0x100006a0       0x24 CMakeFiles/adc.dir/Users/nickmarchuk/me433/2024/pico/pico-sdk/src/rp2_common/hardware_irq/irq.c.obj
                0x100006a0                irq_has_shared_handler
 .text.irq_set_exclusive_handler
                0x100006c4       0x54 CMakeFiles/adc.dir/Users/nickmarchuk/me433/2024/pico/pico-sdk/src/rp2_common/hardware_irq/irq.c.obj
                0x100006c4                irq_set_exclusive_handler
 .text.irq_add_shared_handler
                0x10000718      0x210 CMakeFiles/adc.dir/Users/nickmarchuk/me433/2024/pico/pico-sdk/src/rp2_common/hardware_irq/irq.c.obj
                0x10000718                irq_add_shared_handler
 .text.irq_remove_handler
                0x10000928      0x188 CMakeFiles/adc.dir/Users/nickmarchuk/me433/2024/pico/pico-sdk/src/rp2_common/hardware_irq/irq.c.obj
                0x10000928                irq_remove_handler
 .text.irq_add_tail_to_free_list
                0x10000ab0       0xf0 CMakeFiles/adc.dir/Users/nickmarchuk/me433/2024/pico/pico-sdk/src/rp2_common/hardware_irq/irq.c.obj
                0x10000ab0                irq_add_tail_to_free_list
 .text.irq_init_priorities
                0x10000ba0       0x1c CMakeFiles/adc.dir/Users/nickmarchuk/me433/2024/pico/pico-sdk/src/rp2_common/hardware_irq/irq.c.obj
                0x10000ba0                irq_init_priorities
 .text.user_irq_claim_unused
                0x10000bbc       0x2c CMakeFiles/adc.dir/Users/nickmarchuk/me433/2024/pico/pico-sdk/src/rp2_common/hardware_irq/irq.c.obj
                0x10000bbc                user_irq_claim_unused
 .text.lock_init
                0x10000be8       0x10 CMakeFiles/adc.dir/Users/nickmarchuk/me433/2024/pico/pico-sdk/src/common/pico_sync/lock_core.c.obj
                0x10000be8                lock_init
 .text.update_us_since_boot
                0x10000bf8       0x24 CMakeFiles/adc.dir/Users/nickmarchuk/me433/2024/pico/pico-sdk/src/common/pico_sync/mutex.c.obj
 .text.delayed_by_ms
                0x10000c1c       0x44 CMakeFiles/adc.dir/Users/nickmarchuk/me433/2024/pico/pico-sdk/src/common/pico_sync/mutex.c.obj
 .text.get_absolute_time
                0x10000c60       0x22 CMakeFiles/adc.dir/Users/nickmarchuk/me433/2024/pico/pico-sdk/src/common/pico_sync/mutex.c.obj
 .text.make_timeout_time_ms
                0x10000c82       0x20 CMakeFiles/adc.dir/Users/nickmarchuk/me433/2024/pico/pico-sdk/src/common/pico_sync/mutex.c.obj
 .text.mutex_init
                0x10000ca2       0x1a CMakeFiles/adc.dir/Users/nickmarchuk/me433/2024/pico/pico-sdk/src/common/pico_sync/mutex.c.obj
                0x10000ca2                mutex_init
 .text.recursive_mutex_init
                0x10000cbc       0x1e CMakeFiles/adc.dir/Users/nickmarchuk/me433/2024/pico/pico-sdk/src/common/pico_sync/mutex.c.obj
                0x10000cbc                recursive_mutex_init
 *fill*         0x10000cda        0x2 
 .text.critical_section_init_with_lock_num
                0x10000cdc       0x14 CMakeFiles/adc.dir/Users/nickmarchuk/me433/2024/pico/pico-sdk/src/common/pico_sync/critical_section.c.obj
                0x10000cdc                critical_section_init_with_lock_num
 .text.critical_section_init
                0x10000cf0       0x14 CMakeFiles/adc.dir/Users/nickmarchuk/me433/2024/pico/pico-sdk/src/common/pico_sync/critical_section.c.obj
                0x10000cf0                critical_section_init
 .text.time_reached
                0x10000d04       0x28 CMakeFiles/adc.dir/Users/nickmarchuk/me433/2024/pico/pico-sdk/src/common/pico_time/time.c.obj
 .text.get_entry
                0x10000d2c       0x38 CMakeFiles/adc.dir/Users/nickmarchuk/me433/2024/pico/pico-sdk/src/common/pico_time/time.c.obj
 .text.timer_pool_entry_comparator
                0x10000d64       0x2e CMakeFiles/adc.dir/Users/nickmarchuk/me433/2024/pico/pico-sdk/src/common/pico_time/time.c.obj
                0x10000d64                timer_pool_entry_comparator
 *fill*         0x10000d92        0x2 
 .text.update_us_since_boot
                0x10000d94       0x24 CMakeFiles/adc.dir/Users/nickmarchuk/me433/2024/pico/pico-sdk/src/common/pico_time/time.c.obj
 .text.delayed_by_us
                0x10000db8       0x34 CMakeFiles/adc.dir/Users/nickmarchuk/me433/2024/pico/pico-sdk/src/common/pico_time/time.c.obj
 .text.ph_get_node
                0x10000dec       0x30 CMakeFiles/adc.dir/Users/nickmarchuk/me433/2024/pico/pico-sdk/src/common/pico_time/time.c.obj
 .text.ph_contains_node
                0x10000e1c       0x1e CMakeFiles/adc.dir/Users/nickmarchuk/me433/2024/pico/pico-sdk/src/common/pico_time/time.c.obj
 .text.ph_new_node
                0x10000e3a       0x28 CMakeFiles/adc.dir/Users/nickmarchuk/me433/2024/pico/pico-sdk/src/common/pico_time/time.c.obj
 *fill*         0x10000e62        0x2 
 .text.ph_add_child_node
                0x10000e64       0x6c CMakeFiles/adc.dir/Users/nickmarchuk/me433/2024/pico/pico-sdk/src/common/pico_time/time.c.obj
 .text.ph_merge_nodes
                0x10000ed0       0x3e CMakeFiles/adc.dir/Users/nickmarchuk/me433/2024/pico/pico-sdk/src/common/pico_time/time.c.obj
 *fill*         0x10000f0e        0x2 
 .text.ph_insert_node
                0x10000f10       0x3c CMakeFiles/adc.dir/Users/nickmarchuk/me433/2024/pico/pico-sdk/src/common/pico_time/time.c.obj
 .text.ph_free_node
                0x10000f4c       0x5c CMakeFiles/adc.dir/Users/nickmarchuk/me433/2024/pico/pico-sdk/src/common/pico_time/time.c.obj
 .text.get_entry_id_high
                0x10000fa8       0x30 CMakeFiles/adc.dir/Users/nickmarchuk/me433/2024/pico/pico-sdk/src/common/pico_time/time.c.obj
 .text.alarm_pool_post_alloc_init
                0x10000fd8       0x40 CMakeFiles/adc.dir/Users/nickmarchuk/me433/2024/pico/pico-sdk/src/common/pico_time/time.c.obj
 .text.sleep_until_callback
                0x10001018       0x30 CMakeFiles/adc.dir/Users/nickmarchuk/me433/2024/pico/pico-sdk/src/common/pico_time/time.c.obj
 .text.get_absolute_time
                0x10001048       0x22 CMakeFiles/adc.dir/Users/nickmarchuk/me433/2024/pico/pico-sdk/src/common/pico_time/time.c.obj
 .text.make_timeout_time_us
                0x1000106a       0x24 CMakeFiles/adc.dir/Users/nickmarchuk/me433/2024/pico/pico-sdk/src/common/pico_time/time.c.obj
 *fill*         0x1000108e        0x2 
 .text.add_alarm_under_lock
                0x10001090       0x94 CMakeFiles/adc.dir/Users/nickmarchuk/me433/2024/pico/pico-sdk/src/common/pico_time/time.c.obj
 .text.alarm_pool_alarm_callback
                0x10001124      0x210 CMakeFiles/adc.dir/Users/nickmarchuk/me433/2024/pico/pico-sdk/src/common/pico_time/time.c.obj
 .text.alarm_pool_init_default
                0x10001334       0x40 CMakeFiles/adc.dir/Users/nickmarchuk/me433/2024/pico/pico-sdk/src/common/pico_time/time.c.obj
                0x10001334                alarm_pool_init_default
 .text.alarm_pool_get_default
                0x10001374       0x2c CMakeFiles/adc.dir/Users/nickmarchuk/me433/2024/pico/pico-sdk/src/common/pico_time/time.c.obj
                0x10001374                alarm_pool_get_default
 .text.alarm_pool_add_alarm_at
                0x100013a0      0x10e CMakeFiles/adc.dir/Users/nickmarchuk/me433/2024/pico/pico-sdk/src/common/pico_time/time.c.obj
                0x100013a0                alarm_pool_add_alarm_at
 .text.add_alarm_at
                0x100014ae       0x2e CMakeFiles/adc.dir/Users/nickmarchuk/me433/2024/pico/pico-sdk/src/common/pico_time/time.c.obj
 .text.alarm_pool_cancel_alarm
                0x100014dc       0xa8 CMakeFiles/adc.dir/Users/nickmarchuk/me433/2024/pico/pico-sdk/src/common/pico_time/time.c.obj
                0x100014dc                alarm_pool_cancel_alarm
 .text.cancel_alarm
                0x10001584       0x10 CMakeFiles/adc.dir/Users/nickmarchuk/me433/2024/pico/pico-sdk/src/common/pico_time/time.c.obj
 .text.alarm_pool_core_num
                0x10001594        0x4 CMakeFiles/adc.dir/Users/nickmarchuk/me433/2024/pico/pico-sdk/src/common/pico_time/time.c.obj
                0x10001594                alarm_pool_core_num
 .text.sleep_until
                0x10001598       0xb0 CMakeFiles/adc.dir/Users/nickmarchuk/me433/2024/pico/pico-sdk/src/common/pico_time/time.c.obj
                0x10001598                sleep_until
 .text.sleep_us
                0x10001648       0x1a CMakeFiles/adc.dir/Users/nickmarchuk/me433/2024/pico/pico-sdk/src/common/pico_time/time.c.obj
                0x10001648                sleep_us
 .text.sleep_ms
                0x10001662       0x14 CMakeFiles/adc.dir/Users/nickmarchuk/me433/2024/pico/pico-sdk/src/common/pico_time/time.c.obj
                0x10001662                sleep_ms
 *fill*         0x10001676        0x2 
 .text.best_effort_wfe_or_timeout
                0x10001678       0x44 CMakeFiles/adc.dir/Users/nickmarchuk/me433/2024/pico/pico-sdk/src/common/pico_time/time.c.obj
                0x10001678                best_effort_wfe_or_timeout
 .text.hardware_alarm_irq_handler
                0x100016bc       0x8c CMakeFiles/adc.dir/Users/nickmarchuk/me433/2024/pico/pico-sdk/src/rp2_common/hardware_timer/timer.c.obj
 .text.hardware_alarm_claim
                0x10001748       0x18 CMakeFiles/adc.dir/Users/nickmarchuk/me433/2024/pico/pico-sdk/src/rp2_common/hardware_timer/timer.c.obj
                0x10001748                hardware_alarm_claim
 .text.time_us_64
                0x10001760       0x18 CMakeFiles/adc.dir/Users/nickmarchuk/me433/2024/pico/pico-sdk/src/rp2_common/hardware_timer/timer.c.obj
                0x10001760                time_us_64
 .text.busy_wait_until
                0x10001778       0x28 CMakeFiles/adc.dir/Users/nickmarchuk/me433/2024/pico/pico-sdk/src/rp2_common/hardware_timer/timer.c.obj
                0x10001778                busy_wait_until
 .text.hardware_alarm_set_callback
                0x100017a0       0x90 CMakeFiles/adc.dir/Users/nickmarchuk/me433/2024/pico/pico-sdk/src/rp2_common/hardware_timer/timer.c.obj
                0x100017a0                hardware_alarm_set_callback
 .text.hardware_alarm_set_target
                0x10001830       0xe8 CMakeFiles/adc.dir/Users/nickmarchuk/me433/2024/pico/pico-sdk/src/rp2_common/hardware_timer/timer.c.obj
                0x10001830                hardware_alarm_set_target
 .text.hardware_alarm_cancel
                0x10001918       0x40 CMakeFiles/adc.dir/Users/nickmarchuk/me433/2024/pico/pico-sdk/src/rp2_common/hardware_timer/timer.c.obj
                0x10001918                hardware_alarm_cancel
 .text.ph_get_node
                0x10001958       0x30 CMakeFiles/adc.dir/Users/nickmarchuk/me433/2024/pico/pico-sdk/src/common/pico_util/pheap.c.obj
 .text.ph_add_child_node
                0x10001988       0x6c CMakeFiles/adc.dir/Users/nickmarchuk/me433/2024/pico/pico-sdk/src/common/pico_util/pheap.c.obj
 .text.ph_merge_nodes
                0x100019f4       0x3e CMakeFiles/adc.dir/Users/nickmarchuk/me433/2024/pico/pico-sdk/src/common/pico_util/pheap.c.obj
 .text.ph_clear
                0x10001a32       0x34 CMakeFiles/adc.dir/Users/nickmarchuk/me433/2024/pico/pico-sdk/src/common/pico_util/pheap.c.obj
                0x10001a32                ph_clear
 .text.ph_post_alloc_init
                0x10001a66        0xe CMakeFiles/adc.dir/Users/nickmarchuk/me433/2024/pico/pico-sdk/src/common/pico_util/pheap.c.obj
                0x10001a66                ph_post_alloc_init
 .text.ph_merge_two_pass
                0x10001a74       0x5c CMakeFiles/adc.dir/Users/nickmarchuk/me433/2024/pico/pico-sdk/src/common/pico_util/pheap.c.obj
                0x10001a74                ph_merge_two_pass
 .text.ph_remove_any_head
                0x10001ad0       0xc0 CMakeFiles/adc.dir/Users/nickmarchuk/me433/2024/pico/pico-sdk/src/common/pico_util/pheap.c.obj
 .text.ph_remove_head
                0x10001b90       0x14 CMakeFiles/adc.dir/Users/nickmarchuk/me433/2024/pico/pico-sdk/src/common/pico_util/pheap.c.obj
                0x10001b90                ph_remove_head
 .text.ph_remove_and_free_node
                0x10001ba4       0xa0 CMakeFiles/adc.dir/Users/nickmarchuk/me433/2024/pico/pico-sdk/src/common/pico_util/pheap.c.obj
                0x10001ba4                ph_remove_and_free_node
 .text.clock_configure
                0x10001c44      0x108 CMakeFiles/adc.dir/Users/nickmarchuk/me433/2024/pico/pico-sdk/src/rp2_common/hardware_clocks/clocks.c.obj
                0x10001c44                clock_configure
 .text.clocks_init
                0x10001d4c      0x100 CMakeFiles/adc.dir/Users/nickmarchuk/me433/2024/pico/pico-sdk/src/rp2_common/hardware_clocks/clocks.c.obj
                0x10001d4c                clocks_init
 .text.pll_init
                0x10001e4c      0x120 CMakeFiles/adc.dir/Users/nickmarchuk/me433/2024/pico/pico-sdk/src/rp2_common/hardware_pll/pll.c.obj
                0x10001e4c                pll_init
 .text.watchdog_start_tick
                0x10001f6c       0x10 CMakeFiles/adc.dir/Users/nickmarchuk/me433/2024/pico/pico-sdk/src/rp2_common/hardware_watchdog/watchdog.c.obj
                0x10001f6c                watchdog_start_tick
 .text.watchdog_update
                0x10001f7c       0x14 CMakeFiles/adc.dir/Users/nickmarchuk/me433/2024/pico/pico-sdk/src/rp2_common/hardware_watchdog/watchdog.c.obj
                0x10001f7c                watchdog_update
 .text._watchdog_enable
                0x10001f90       0x78 CMakeFiles/adc.dir/Users/nickmarchuk/me433/2024/pico/pico-sdk/src/rp2_common/hardware_watchdog/watchdog.c.obj
                0x10001f90                _watchdog_enable
 .text.watchdog_reboot
                0x10002008       0x48 CMakeFiles/adc.dir/Users/nickmarchuk/me433/2024/pico/pico-sdk/src/rp2_common/hardware_watchdog/watchdog.c.obj
                0x10002008                watchdog_reboot
 .text.xosc_init
                0x10002050       0x28 CMakeFiles/adc.dir/Users/nickmarchuk/me433/2024/pico/pico-sdk/src/rp2_common/hardware_xosc/xosc.c.obj
                0x10002050                xosc_init
 .text._exit    0x10002078        0x4 CMakeFiles/adc.dir/Users/nickmarchuk/me433/2024/pico/pico-sdk/src/rp2_common/pico_runtime/runtime.c.obj
                0x10002078                _exit
 .text.exit     0x1000207c        0x6 CMakeFiles/adc.dir/Users/nickmarchuk/me433/2024/pico/pico-sdk/src/rp2_common/pico_runtime/runtime.c.obj
                0x1000207c                exit
 *fill*         0x10002082        0x2 
 .text.__assert_func
                0x10002084       0x38 CMakeFiles/adc.dir/Users/nickmarchuk/me433/2024/pico/pico-sdk/src/rp2_common/pico_runtime/runtime.c.obj
                0x10002084                __assert_func
 .text.runtime_init
                0x100020bc       0xf8 CMakeFiles/adc.dir/Users/nickmarchuk/me433/2024/pico/pico-sdk/src/rp2_common/pico_runtime/runtime.c.obj
                0x100020bc                runtime_init
 .text.panic    0x100021b4       0x30 CMakeFiles/adc.dir/Users/nickmarchuk/me433/2024/pico/pico-sdk/src/rp2_common/pico_runtime/runtime.c.obj
                0x100021b4                panic
 .text._out_null
                0x100021e4        0x2 CMakeFiles/adc.dir/Users/nickmarchuk/me433/2024/pico/pico-sdk/src/rp2_common/pico_printf/printf.c.obj
 .text._out_fct
                0x100021e6        0xe CMakeFiles/adc.dir/Users/nickmarchuk/me433/2024/pico/pico-sdk/src/rp2_common/pico_printf/printf.c.obj
 .text._atoi    0x100021f4       0x24 CMakeFiles/adc.dir/Users/nickmarchuk/me433/2024/pico/pico-sdk/src/rp2_common/pico_printf/printf.c.obj
 .text._out_rev
                0x10002218       0xae CMakeFiles/adc.dir/Users/nickmarchuk/me433/2024/pico/pico-sdk/src/rp2_common/pico_printf/printf.c.obj
 .text._ntoa_format
                0x100022c6      0x110 CMakeFiles/adc.dir/Users/nickmarchuk/me433/2024/pico/pico-sdk/src/rp2_common/pico_printf/printf.c.obj
 .text._ntoa_long
                0x100023d6       0xbc CMakeFiles/adc.dir/Users/nickmarchuk/me433/2024/pico/pico-sdk/src/rp2_common/pico_printf/printf.c.obj
 .text._ntoa_long_long
                0x10002492      0x10e CMakeFiles/adc.dir/Users/nickmarchuk/me433/2024/pico/pico-sdk/src/rp2_common/pico_printf/printf.c.obj
 .text._etoa    0x100025a0      0x420 CMakeFiles/adc.dir/Users/nickmarchuk/me433/2024/pico/pico-sdk/src/rp2_common/pico_printf/printf.c.obj
 .text._ftoa    0x100029c0      0x354 CMakeFiles/adc.dir/Users/nickmarchuk/me433/2024/pico/pico-sdk/src/rp2_common/pico_printf/printf.c.obj
 .text._vsnprintf
                0x10002d14      0x668 CMakeFiles/adc.dir/Users/nickmarchuk/me433/2024/pico/pico-sdk/src/rp2_common/pico_printf/printf.c.obj
 .text.vfctprintf
                0x1000337c       0x20 CMakeFiles/adc.dir/Users/nickmarchuk/me433/2024/pico/pico-sdk/src/rp2_common/pico_printf/printf.c.obj
                0x1000337c                vfctprintf
 .text          0x1000339c       0x10 CMakeFiles/adc.dir/Users/nickmarchuk/me433/2024/pico/pico-sdk/src/rp2_common/pico_bit_ops/bit_ops_aeabi.S.obj
 .text.rom_func_lookup
                0x100033ac       0x10 CMakeFiles/adc.dir/Users/nickmarchuk/me433/2024/pico/pico-sdk/src/rp2_common/pico_bootrom/bootrom.c.obj
                0x100033ac                rom_func_lookup
 .text.rom_data_lookup
                0x100033bc       0x10 CMakeFiles/adc.dir/Users/nickmarchuk/me433/2024/pico/pico-sdk/src/rp2_common/pico_bootrom/bootrom.c.obj
                0x100033bc                rom_data_lookup
 .text.rom_funcs_lookup
                0x100033cc       0x36 CMakeFiles/adc.dir/Users/nickmarchuk/me433/2024/pico/pico-sdk/src/rp2_common/pico_bootrom/bootrom.c.obj
                0x100033cc                rom_funcs_lookup
 *fill*         0x10003402        0x2 
 .text.__wrap___aeabi_idiv
                0x10003404       0x50 CMakeFiles/adc.dir/Users/nickmarchuk/me433/2024/pico/pico-sdk/src/rp2_common/pico_divider/divider.S.obj
                0x10003404                __wrap___aeabi_idivmod
                0x10003404                divmod_s32s32
                0x10003404                div_s32s32
                0x10003404                __wrap___aeabi_idiv
                0x1000340c                divmod_s32s32_unsafe
                0x10003438                divmod_s32s32_savestate
 .text.__wrap___aeabi_uidiv
                0x10003454       0x4c CMakeFiles/adc.dir/Users/nickmarchuk/me433/2024/pico/pico-sdk/src/rp2_common/pico_divider/divider.S.obj
                0x10003454                __wrap___aeabi_uidiv
                0x10003454                __wrap___aeabi_uidivmod
                0x10003454                div_u32u32
                0x10003454                divmod_u32u32
                0x1000345c                divmod_u32u32_unsafe
                0x10003484                divmod_u32u32_savestate
 .text.__wrap___aeabi_ldiv
                0x100034a0      0x424 CMakeFiles/adc.dir/Users/nickmarchuk/me433/2024/pico/pico-sdk/src/rp2_common/pico_divider/divider.S.obj
                0x100034a0                __wrap___aeabi_ldivmod
                0x100034a0                div_s64s64
                0x100034a0                divmod_s64s64
                0x100034d0                divmod_u64u64
                0x100034d0                div_u64u64
                0x100034d0                __wrap___aeabi_uldivmod
                0x100034e0                divmod_u64u64_savestate
                0x10003500                divmod_s64s64_unsafe
                0x10003588                divmod_u64u64_unsafe
 .text.__wrap___aeabi_darithmetic
                0x100038c4       0x80 CMakeFiles/adc.dir/Users/nickmarchuk/me433/2024/pico/pico-sdk/src/rp2_common/pico_double/double_aeabi.S.obj
                0x100038c4                __wrap___aeabi_drsub
                0x100038ca                __wrap___aeabi_dsub
                0x100038dc                __wrap___aeabi_dadd
                0x100038ee                __wrap___aeabi_ddiv
                0x1000392a                __wrap___aeabi_dmul
 .text.__wrap___aeabi_cdcmple
                0x10003944       0x6c CMakeFiles/adc.dir/Users/nickmarchuk/me433/2024/pico/pico-sdk/src/rp2_common/pico_double/double_aeabi.S.obj
                0x10003944                __wrap___aeabi_cdrcmple
                0x10003954                __wrap___aeabi_cdcmple
                0x10003954                __wrap___aeabi_cdcmpeq
 .text.__wrap___aeabi_dcmplt
                0x100039b0        0xc CMakeFiles/adc.dir/Users/nickmarchuk/me433/2024/pico/pico-sdk/src/rp2_common/pico_double/double_aeabi.S.obj
                0x100039b0                __wrap___aeabi_dcmplt
 .text.__wrap___aeabi_dcmple
                0x100039bc       0x10 CMakeFiles/adc.dir/Users/nickmarchuk/me433/2024/pico/pico-sdk/src/rp2_common/pico_double/double_aeabi.S.obj
                0x100039bc                __wrap___aeabi_dcmple
 .text.__wrap___aeabi_dcmpge
                0x100039cc       0x10 CMakeFiles/adc.dir/Users/nickmarchuk/me433/2024/pico/pico-sdk/src/rp2_common/pico_double/double_aeabi.S.obj
                0x100039cc                __wrap___aeabi_dcmpge
 .text.__wrap___aeabi_dcmpgt
                0x100039dc        0xa CMakeFiles/adc.dir/Users/nickmarchuk/me433/2024/pico/pico-sdk/src/rp2_common/pico_double/double_aeabi.S.obj
                0x100039dc                __wrap___aeabi_dcmpgt
 .text.__wrap___aeabi_dcmpun
                0x100039e6       0x1c CMakeFiles/adc.dir/Users/nickmarchuk/me433/2024/pico/pico-sdk/src/rp2_common/pico_double/double_aeabi.S.obj
                0x100039e6                __wrap___aeabi_dcmpun
 *fill*         0x10003a02        0x2 
 .text.__wrap___aeabi_i2d
                0x10003a04       0x38 CMakeFiles/adc.dir/Users/nickmarchuk/me433/2024/pico/pico-sdk/src/rp2_common/pico_double/double_aeabi.S.obj
                0x10003a04                __wrap___aeabi_ui2d
                0x10003a0c                __wrap___aeabi_i2d
 .text.__wrap___aeabi_d2iz
                0x10003a3c       0x48 CMakeFiles/adc.dir/Users/nickmarchuk/me433/2024/pico/pico-sdk/src/rp2_common/pico_double/double_aeabi.S.obj
                0x10003a3c                __wrap___aeabi_d2iz
                0x10003a3c                double2int_z
 .text.__wrap___aeabi_d2uiz
                0x10003a84       0x18 CMakeFiles/adc.dir/Users/nickmarchuk/me433/2024/pico/pico-sdk/src/rp2_common/pico_double/double_aeabi.S.obj
                0x10003a84                double2uint
                0x10003a84                __wrap___aeabi_d2uiz
 .text.__aeabi_double_init
                0x10003a9c       0xcc CMakeFiles/adc.dir/Users/nickmarchuk/me433/2024/pico/pico-sdk/src/rp2_common/pico_double/double_init_rom.c.obj
                0x10003a9c                __aeabi_double_init
 .text.double_table_shim_on_use_helper
                0x10003b68       0x34 CMakeFiles/adc.dir/Users/nickmarchuk/me433/2024/pico/pico-sdk/src/rp2_common/pico_double/double_v1_rom_shim.S.obj
                0x10003b68                double_table_shim_on_use_helper
 .text.__wrap___aeabi_dsub
                0x10003b9c       0x10 CMakeFiles/adc.dir/Users/nickmarchuk/me433/2024/pico/pico-sdk/src/rp2_common/pico_double/double_v1_rom_shim.S.obj
                0x10003b9c                drsub_shim
                0x10003ba2                dsub_shim
 .text.dadd_shim
                0x10003bac      0x15c CMakeFiles/adc.dir/Users/nickmarchuk/me433/2024/pico/pico-sdk/src/rp2_common/pico_double/double_v1_rom_shim.S.obj
                0x10003bac                dadd_shim
 .text.dmul_shim
                0x10003d08      0x15c CMakeFiles/adc.dir/Users/nickmarchuk/me433/2024/pico/pico-sdk/src/rp2_common/pico_double/double_v1_rom_shim.S.obj
                0x10003d08                dmul_shim
 .text.ddiv_shim
                0x10003e64      0x1b0 CMakeFiles/adc.dir/Users/nickmarchuk/me433/2024/pico/pico-sdk/src/rp2_common/pico_double/double_v1_rom_shim.S.obj
                0x10003e64                ddiv_shim
 .text.double2uint_shim
                0x10004014        0xe CMakeFiles/adc.dir/Users/nickmarchuk/me433/2024/pico/pico-sdk/src/rp2_common/pico_double/double_v1_rom_shim.S.obj
                0x10004014                double2uint_shim
                0x10004016                double2ufix_shim
 *fill*         0x10004022        0x2 
 .text.double2uint64_shim
                0x10004024       0x70 CMakeFiles/adc.dir/Users/nickmarchuk/me433/2024/pico/pico-sdk/src/rp2_common/pico_double/double_v1_rom_shim.S.obj
                0x10004024                double2uint64_shim
                0x10004026                double2ufix64_shim
                0x10004046                d2fix_a
 .text.dunpacks
                0x10004094       0x3c CMakeFiles/adc.dir/Users/nickmarchuk/me433/2024/pico/pico-sdk/src/rp2_common/pico_double/double_v1_rom_shim.S.obj
                0x10004094                dunpacks
 .text.__aeabi_lmul
                0x100040d0       0x32 CMakeFiles/adc.dir/Users/nickmarchuk/me433/2024/pico/pico-sdk/src/rp2_common/pico_int64_ops/pico_int64_ops_aeabi.S.obj
                0x100040d0                __wrap___aeabi_lmul
 *fill*         0x10004102        0x2 
 .text.__wrap___aeabi_farithmetic
                0x10004104       0x58 CMakeFiles/adc.dir/Users/nickmarchuk/me433/2024/pico/pico-sdk/src/rp2_common/pico_float/float_aeabi.S.obj
                0x10004104                __wrap___aeabi_frsub
                0x1000410a                __wrap___aeabi_fsub
                0x10004114                __wrap___aeabi_fadd
                0x1000411e                __wrap___aeabi_fdiv
                0x1000414a                __wrap___aeabi_fmul
 .text.__wrap___aeabi_i2f
                0x1000415c       0x44 CMakeFiles/adc.dir/Users/nickmarchuk/me433/2024/pico/pico-sdk/src/rp2_common/pico_float/float_aeabi.S.obj
                0x1000415c                __wrap___aeabi_i2f
 .text.__wrap___aeabi_f2d
                0x100041a0       0x14 CMakeFiles/adc.dir/Users/nickmarchuk/me433/2024/pico/pico-sdk/src/rp2_common/pico_float/float_aeabi.S.obj
                0x100041a0                __wrap___aeabi_f2d
 .text.__aeabi_float_init
                0x100041b4       0xfc CMakeFiles/adc.dir/Users/nickmarchuk/me433/2024/pico/pico-sdk/src/rp2_common/pico_float/float_init_rom.c.obj
                0x100041b4                __aeabi_float_init
 .text.float_table_shim_on_use_helper
                0x100042b0       0x34 CMakeFiles/adc.dir/Users/nickmarchuk/me433/2024/pico/pico-sdk/src/rp2_common/pico_float/float_v1_rom_shim.S.obj
                0x100042b0                float_table_shim_on_use_helper
 .text.float2double_shim
                0x100042e4       0x30 CMakeFiles/adc.dir/Users/nickmarchuk/me433/2024/pico/pico-sdk/src/rp2_common/pico_float/float_v1_rom_shim.S.obj
                0x100042e4                float2double_shim
 .text          0x10004314       0x10 CMakeFiles/adc.dir/Users/nickmarchuk/me433/2024/pico/pico-sdk/src/rp2_common/pico_mem_ops/mem_ops_aeabi.S.obj
                0x10004314                __aeabi_mem_init
 .text.memset   0x10004324        0xc CMakeFiles/adc.dir/Users/nickmarchuk/me433/2024/pico/pico-sdk/src/rp2_common/pico_mem_ops/mem_ops_aeabi.S.obj
                0x10004324                __wrap_memset
 .text.memcpy   0x10004330        0xc CMakeFiles/adc.dir/Users/nickmarchuk/me433/2024/pico/pico-sdk/src/rp2_common/pico_mem_ops/mem_ops_aeabi.S.obj
                0x10004330                __wrap___aeabi_memcpy
                0x10004330                __wrap_memcpy
 .text.stdio_out_chars_no_crlf
                0x1000433c        0xe CMakeFiles/adc.dir/Users/nickmarchuk/me433/2024/pico/pico-sdk/src/rp2_common/pico_stdio/stdio.c.obj
 *fill*         0x1000434a        0x2 
 .text.stdio_out_chars_crlf
                0x1000434c       0x80 CMakeFiles/adc.dir/Users/nickmarchuk/me433/2024/pico/pico-sdk/src/rp2_common/pico_stdio/stdio.c.obj
 .text.stdio_stack_buffer_flush
                0x100043cc       0x44 CMakeFiles/adc.dir/Users/nickmarchuk/me433/2024/pico/pico-sdk/src/rp2_common/pico_stdio/stdio.c.obj
 .text.stdio_buffered_printer
                0x10004410       0x20 CMakeFiles/adc.dir/Users/nickmarchuk/me433/2024/pico/pico-sdk/src/rp2_common/pico_stdio/stdio.c.obj
 .text.update_us_since_boot
                0x10004430       0x24 CMakeFiles/adc.dir/Users/nickmarchuk/me433/2024/pico/pico-sdk/src/rp2_common/pico_stdio/stdio.c.obj
 .text.get_absolute_time
                0x10004454       0x22 CMakeFiles/adc.dir/Users/nickmarchuk/me433/2024/pico/pico-sdk/src/rp2_common/pico_stdio/stdio.c.obj
 *fill*         0x10004476        0x2 
 .text.delayed_by_ms
                0x10004478       0x44 CMakeFiles/adc.dir/Users/nickmarchuk/me433/2024/pico/pico-sdk/src/rp2_common/pico_stdio/stdio.c.obj
 .text.make_timeout_time_ms
                0x100044bc       0x20 CMakeFiles/adc.dir/Users/nickmarchuk/me433/2024/pico/pico-sdk/src/rp2_common/pico_stdio/stdio.c.obj
 .text.stdout_serialize_begin
                0x100044dc       0x20 CMakeFiles/adc.dir/Users/nickmarchuk/me433/2024/pico/pico-sdk/src/rp2_common/pico_stdio/stdio.c.obj
                0x100044dc                stdout_serialize_begin
 .text.stdout_serialize_end
                0x100044fc       0x10 CMakeFiles/adc.dir/Users/nickmarchuk/me433/2024/pico/pico-sdk/src/rp2_common/pico_stdio/stdio.c.obj
                0x100044fc                stdout_serialize_end
 .text.stdio_put_string
                0x1000450c       0x98 CMakeFiles/adc.dir/Users/nickmarchuk/me433/2024/pico/pico-sdk/src/rp2_common/pico_stdio/stdio.c.obj
 .text.stdio_set_driver_enabled
                0x100045a4       0x2c CMakeFiles/adc.dir/Users/nickmarchuk/me433/2024/pico/pico-sdk/src/rp2_common/pico_stdio/stdio.c.obj
                0x100045a4                stdio_set_driver_enabled
 .text.stdio_flush
                0x100045d0       0x20 CMakeFiles/adc.dir/Users/nickmarchuk/me433/2024/pico/pico-sdk/src/rp2_common/pico_stdio/stdio.c.obj
                0x100045d0                stdio_flush
 .text.__wrap_puts
                0x100045f0       0x1e CMakeFiles/adc.dir/Users/nickmarchuk/me433/2024/pico/pico-sdk/src/rp2_common/pico_stdio/stdio.c.obj
                0x100045f0                __wrap_puts
 *fill*         0x1000460e        0x2 
 .text.__wrap_vprintf
                0x10004610       0x40 CMakeFiles/adc.dir/Users/nickmarchuk/me433/2024/pico/pico-sdk/src/rp2_common/pico_stdio/stdio.c.obj
                0x10004610                __wrap_vprintf
 .text.__wrap_printf
                0x10004650       0x18 CMakeFiles/adc.dir/Users/nickmarchuk/me433/2024/pico/pico-sdk/src/rp2_common/pico_stdio/stdio.c.obj
                0x10004650                __wrap_printf
 .text.stdio_init_all
                0x10004668        0x8 CMakeFiles/adc.dir/Users/nickmarchuk/me433/2024/pico/pico-sdk/src/rp2_common/pico_stdio/stdio.c.obj
                0x10004668                stdio_init_all
 .text.resetd_init
                0x10004670        0x2 CMakeFiles/adc.dir/Users/nickmarchuk/me433/2024/pico/pico-sdk/src/rp2_common/pico_stdio_usb/reset_interface.c.obj
 *fill*         0x10004672        0x2 
 .text.resetd_reset
                0x10004674        0xc CMakeFiles/adc.dir/Users/nickmarchuk/me433/2024/pico/pico-sdk/src/rp2_common/pico_stdio_usb/reset_interface.c.obj
 .text.resetd_open
                0x10004680       0x34 CMakeFiles/adc.dir/Users/nickmarchuk/me433/2024/pico/pico-sdk/src/rp2_common/pico_stdio_usb/reset_interface.c.obj
 .text.resetd_xfer_cb
                0x100046b4        0x4 CMakeFiles/adc.dir/Users/nickmarchuk/me433/2024/pico/pico-sdk/src/rp2_common/pico_stdio_usb/reset_interface.c.obj
 .text.reset_usb_boot
                0x100046b8       0x18 CMakeFiles/adc.dir/Users/nickmarchuk/me433/2024/pico/pico-sdk/src/rp2_common/pico_stdio_usb/reset_interface.c.obj
 .text.resetd_control_xfer_cb
                0x100046d0       0x5c CMakeFiles/adc.dir/Users/nickmarchuk/me433/2024/pico/pico-sdk/src/rp2_common/pico_stdio_usb/reset_interface.c.obj
 .text.usbd_app_driver_get_cb
                0x1000472c        0xc CMakeFiles/adc.dir/Users/nickmarchuk/me433/2024/pico/pico-sdk/src/rp2_common/pico_stdio_usb/reset_interface.c.obj
                0x1000472c                usbd_app_driver_get_cb
 .text.tud_cdc_line_coding_cb
                0x10004738       0x28 CMakeFiles/adc.dir/Users/nickmarchuk/me433/2024/pico/pico-sdk/src/rp2_common/pico_stdio_usb/reset_interface.c.obj
                0x10004738                tud_cdc_line_coding_cb
 .text.stdio_usb_set_chars_available_callback
                0x10004760       0x14 CMakeFiles/adc.dir/Users/nickmarchuk/me433/2024/pico/pico-sdk/src/rp2_common/pico_stdio_usb/stdio_usb.c.obj
                0x10004760                stdio_usb_set_chars_available_callback
 .text.update_us_since_boot
                0x10004774       0x24 CMakeFiles/adc.dir/Users/nickmarchuk/me433/2024/pico/pico-sdk/src/rp2_common/pico_stdio_usb/stdio_usb.c.obj
 .text.get_absolute_time
                0x10004798       0x22 CMakeFiles/adc.dir/Users/nickmarchuk/me433/2024/pico/pico-sdk/src/rp2_common/pico_stdio_usb/stdio_usb.c.obj
 *fill*         0x100047ba        0x2 
 .text.delayed_by_ms
                0x100047bc       0x44 CMakeFiles/adc.dir/Users/nickmarchuk/me433/2024/pico/pico-sdk/src/rp2_common/pico_stdio_usb/stdio_usb.c.obj
 .text.make_timeout_time_ms
                0x10004800       0x20 CMakeFiles/adc.dir/Users/nickmarchuk/me433/2024/pico/pico-sdk/src/rp2_common/pico_stdio_usb/stdio_usb.c.obj
 .text.delayed_by_us
                0x10004820       0x34 CMakeFiles/adc.dir/Users/nickmarchuk/me433/2024/pico/pico-sdk/src/rp2_common/pico_stdio_usb/stdio_usb.c.obj
 .text.usb_irq  0x10004854       0x10 CMakeFiles/adc.dir/Users/nickmarchuk/me433/2024/pico/pico-sdk/src/rp2_common/pico_stdio_usb/stdio_usb.c.obj
 .text.critical_section_enter_blocking
                0x10004864       0x16 CMakeFiles/adc.dir/Users/nickmarchuk/me433/2024/pico/pico-sdk/src/rp2_common/pico_stdio_usb/stdio_usb.c.obj
 *fill*         0x1000487a        0x2 
 .text.timer_task
                0x1000487c       0x4c CMakeFiles/adc.dir/Users/nickmarchuk/me433/2024/pico/pico-sdk/src/rp2_common/pico_stdio_usb/stdio_usb.c.obj
 .text.alarm_pool_add_alarm_in_us
                0x100048c8       0x3a CMakeFiles/adc.dir/Users/nickmarchuk/me433/2024/pico/pico-sdk/src/rp2_common/pico_stdio_usb/stdio_usb.c.obj
 .text.add_alarm_in_us
                0x10004902       0x2e CMakeFiles/adc.dir/Users/nickmarchuk/me433/2024/pico/pico-sdk/src/rp2_common/pico_stdio_usb/stdio_usb.c.obj
 .text.low_priority_worker_irq
                0x10004930       0x7c CMakeFiles/adc.dir/Users/nickmarchuk/me433/2024/pico/pico-sdk/src/rp2_common/pico_stdio_usb/stdio_usb.c.obj
 .text.tud_cdc_rx_cb
                0x100049ac       0x20 CMakeFiles/adc.dir/Users/nickmarchuk/me433/2024/pico/pico-sdk/src/rp2_common/pico_stdio_usb/stdio_usb.c.obj
                0x100049ac                tud_cdc_rx_cb
 .text.stdio_usb_init
                0x100049cc       0xd0 CMakeFiles/adc.dir/Users/nickmarchuk/me433/2024/pico/pico-sdk/src/rp2_common/pico_stdio_usb/stdio_usb.c.obj
                0x100049cc                stdio_usb_init
 .text.stdio_usb_connected
                0x10004a9c        0xa CMakeFiles/adc.dir/Users/nickmarchuk/me433/2024/pico/pico-sdk/src/rp2_common/pico_stdio_usb/stdio_usb.c.obj
                0x10004a9c                stdio_usb_connected
 *fill*         0x10004aa6        0x2 
 .text.stdio_usb_in_chars
                0x10004aa8       0x88 CMakeFiles/adc.dir/Users/nickmarchuk/me433/2024/pico/pico-sdk/src/rp2_common/pico_stdio_usb/stdio_usb.c.obj
                0x10004aa8                stdio_usb_in_chars
 .text.stdio_usb_out_chars
                0x10004b30       0xd8 CMakeFiles/adc.dir/Users/nickmarchuk/me433/2024/pico/pico-sdk/src/rp2_common/pico_stdio_usb/stdio_usb.c.obj
 .text.tud_descriptor_device_cb
                0x10004c08        0x8 CMakeFiles/adc.dir/Users/nickmarchuk/me433/2024/pico/pico-sdk/src/rp2_common/pico_stdio_usb/stdio_usb_descriptors.c.obj
                0x10004c08                tud_descriptor_device_cb
 .text.tud_descriptor_configuration_cb
                0x10004c10        0x8 CMakeFiles/adc.dir/Users/nickmarchuk/me433/2024/pico/pico-sdk/src/rp2_common/pico_stdio_usb/stdio_usb_descriptors.c.obj
                0x10004c10                tud_descriptor_configuration_cb
 .text.tud_descriptor_string_cb
                0x10004c18       0x6c CMakeFiles/adc.dir/Users/nickmarchuk/me433/2024/pico/pico-sdk/src/rp2_common/pico_stdio_usb/stdio_usb_descriptors.c.obj
                0x10004c18                tud_descriptor_string_cb
 .text._retrieve_unique_id_on_boot
                0x10004c84       0x10 CMakeFiles/adc.dir/Users/nickmarchuk/me433/2024/pico/pico-sdk/src/rp2_common/pico_unique_id/unique_id.c.obj
 .text.pico_get_unique_board_id_string
                0x10004c94       0x5c CMakeFiles/adc.dir/Users/nickmarchuk/me433/2024/pico/pico-sdk/src/rp2_common/pico_unique_id/unique_id.c.obj
                0x10004c94                pico_get_unique_board_id_string
 .text.flash_get_unique_id
                0x10004cf0       0x40 CMakeFiles/adc.dir/Users/nickmarchuk/me433/2024/pico/pico-sdk/src/rp2_common/hardware_flash/flash.c.obj
                0x10004cf0                flash_get_unique_id
 .text.hw_endpoint_get_by_addr
                0x10004d30       0x18 CMakeFiles/adc.dir/Users/nickmarchuk/me433/2024/pico/pico-sdk/lib/tinyusb/src/portable/raspberrypi/rp2040/dcd_rp2040.c.obj
 .text._hw_endpoint_alloc
                0x10004d48       0x70 CMakeFiles/adc.dir/Users/nickmarchuk/me433/2024/pico/pico-sdk/lib/tinyusb/src/portable/raspberrypi/rp2040/dcd_rp2040.c.obj
 .text.hw_endpoint_init
                0x10004db8       0x88 CMakeFiles/adc.dir/Users/nickmarchuk/me433/2024/pico/pico-sdk/lib/tinyusb/src/portable/raspberrypi/rp2040/dcd_rp2040.c.obj
 .text.dcd_event_sof
                0x10004e40       0x2c CMakeFiles/adc.dir/Users/nickmarchuk/me433/2024/pico/pico-sdk/lib/tinyusb/src/portable/raspberrypi/rp2040/dcd_rp2040.c.obj
 .text.hw_endpoint_xfer
                0x10004e6c       0x14 CMakeFiles/adc.dir/Users/nickmarchuk/me433/2024/pico/pico-sdk/lib/tinyusb/src/portable/raspberrypi/rp2040/dcd_rp2040.c.obj
 .text.dcd_int_enable
                0x10004e80       0x2c CMakeFiles/adc.dir/Users/nickmarchuk/me433/2024/pico/pico-sdk/lib/tinyusb/src/portable/raspberrypi/rp2040/dcd_rp2040.c.obj
                0x10004e80                dcd_int_enable
 .text.dcd_set_address
                0x10004eac       0x2c CMakeFiles/adc.dir/Users/nickmarchuk/me433/2024/pico/pico-sdk/lib/tinyusb/src/portable/raspberrypi/rp2040/dcd_rp2040.c.obj
                0x10004eac                dcd_set_address
 .text.dcd_connect
                0x10004ed8       0x10 CMakeFiles/adc.dir/Users/nickmarchuk/me433/2024/pico/pico-sdk/lib/tinyusb/src/portable/raspberrypi/rp2040/dcd_rp2040.c.obj
                0x10004ed8                dcd_connect
 .text.dcd_init
                0x10004ee8       0x80 CMakeFiles/adc.dir/Users/nickmarchuk/me433/2024/pico/pico-sdk/lib/tinyusb/src/portable/raspberrypi/rp2040/dcd_rp2040.c.obj
                0x10004ee8                dcd_init
 .text.dcd_edpt0_status_complete
                0x10004f68       0x1c CMakeFiles/adc.dir/Users/nickmarchuk/me433/2024/pico/pico-sdk/lib/tinyusb/src/portable/raspberrypi/rp2040/dcd_rp2040.c.obj
                0x10004f68                dcd_edpt0_status_complete
 .text.dcd_edpt_open
                0x10004f84       0x40 CMakeFiles/adc.dir/Users/nickmarchuk/me433/2024/pico/pico-sdk/lib/tinyusb/src/portable/raspberrypi/rp2040/dcd_rp2040.c.obj
                0x10004f84                dcd_edpt_open
 .text.dcd_edpt_close_all
                0x10004fc4        0x8 CMakeFiles/adc.dir/Users/nickmarchuk/me433/2024/pico/pico-sdk/lib/tinyusb/src/portable/raspberrypi/rp2040/dcd_rp2040.c.obj
                0x10004fc4                dcd_edpt_close_all
 .text.dcd_edpt_xfer
                0x10004fcc       0x34 CMakeFiles/adc.dir/Users/nickmarchuk/me433/2024/pico/pico-sdk/lib/tinyusb/src/portable/raspberrypi/rp2040/dcd_rp2040.c.obj
                0x10004fcc                dcd_edpt_xfer
 .text.dcd_edpt_stall
                0x10005000       0x2c CMakeFiles/adc.dir/Users/nickmarchuk/me433/2024/pico/pico-sdk/lib/tinyusb/src/portable/raspberrypi/rp2040/dcd_rp2040.c.obj
                0x10005000                dcd_edpt_stall
 .text.dcd_edpt_clear_stall
                0x1000502c       0x20 CMakeFiles/adc.dir/Users/nickmarchuk/me433/2024/pico/pico-sdk/lib/tinyusb/src/portable/raspberrypi/rp2040/dcd_rp2040.c.obj
                0x1000502c                dcd_edpt_clear_stall
 .text.rp2040_usb_init
                0x1000504c       0x4c CMakeFiles/adc.dir/Users/nickmarchuk/me433/2024/pico/pico-sdk/lib/tinyusb/src/portable/raspberrypi/rp2040/rp2040_usb.c.obj
                0x1000504c                rp2040_usb_init
 .text.hw_endpoint_xfer_start
                0x10005098       0x50 CMakeFiles/adc.dir/Users/nickmarchuk/me433/2024/pico/pico-sdk/lib/tinyusb/src/portable/raspberrypi/rp2040/rp2040_usb.c.obj
                0x10005098                hw_endpoint_xfer_start
 .text.configuration_reset
                0x100050e8       0x84 CMakeFiles/adc.dir/Users/nickmarchuk/me433/2024/pico/pico-sdk/lib/tinyusb/src/device/usbd.c.obj
 .text.critical_section_enter_blocking
                0x1000516c       0x16 CMakeFiles/adc.dir/Users/nickmarchuk/me433/2024/pico/pico-sdk/lib/tinyusb/src/device/usbd.c.obj
 .text.usbd_reset
                0x10005182        0xc CMakeFiles/adc.dir/Users/nickmarchuk/me433/2024/pico/pico-sdk/lib/tinyusb/src/device/usbd.c.obj
 .text.invoke_class_control
                0x1000518e       0x1a CMakeFiles/adc.dir/Users/nickmarchuk/me433/2024/pico/pico-sdk/lib/tinyusb/src/device/usbd.c.obj
 .text.process_set_config
                0x100051a8      0x178 CMakeFiles/adc.dir/Users/nickmarchuk/me433/2024/pico/pico-sdk/lib/tinyusb/src/device/usbd.c.obj
 .text.process_get_descriptor
                0x10005320       0xdc CMakeFiles/adc.dir/Users/nickmarchuk/me433/2024/pico/pico-sdk/lib/tinyusb/src/device/usbd.c.obj
 .text.tud_mounted
                0x100053fc       0x10 CMakeFiles/adc.dir/Users/nickmarchuk/me433/2024/pico/pico-sdk/lib/tinyusb/src/device/usbd.c.obj
                0x100053fc                tud_mounted
 .text.tud_suspended
                0x1000540c       0x10 CMakeFiles/adc.dir/Users/nickmarchuk/me433/2024/pico/pico-sdk/lib/tinyusb/src/device/usbd.c.obj
                0x1000540c                tud_suspended
 .text.tud_inited
                0x1000541c       0x14 CMakeFiles/adc.dir/Users/nickmarchuk/me433/2024/pico/pico-sdk/lib/tinyusb/src/device/usbd.c.obj
                0x1000541c                tud_inited
 .text.tud_init
                0x10005430       0xcc CMakeFiles/adc.dir/Users/nickmarchuk/me433/2024/pico/pico-sdk/lib/tinyusb/src/device/usbd.c.obj
                0x10005430                tud_init
 .text.usbd_defer_func
                0x100054fc       0x2a CMakeFiles/adc.dir/Users/nickmarchuk/me433/2024/pico/pico-sdk/lib/tinyusb/src/device/usbd.c.obj
                0x100054fc                usbd_defer_func
 *fill*         0x10005526        0x2 
 .text.usbd_edpt_open
                0x10005528       0x34 CMakeFiles/adc.dir/Users/nickmarchuk/me433/2024/pico/pico-sdk/lib/tinyusb/src/device/usbd.c.obj
                0x10005528                usbd_edpt_open
 .text.usbd_open_edpt_pair
                0x1000555c       0x62 CMakeFiles/adc.dir/Users/nickmarchuk/me433/2024/pico/pico-sdk/lib/tinyusb/src/device/usbd.c.obj
                0x1000555c                usbd_open_edpt_pair
 *fill*         0x100055be        0x2 
 .text.usbd_edpt_claim
                0x100055c0       0x28 CMakeFiles/adc.dir/Users/nickmarchuk/me433/2024/pico/pico-sdk/lib/tinyusb/src/device/usbd.c.obj
                0x100055c0                usbd_edpt_claim
 .text.usbd_edpt_release
                0x100055e8       0x28 CMakeFiles/adc.dir/Users/nickmarchuk/me433/2024/pico/pico-sdk/lib/tinyusb/src/device/usbd.c.obj
                0x100055e8                usbd_edpt_release
 .text.usbd_edpt_xfer
                0x10005610       0x78 CMakeFiles/adc.dir/Users/nickmarchuk/me433/2024/pico/pico-sdk/lib/tinyusb/src/device/usbd.c.obj
                0x10005610                usbd_edpt_xfer
 .text.usbd_edpt_stall
                0x10005688       0x48 CMakeFiles/adc.dir/Users/nickmarchuk/me433/2024/pico/pico-sdk/lib/tinyusb/src/device/usbd.c.obj
                0x10005688                usbd_edpt_stall
 .text.usbd_edpt_clear_stall
                0x100056d0       0x48 CMakeFiles/adc.dir/Users/nickmarchuk/me433/2024/pico/pico-sdk/lib/tinyusb/src/device/usbd.c.obj
                0x100056d0                usbd_edpt_clear_stall
 .text.usbd_edpt_stalled
                0x10005718       0x1c CMakeFiles/adc.dir/Users/nickmarchuk/me433/2024/pico/pico-sdk/lib/tinyusb/src/device/usbd.c.obj
                0x10005718                usbd_edpt_stalled
 .text.process_control_request
                0x10005734      0x374 CMakeFiles/adc.dir/Users/nickmarchuk/me433/2024/pico/pico-sdk/lib/tinyusb/src/device/usbd.c.obj
 .text.tud_task_ext
                0x10005aa8      0x1a8 CMakeFiles/adc.dir/Users/nickmarchuk/me433/2024/pico/pico-sdk/lib/tinyusb/src/device/usbd.c.obj
                0x10005aa8                tud_task_ext
 .text._status_stage_xact
                0x10005c50       0x1a CMakeFiles/adc.dir/Users/nickmarchuk/me433/2024/pico/pico-sdk/lib/tinyusb/src/device/usbd_control.c.obj
 *fill*         0x10005c6a        0x2 
 .text._data_stage_xact
                0x10005c6c       0x58 CMakeFiles/adc.dir/Users/nickmarchuk/me433/2024/pico/pico-sdk/lib/tinyusb/src/device/usbd_control.c.obj
 .text.tud_control_status
                0x10005cc4       0x28 CMakeFiles/adc.dir/Users/nickmarchuk/me433/2024/pico/pico-sdk/lib/tinyusb/src/device/usbd_control.c.obj
                0x10005cc4                tud_control_status
 .text.tud_control_xfer
                0x10005cec       0x68 CMakeFiles/adc.dir/Users/nickmarchuk/me433/2024/pico/pico-sdk/lib/tinyusb/src/device/usbd_control.c.obj
                0x10005cec                tud_control_xfer
 .text.usbd_control_reset
                0x10005d54       0x14 CMakeFiles/adc.dir/Users/nickmarchuk/me433/2024/pico/pico-sdk/lib/tinyusb/src/device/usbd_control.c.obj
                0x10005d54                usbd_control_reset
 .text.usbd_control_set_complete_callback
                0x10005d68        0xc CMakeFiles/adc.dir/Users/nickmarchuk/me433/2024/pico/pico-sdk/lib/tinyusb/src/device/usbd_control.c.obj
                0x10005d68                usbd_control_set_complete_callback
 .text.usbd_control_set_request
                0x10005d74       0x1c CMakeFiles/adc.dir/Users/nickmarchuk/me433/2024/pico/pico-sdk/lib/tinyusb/src/device/usbd_control.c.obj
                0x10005d74                usbd_control_set_request
 .text.usbd_control_xfer_cb
                0x10005d90       0xbc CMakeFiles/adc.dir/Users/nickmarchuk/me433/2024/pico/pico-sdk/lib/tinyusb/src/device/usbd_control.c.obj
                0x10005d90                usbd_control_xfer_cb
 .text._prep_out_transaction
                0x10005e4c       0x4a CMakeFiles/adc.dir/Users/nickmarchuk/me433/2024/pico/pico-sdk/lib/tinyusb/src/class/cdc/cdc_device.c.obj
 *fill*         0x10005e96        0x2 
 .text.tud_cdc_n_connected
                0x10005e98       0x38 CMakeFiles/adc.dir/Users/nickmarchuk/me433/2024/pico/pico-sdk/lib/tinyusb/src/class/cdc/cdc_device.c.obj
                0x10005e98                tud_cdc_n_connected
 .text.tud_cdc_n_available
                0x10005ed0       0x18 CMakeFiles/adc.dir/Users/nickmarchuk/me433/2024/pico/pico-sdk/lib/tinyusb/src/class/cdc/cdc_device.c.obj
                0x10005ed0                tud_cdc_n_available
 .text.tud_cdc_n_read
                0x10005ee8       0x28 CMakeFiles/adc.dir/Users/nickmarchuk/me433/2024/pico/pico-sdk/lib/tinyusb/src/class/cdc/cdc_device.c.obj
                0x10005ee8                tud_cdc_n_read
 .text.tud_cdc_n_write_flush
                0x10005f10       0xb8 CMakeFiles/adc.dir/Users/nickmarchuk/me433/2024/pico/pico-sdk/lib/tinyusb/src/class/cdc/cdc_device.c.obj
                0x10005f10                tud_cdc_n_write_flush
 .text.tud_cdc_n_write
                0x10005fc8       0x38 CMakeFiles/adc.dir/Users/nickmarchuk/me433/2024/pico/pico-sdk/lib/tinyusb/src/class/cdc/cdc_device.c.obj
                0x10005fc8                tud_cdc_n_write
 .text.tud_cdc_n_write_available
                0x10006000       0x1c CMakeFiles/adc.dir/Users/nickmarchuk/me433/2024/pico/pico-sdk/lib/tinyusb/src/class/cdc/cdc_device.c.obj
                0x10006000                tud_cdc_n_write_available
 .text.cdcd_init
                0x1000601c       0xbc CMakeFiles/adc.dir/Users/nickmarchuk/me433/2024/pico/pico-sdk/lib/tinyusb/src/class/cdc/cdc_device.c.obj
                0x1000601c                cdcd_init
 .text.cdcd_reset
                0x100060d8       0x44 CMakeFiles/adc.dir/Users/nickmarchuk/me433/2024/pico/pico-sdk/lib/tinyusb/src/class/cdc/cdc_device.c.obj
                0x100060d8                cdcd_reset
 .text.cdcd_open
                0x1000611c       0xc4 CMakeFiles/adc.dir/Users/nickmarchuk/me433/2024/pico/pico-sdk/lib/tinyusb/src/class/cdc/cdc_device.c.obj
                0x1000611c                cdcd_open
 .text.cdcd_control_xfer_cb
                0x100061e0      0x134 CMakeFiles/adc.dir/Users/nickmarchuk/me433/2024/pico/pico-sdk/lib/tinyusb/src/class/cdc/cdc_device.c.obj
                0x100061e0                cdcd_control_xfer_cb
 .text.cdcd_xfer_cb
                0x10006314      0x130 CMakeFiles/adc.dir/Users/nickmarchuk/me433/2024/pico/pico-sdk/lib/tinyusb/src/class/cdc/cdc_device.c.obj
                0x10006314                cdcd_xfer_cb
 .text.tusb_init
                0x10006444        0xa CMakeFiles/adc.dir/Users/nickmarchuk/me433/2024/pico/pico-sdk/lib/tinyusb/src/tusb.c.obj
                0x10006444                tusb_init
 .text.tusb_inited
                0x1000644e        0xe CMakeFiles/adc.dir/Users/nickmarchuk/me433/2024/pico/pico-sdk/lib/tinyusb/src/tusb.c.obj
                0x1000644e                tusb_inited
 .text.tu_edpt_claim
                0x1000645c       0x50 CMakeFiles/adc.dir/Users/nickmarchuk/me433/2024/pico/pico-sdk/lib/tinyusb/src/tusb.c.obj
                0x1000645c                tu_edpt_claim
 .text.tu_edpt_release
                0x100064ac       0x38 CMakeFiles/adc.dir/Users/nickmarchuk/me433/2024/pico/pico-sdk/lib/tinyusb/src/tusb.c.obj
                0x100064ac                tu_edpt_release
 .text.tu_edpt_validate
                0x100064e4       0x78 CMakeFiles/adc.dir/Users/nickmarchuk/me433/2024/pico/pico-sdk/lib/tinyusb/src/tusb.c.obj
                0x100064e4                tu_edpt_validate
 .text.tu_edpt_bind_driver
                0x1000655c       0x26 CMakeFiles/adc.dir/Users/nickmarchuk/me433/2024/pico/pico-sdk/lib/tinyusb/src/tusb.c.obj
                0x1000655c                tu_edpt_bind_driver
 .text.advance_index
                0x10006582       0x1a CMakeFiles/adc.dir/Users/nickmarchuk/me433/2024/pico/pico-sdk/lib/tinyusb/src/common/tusb_fifo.c.obj
 .text._tu_fifo_peek
                0x1000659c       0x56 CMakeFiles/adc.dir/Users/nickmarchuk/me433/2024/pico/pico-sdk/lib/tinyusb/src/common/tusb_fifo.c.obj
 .text._ff_pull_const_addr
                0x100065f2       0x4c CMakeFiles/adc.dir/Users/nickmarchuk/me433/2024/pico/pico-sdk/lib/tinyusb/src/common/tusb_fifo.c.obj
 .text._ff_pull_n
                0x1000663e      0x110 CMakeFiles/adc.dir/Users/nickmarchuk/me433/2024/pico/pico-sdk/lib/tinyusb/src/common/tusb_fifo.c.obj
 .text._tu_fifo_peek_n
                0x1000674e       0x6a CMakeFiles/adc.dir/Users/nickmarchuk/me433/2024/pico/pico-sdk/lib/tinyusb/src/common/tusb_fifo.c.obj
 .text._tu_fifo_read_n
                0x100067b8       0x4e CMakeFiles/adc.dir/Users/nickmarchuk/me433/2024/pico/pico-sdk/lib/tinyusb/src/common/tusb_fifo.c.obj
 .text._ff_push_const_addr
                0x10006806       0x40 CMakeFiles/adc.dir/Users/nickmarchuk/me433/2024/pico/pico-sdk/lib/tinyusb/src/common/tusb_fifo.c.obj
 .text._ff_push_n
                0x10006846      0x10c CMakeFiles/adc.dir/Users/nickmarchuk/me433/2024/pico/pico-sdk/lib/tinyusb/src/common/tusb_fifo.c.obj
 .text._tu_fifo_write_n
                0x10006952       0xf0 CMakeFiles/adc.dir/Users/nickmarchuk/me433/2024/pico/pico-sdk/lib/tinyusb/src/common/tusb_fifo.c.obj
 .text.tu_fifo_config
                0x10006a42       0x7c CMakeFiles/adc.dir/Users/nickmarchuk/me433/2024/pico/pico-sdk/lib/tinyusb/src/common/tusb_fifo.c.obj
                0x10006a42                tu_fifo_config
 .text.tu_fifo_count
                0x10006abe       0x2a CMakeFiles/adc.dir/Users/nickmarchuk/me433/2024/pico/pico-sdk/lib/tinyusb/src/common/tusb_fifo.c.obj
                0x10006abe                tu_fifo_count
 .text.tu_fifo_empty
                0x10006ae8        0xe CMakeFiles/adc.dir/Users/nickmarchuk/me433/2024/pico/pico-sdk/lib/tinyusb/src/common/tusb_fifo.c.obj
                0x10006ae8                tu_fifo_empty
 .text.tu_fifo_full
                0x10006af6       0x28 CMakeFiles/adc.dir/Users/nickmarchuk/me433/2024/pico/pico-sdk/lib/tinyusb/src/common/tusb_fifo.c.obj
                0x10006af6                tu_fifo_full
 .text.tu_fifo_remaining
                0x10006b1e       0x2c CMakeFiles/adc.dir/Users/nickmarchuk/me433/2024/pico/pico-sdk/lib/tinyusb/src/common/tusb_fifo.c.obj
                0x10006b1e                tu_fifo_remaining
 .text.tu_fifo_read
                0x10006b4a       0x42 CMakeFiles/adc.dir/Users/nickmarchuk/me433/2024/pico/pico-sdk/lib/tinyusb/src/common/tusb_fifo.c.obj
                0x10006b4a                tu_fifo_read
 .text.tu_fifo_read_n
                0x10006b8c        0xa CMakeFiles/adc.dir/Users/nickmarchuk/me433/2024/pico/pico-sdk/lib/tinyusb/src/common/tusb_fifo.c.obj
                0x10006b8c                tu_fifo_read_n
 .text.tu_fifo_write
                0x10006b96       0x64 CMakeFiles/adc.dir/Users/nickmarchuk/me433/2024/pico/pico-sdk/lib/tinyusb/src/common/tusb_fifo.c.obj
                0x10006b96                tu_fifo_write
 .text.tu_fifo_write_n
                0x10006bfa        0xa CMakeFiles/adc.dir/Users/nickmarchuk/me433/2024/pico/pico-sdk/lib/tinyusb/src/common/tusb_fifo.c.obj
                0x10006bfa                tu_fifo_write_n
 .text.tu_fifo_clear
                0x10006c04       0x3e CMakeFiles/adc.dir/Users/nickmarchuk/me433/2024/pico/pico-sdk/lib/tinyusb/src/common/tusb_fifo.c.obj
                0x10006c04                tu_fifo_clear
 .text.tu_fifo_set_overwritable
                0x10006c42       0x46 CMakeFiles/adc.dir/Users/nickmarchuk/me433/2024/pico/pico-sdk/lib/tinyusb/src/common/tusb_fifo.c.obj
                0x10006c42                tu_fifo_set_overwritable
 .text.adc_init
                0x10006c88       0x34 CMakeFiles/adc.dir/Users/nickmarchuk/me433/2024/pico/pico-sdk/src/rp2_common/hardware_adc/adc.c.obj
                0x10006c88                adc_init
 .text.strlen   0x10006cbc       0x5c /Applications/ArmGNUToolchain/13.2.Rel1/arm-none-eabi/bin/../lib/gcc/arm-none-eabi/13.2.1/../../../../arm-none-eabi/lib/thumb/v6-m/nofp/libg.a(libc_a-strlen-stub.o)
                0x10006cbc                strlen
 *(.fini)
 .fini          0x10006d18        0x4 /Applications/ArmGNUToolchain/13.2.Rel1/arm-none-eabi/bin/../lib/gcc/arm-none-eabi/13.2.1/thumb/v6-m/nofp/crti.o
                0x10006d18                _fini
 *fill*         0x10006d1c        0x4 
 .fini.__stub   0x10006d20       0xe0 linker stubs
 *crtbegin.o(.ctors)
 *crtbegin?.o(.ctors)
 *(EXCLUDE_FILE(*crtend.o *crtend?.o) .ctors)
 *(SORT_BY_NAME(.ctors.*))
 *(.ctors)
 *crtbegin.o(.dtors)
 *crtbegin?.o(.dtors)
 *(EXCLUDE_FILE(*crtend.o *crtend?.o) .dtors)
 *(SORT_BY_NAME(.dtors.*))
 *(.dtors)
 *(.eh_frame*)
 .eh_frame      0x10006e00        0x0 /Applications/ArmGNUToolchain/13.2.Rel1/arm-none-eabi/bin/../lib/gcc/arm-none-eabi/13.2.1/thumb/v6-m/nofp/crtbegin.o
                0x10006e00                        . = ALIGN (0x4)

.glue_7         0x10006e00        0x0
 .glue_7        0x10006e00        0x0 linker stubs

.glue_7t        0x10006e00        0x0
 .glue_7t       0x10006e00        0x0 linker stubs

.vfp11_veneer   0x10006e00        0x0
 .vfp11_veneer  0x10006e00        0x0 linker stubs

.v4_bx          0x10006e00        0x0
 .v4_bx         0x10006e00        0x0 linker stubs

.iplt           0x10006e00        0x0
 .iplt          0x10006e00        0x0 /Applications/ArmGNUToolchain/13.2.Rel1/arm-none-eabi/bin/../lib/gcc/arm-none-eabi/13.2.1/thumb/v6-m/nofp/crtbegin.o

.rodata         0x10006e00     0x1660
 *(EXCLUDE_FILE(*libm.a: *libc.a:*lib_a-mem*.o *libgcc.a:) .rodata*)
 .rodata.main.str1.4
                0x10006e00      0xfb3 CMakeFiles/adc.dir/adc.c.obj
                                 0x42 (size before relaxing)
 .rodata.spin_lock_claim_unused.str1.4
                0x10007db3       0x1b CMakeFiles/adc.dir/Users/nickmarchuk/me433/2024/pico/pico-sdk/src/rp2_common/hardware_sync/sync.c.obj
 .rodata.resolve_branch.str1.4
                0x10007db3       0x66 CMakeFiles/adc.dir/Users/nickmarchuk/me433/2024/pico/pico-sdk/src/rp2_common/hardware_irq/irq.c.obj
 .rodata.make_branch.str1.4
                0x10007db3       0x30 CMakeFiles/adc.dir/Users/nickmarchuk/me433/2024/pico/pico-sdk/src/rp2_common/hardware_irq/irq.c.obj
 .rodata.insert_branch_and_link.str1.4
                0x10007db3       0x10 CMakeFiles/adc.dir/Users/nickmarchuk/me433/2024/pico/pico-sdk/src/rp2_common/hardware_irq/irq.c.obj
 .rodata.irq_set_exclusive_handler.str1.4
                0x10007db3       0x36 CMakeFiles/adc.dir/Users/nickmarchuk/me433/2024/pico/pico-sdk/src/rp2_common/hardware_irq/irq.c.obj
 .rodata.irq_add_shared_handler.str1.4
                0x10007db3       0xc2 CMakeFiles/adc.dir/Users/nickmarchuk/me433/2024/pico/pico-sdk/src/rp2_common/hardware_irq/irq.c.obj
 .rodata.irq_remove_handler.str1.4
                0x10007db3       0x3a CMakeFiles/adc.dir/Users/nickmarchuk/me433/2024/pico/pico-sdk/src/rp2_common/hardware_irq/irq.c.obj
 .rodata.irq_add_tail_to_free_list.str1.4
                0x10007db3       0x3a CMakeFiles/adc.dir/Users/nickmarchuk/me433/2024/pico/pico-sdk/src/rp2_common/hardware_irq/irq.c.obj
 .rodata.user_irq_claim_unused.str1.4
                0x10007db3       0x1b CMakeFiles/adc.dir/Users/nickmarchuk/me433/2024/pico/pico-sdk/src/rp2_common/hardware_irq/irq.c.obj
 *fill*         0x10007db3        0x1 
 .rodata.__func__.0
                0x10007db4       0x1a CMakeFiles/adc.dir/Users/nickmarchuk/me433/2024/pico/pico-sdk/src/rp2_common/hardware_irq/irq.c.obj
 *fill*         0x10007dce        0x2 
 .rodata.__func__.1
                0x10007dd0       0x17 CMakeFiles/adc.dir/Users/nickmarchuk/me433/2024/pico/pico-sdk/src/rp2_common/hardware_irq/irq.c.obj
 *fill*         0x10007de7        0x1 
 .rodata.__func__.2
                0x10007de8       0x13 CMakeFiles/adc.dir/Users/nickmarchuk/me433/2024/pico/pico-sdk/src/rp2_common/hardware_irq/irq.c.obj
 *fill*         0x10007dfb        0x1 
 .rodata.__func__.3
                0x10007dfc        0xc CMakeFiles/adc.dir/Users/nickmarchuk/me433/2024/pico/pico-sdk/src/rp2_common/hardware_irq/irq.c.obj
 .rodata.__func__.4
                0x10007e08        0xf CMakeFiles/adc.dir/Users/nickmarchuk/me433/2024/pico/pico-sdk/src/rp2_common/hardware_irq/irq.c.obj
 *fill*         0x10007e17        0x1 
 .rodata.__func__.5
                0x10007e18       0x17 CMakeFiles/adc.dir/Users/nickmarchuk/me433/2024/pico/pico-sdk/src/rp2_common/hardware_irq/irq.c.obj
 *fill*         0x10007e2f        0x1 
 .rodata.__func__.6
                0x10007e30       0x1a CMakeFiles/adc.dir/Users/nickmarchuk/me433/2024/pico/pico-sdk/src/rp2_common/hardware_irq/irq.c.obj
 .rodata.update_us_since_boot.str1.4
                0x10007e4a       0x72 CMakeFiles/adc.dir/Users/nickmarchuk/me433/2024/pico/pico-sdk/src/common/pico_sync/mutex.c.obj
 .rodata.str1.4
                0x10007e4a       0x9d CMakeFiles/adc.dir/Users/nickmarchuk/me433/2024/pico/pico-sdk/src/common/pico_sync/mutex.c.obj
 *fill*         0x10007e4a        0x2 
 .rodata.__func__.1
                0x10007e4c        0xb CMakeFiles/adc.dir/Users/nickmarchuk/me433/2024/pico/pico-sdk/src/common/pico_sync/mutex.c.obj
 *fill*         0x10007e57        0x1 
 .rodata.__func__.3
                0x10007e58       0x18 CMakeFiles/adc.dir/Users/nickmarchuk/me433/2024/pico/pico-sdk/src/common/pico_sync/mutex.c.obj
 .rodata.__func__.4
                0x10007e70       0x15 CMakeFiles/adc.dir/Users/nickmarchuk/me433/2024/pico/pico-sdk/src/common/pico_sync/mutex.c.obj
 .rodata.get_entry.str1.4
                0x10007e85       0x6c CMakeFiles/adc.dir/Users/nickmarchuk/me433/2024/pico/pico-sdk/src/common/pico_time/time.c.obj
 .rodata.update_us_since_boot.str1.4
                0x10007e85       0x72 CMakeFiles/adc.dir/Users/nickmarchuk/me433/2024/pico/pico-sdk/src/common/pico_time/time.c.obj
 .rodata.ph_get_node.str1.4
                0x10007e85       0x77 CMakeFiles/adc.dir/Users/nickmarchuk/me433/2024/pico/pico-sdk/src/common/pico_time/time.c.obj
 .rodata.ph_add_child_node.str1.4
                0x10007e85       0x2e CMakeFiles/adc.dir/Users/nickmarchuk/me433/2024/pico/pico-sdk/src/common/pico_time/time.c.obj
 .rodata.ph_insert_node.str1.4
                0x10007e85        0x3 CMakeFiles/adc.dir/Users/nickmarchuk/me433/2024/pico/pico-sdk/src/common/pico_time/time.c.obj
 .rodata.ph_free_node.str1.4
                0x10007e85       0x38 CMakeFiles/adc.dir/Users/nickmarchuk/me433/2024/pico/pico-sdk/src/common/pico_time/time.c.obj
 .rodata.add_alarm_under_lock.str1.4
                0x10007e85       0x28 CMakeFiles/adc.dir/Users/nickmarchuk/me433/2024/pico/pico-sdk/src/common/pico_time/time.c.obj
 .rodata.alarm_pool_alarm_callback.str1.4
                0x10007e85       0x60 CMakeFiles/adc.dir/Users/nickmarchuk/me433/2024/pico/pico-sdk/src/common/pico_time/time.c.obj
 .rodata.alarm_pool_get_default.str1.4
                0x10007e85       0x21 CMakeFiles/adc.dir/Users/nickmarchuk/me433/2024/pico/pico-sdk/src/common/pico_time/time.c.obj
 .rodata.alarm_pool_cancel_alarm.str1.4
                0x10007e85       0x27 CMakeFiles/adc.dir/Users/nickmarchuk/me433/2024/pico/pico-sdk/src/common/pico_time/time.c.obj
 .rodata.sleep_until.str1.4
                0x10007e85       0x4d CMakeFiles/adc.dir/Users/nickmarchuk/me433/2024/pico/pico-sdk/src/common/pico_time/time.c.obj
 *fill*         0x10007e85        0x3 
 .rodata.__func__.1
                0x10007e88       0x18 CMakeFiles/adc.dir/Users/nickmarchuk/me433/2024/pico/pico-sdk/src/common/pico_time/time.c.obj
 .rodata.__func__.3
                0x10007ea0       0x17 CMakeFiles/adc.dir/Users/nickmarchuk/me433/2024/pico/pico-sdk/src/common/pico_time/time.c.obj
 *fill*         0x10007eb7        0x1 
 .rodata.__func__.4
                0x10007eb8       0x12 CMakeFiles/adc.dir/Users/nickmarchuk/me433/2024/pico/pico-sdk/src/common/pico_time/time.c.obj
 *fill*         0x10007eca        0x2 
 .rodata.__func__.5
                0x10007ecc        0xd CMakeFiles/adc.dir/Users/nickmarchuk/me433/2024/pico/pico-sdk/src/common/pico_time/time.c.obj
 *fill*         0x10007ed9        0x3 
 .rodata.__func__.6
                0x10007edc       0x12 CMakeFiles/adc.dir/Users/nickmarchuk/me433/2024/pico/pico-sdk/src/common/pico_time/time.c.obj
 *fill*         0x10007eee        0x2 
 .rodata.__func__.7
                0x10007ef0        0xf CMakeFiles/adc.dir/Users/nickmarchuk/me433/2024/pico/pico-sdk/src/common/pico_time/time.c.obj
 *fill*         0x10007eff        0x1 
 .rodata.__func__.8
                0x10007f00        0xc CMakeFiles/adc.dir/Users/nickmarchuk/me433/2024/pico/pico-sdk/src/common/pico_time/time.c.obj
 .rodata.__func__.9
                0x10007f0c       0x15 CMakeFiles/adc.dir/Users/nickmarchuk/me433/2024/pico/pico-sdk/src/common/pico_time/time.c.obj
 *fill*         0x10007f21        0x3 
 .rodata.__func__.10
                0x10007f24       0x15 CMakeFiles/adc.dir/Users/nickmarchuk/me433/2024/pico/pico-sdk/src/common/pico_time/time.c.obj
 *fill*         0x10007f39        0x3 
 .rodata.__func__.11
                0x10007f3c       0x1a CMakeFiles/adc.dir/Users/nickmarchuk/me433/2024/pico/pico-sdk/src/common/pico_time/time.c.obj
 *fill*         0x10007f56        0x2 
 .rodata.__func__.12
                0x10007f58        0xa CMakeFiles/adc.dir/Users/nickmarchuk/me433/2024/pico/pico-sdk/src/common/pico_time/time.c.obj
 .rodata.hardware_alarm_claim.str1.4
                0x10007f62       0x22 CMakeFiles/adc.dir/Users/nickmarchuk/me433/2024/pico/pico-sdk/src/rp2_common/hardware_timer/timer.c.obj
 .rodata.hardware_alarm_set_target.str1.4
                0x10007f62       0x76 CMakeFiles/adc.dir/Users/nickmarchuk/me433/2024/pico/pico-sdk/src/rp2_common/hardware_timer/timer.c.obj
 *fill*         0x10007f62        0x2 
 .rodata.__func__.0
                0x10007f64       0x1a CMakeFiles/adc.dir/Users/nickmarchuk/me433/2024/pico/pico-sdk/src/rp2_common/hardware_timer/timer.c.obj
 .rodata.ph_get_node.str1.4
                0x10007f7e       0x77 CMakeFiles/adc.dir/Users/nickmarchuk/me433/2024/pico/pico-sdk/src/common/pico_util/pheap.c.obj
 .rodata.ph_add_child_node.str1.4
                0x10007f7e       0x2e CMakeFiles/adc.dir/Users/nickmarchuk/me433/2024/pico/pico-sdk/src/common/pico_util/pheap.c.obj
 .rodata.ph_remove_any_head.str1.4
                0x10007f7e       0xb4 CMakeFiles/adc.dir/Users/nickmarchuk/me433/2024/pico/pico-sdk/src/common/pico_util/pheap.c.obj
 .rodata.ph_remove_and_free_node.str1.4
                0x10007f7e       0x26 CMakeFiles/adc.dir/Users/nickmarchuk/me433/2024/pico/pico-sdk/src/common/pico_util/pheap.c.obj
 *fill*         0x10007f7e        0x2 
 .rodata.__func__.0
                0x10007f80       0x18 CMakeFiles/adc.dir/Users/nickmarchuk/me433/2024/pico/pico-sdk/src/common/pico_util/pheap.c.obj
 .rodata.__func__.1
                0x10007f98       0x13 CMakeFiles/adc.dir/Users/nickmarchuk/me433/2024/pico/pico-sdk/src/common/pico_util/pheap.c.obj
 *fill*         0x10007fab        0x1 
 .rodata.__func__.2
                0x10007fac       0x12 CMakeFiles/adc.dir/Users/nickmarchuk/me433/2024/pico/pico-sdk/src/common/pico_util/pheap.c.obj
 *fill*         0x10007fbe        0x2 
 .rodata.__func__.3
                0x10007fc0        0xc CMakeFiles/adc.dir/Users/nickmarchuk/me433/2024/pico/pico-sdk/src/common/pico_util/pheap.c.obj
 .rodata.clock_configure.str1.4
                0x10007fcc       0x68 CMakeFiles/adc.dir/Users/nickmarchuk/me433/2024/pico/pico-sdk/src/rp2_common/hardware_clocks/clocks.c.obj
 .rodata.__func__.1
                0x10007fcc       0x10 CMakeFiles/adc.dir/Users/nickmarchuk/me433/2024/pico/pico-sdk/src/rp2_common/hardware_clocks/clocks.c.obj
 .rodata.pll_init.str1.4
                0x10007fdc      0x134 CMakeFiles/adc.dir/Users/nickmarchuk/me433/2024/pico/pico-sdk/src/rp2_common/hardware_pll/pll.c.obj
 .rodata.__func__.0
                0x10007fdc        0x9 CMakeFiles/adc.dir/Users/nickmarchuk/me433/2024/pico/pico-sdk/src/rp2_common/hardware_pll/pll.c.obj
 .rodata.__assert_func.str1.4
                0x10007fe5       0x43 CMakeFiles/adc.dir/Users/nickmarchuk/me433/2024/pico/pico-sdk/src/rp2_common/pico_runtime/runtime.c.obj
 .rodata.runtime_init.str1.4
                0x10007fe5       0x72 CMakeFiles/adc.dir/Users/nickmarchuk/me433/2024/pico/pico-sdk/src/rp2_common/pico_runtime/runtime.c.obj
 .rodata.panic.str1.4
                0x10007fe5       0x12 CMakeFiles/adc.dir/Users/nickmarchuk/me433/2024/pico/pico-sdk/src/rp2_common/pico_runtime/runtime.c.obj
 *fill*         0x10007fe5        0x3 
 .rodata.__func__.2
                0x10007fe8        0xd CMakeFiles/adc.dir/Users/nickmarchuk/me433/2024/pico/pico-sdk/src/rp2_common/pico_runtime/runtime.c.obj
 .rodata._ftoa.str1.4
                0x10007ff5       0x15 CMakeFiles/adc.dir/Users/nickmarchuk/me433/2024/pico/pico-sdk/src/rp2_common/pico_printf/printf.c.obj
 *fill*         0x10007ff5        0x3 
 .rodata._vsnprintf
                0x10007ff8      0x19c CMakeFiles/adc.dir/Users/nickmarchuk/me433/2024/pico/pico-sdk/src/rp2_common/pico_printf/printf.c.obj
 *fill*         0x10008194        0x4 
 .rodata.pow10.0
                0x10008198       0x50 CMakeFiles/adc.dir/Users/nickmarchuk/me433/2024/pico/pico-sdk/src/rp2_common/pico_printf/printf.c.obj
 .rodata.__aeabi_double_init.str1.4
                0x100081e8       0xad CMakeFiles/adc.dir/Users/nickmarchuk/me433/2024/pico/pico-sdk/src/rp2_common/pico_double/double_init_rom.c.obj
 .rodata.__func__.0
                0x100081e8       0x14 CMakeFiles/adc.dir/Users/nickmarchuk/me433/2024/pico/pico-sdk/src/rp2_common/pico_double/double_init_rom.c.obj
 .rodata.__aeabi_float_init.str1.4
                0x100081fc       0x8f CMakeFiles/adc.dir/Users/nickmarchuk/me433/2024/pico/pico-sdk/src/rp2_common/pico_float/float_init_rom.c.obj
 .rodata.__func__.0
                0x100081fc       0x13 CMakeFiles/adc.dir/Users/nickmarchuk/me433/2024/pico/pico-sdk/src/rp2_common/pico_float/float_init_rom.c.obj
 .rodata.str1.4
                0x1000820f       0x38 CMakeFiles/adc.dir/Users/nickmarchuk/me433/2024/pico/pico-sdk/src/rp2_common/pico_standard_link/binary_info.c.obj
 *fill*         0x1000820f        0x1 
 .rodata.__bi_81
                0x10008210        0xc CMakeFiles/adc.dir/Users/nickmarchuk/me433/2024/pico/pico-sdk/src/rp2_common/pico_standard_link/binary_info.c.obj
 .rodata.__bi_75
                0x1000821c        0xc CMakeFiles/adc.dir/Users/nickmarchuk/me433/2024/pico/pico-sdk/src/rp2_common/pico_standard_link/binary_info.c.obj
 .rodata.__bi_44
                0x10008228        0xc CMakeFiles/adc.dir/Users/nickmarchuk/me433/2024/pico/pico-sdk/src/rp2_common/pico_standard_link/binary_info.c.obj
 .rodata.update_us_since_boot.str1.4
                0x10008234       0x72 CMakeFiles/adc.dir/Users/nickmarchuk/me433/2024/pico/pico-sdk/src/rp2_common/pico_stdio/stdio.c.obj
 .rodata.crlf_str.2
                0x10008234        0x2 CMakeFiles/adc.dir/Users/nickmarchuk/me433/2024/pico/pico-sdk/src/rp2_common/pico_stdio/stdio.c.obj
 *fill*         0x10008236        0x2 
 .rodata.__func__.3
                0x10008238       0x15 CMakeFiles/adc.dir/Users/nickmarchuk/me433/2024/pico/pico-sdk/src/rp2_common/pico_stdio/stdio.c.obj
 *fill*         0x1000824d        0x3 
 .rodata._resetd_driver
                0x10008250       0x18 CMakeFiles/adc.dir/Users/nickmarchuk/me433/2024/pico/pico-sdk/src/rp2_common/pico_stdio_usb/reset_interface.c.obj
 .rodata.update_us_since_boot.str1.4
                0x10008268       0x72 CMakeFiles/adc.dir/Users/nickmarchuk/me433/2024/pico/pico-sdk/src/rp2_common/pico_stdio_usb/stdio_usb.c.obj
 .rodata.stdio_usb_init.str1.4
                0x10008268       0x5e CMakeFiles/adc.dir/Users/nickmarchuk/me433/2024/pico/pico-sdk/src/rp2_common/pico_stdio_usb/stdio_usb.c.obj
 .rodata.str1.4
                0x10008268       0x13 CMakeFiles/adc.dir/Users/nickmarchuk/me433/2024/pico/pico-sdk/src/rp2_common/pico_stdio_usb/stdio_usb.c.obj
 .rodata.__bi_182.0
                0x10008268        0xc CMakeFiles/adc.dir/Users/nickmarchuk/me433/2024/pico/pico-sdk/src/rp2_common/pico_stdio_usb/stdio_usb.c.obj
 .rodata.__func__.1
                0x10008274        0xf CMakeFiles/adc.dir/Users/nickmarchuk/me433/2024/pico/pico-sdk/src/rp2_common/pico_stdio_usb/stdio_usb.c.obj
 *fill*         0x10008283        0x1 
 .rodata.__func__.3
                0x10008284       0x15 CMakeFiles/adc.dir/Users/nickmarchuk/me433/2024/pico/pico-sdk/src/rp2_common/pico_stdio_usb/stdio_usb.c.obj
 .rodata.str1.4
                0x10008299       0x2a CMakeFiles/adc.dir/Users/nickmarchuk/me433/2024/pico/pico-sdk/src/rp2_common/pico_stdio_usb/stdio_usb_descriptors.c.obj
 *fill*         0x10008299        0x3 
 .rodata.usbd_desc_str
                0x1000829c       0x18 CMakeFiles/adc.dir/Users/nickmarchuk/me433/2024/pico/pico-sdk/src/rp2_common/pico_stdio_usb/stdio_usb_descriptors.c.obj
 .rodata.usbd_desc_cfg
                0x100082b4       0x54 CMakeFiles/adc.dir/Users/nickmarchuk/me433/2024/pico/pico-sdk/src/rp2_common/pico_stdio_usb/stdio_usb_descriptors.c.obj
 .rodata.usbd_desc_device
                0x10008308       0x12 CMakeFiles/adc.dir/Users/nickmarchuk/me433/2024/pico/pico-sdk/src/rp2_common/pico_stdio_usb/stdio_usb_descriptors.c.obj
 .rodata.pico_get_unique_board_id_string.str1.4
                0x1000831a       0x5e CMakeFiles/adc.dir/Users/nickmarchuk/me433/2024/pico/pico-sdk/src/rp2_common/pico_unique_id/unique_id.c.obj
 *fill*         0x1000831a        0x2 
 .rodata.__func__.0
                0x1000831c       0x20 CMakeFiles/adc.dir/Users/nickmarchuk/me433/2024/pico/pico-sdk/src/rp2_common/pico_unique_id/unique_id.c.obj
 .rodata.str1.4
                0x1000833c      0x16a CMakeFiles/adc.dir/Users/nickmarchuk/me433/2024/pico/pico-sdk/src/rp2_common/hardware_flash/flash.c.obj
 .rodata.__func__.0
                0x1000833c        0xd CMakeFiles/adc.dir/Users/nickmarchuk/me433/2024/pico/pico-sdk/src/rp2_common/hardware_flash/flash.c.obj
 .rodata._hw_endpoint_alloc.str1.4
                0x10008349       0xc9 CMakeFiles/adc.dir/Users/nickmarchuk/me433/2024/pico/pico-sdk/lib/tinyusb/src/portable/raspberrypi/rp2040/dcd_rp2040.c.obj
 .rodata.str1.4
                0x10008349       0x14 CMakeFiles/adc.dir/Users/nickmarchuk/me433/2024/pico/pico-sdk/lib/tinyusb/src/portable/raspberrypi/rp2040/dcd_rp2040.c.obj
 .rodata.dcd_int_enable.str1.4
                0x10008349        0xc CMakeFiles/adc.dir/Users/nickmarchuk/me433/2024/pico/pico-sdk/lib/tinyusb/src/portable/raspberrypi/rp2040/dcd_rp2040.c.obj
 *fill*         0x10008349        0x3 
 .rodata.__func__.0
                0x1000834c        0xe CMakeFiles/adc.dir/Users/nickmarchuk/me433/2024/pico/pico-sdk/lib/tinyusb/src/portable/raspberrypi/rp2040/dcd_rp2040.c.obj
 *fill*         0x1000835a        0x2 
 .rodata.__func__.1
                0x1000835c        0xe CMakeFiles/adc.dir/Users/nickmarchuk/me433/2024/pico/pico-sdk/lib/tinyusb/src/portable/raspberrypi/rp2040/dcd_rp2040.c.obj
 *fill*         0x1000836a        0x2 
 .rodata.__func__.3
                0x1000836c       0x10 CMakeFiles/adc.dir/Users/nickmarchuk/me433/2024/pico/pico-sdk/lib/tinyusb/src/portable/raspberrypi/rp2040/dcd_rp2040.c.obj
 .rodata.__func__.5
                0x1000837c        0xf CMakeFiles/adc.dir/Users/nickmarchuk/me433/2024/pico/pico-sdk/lib/tinyusb/src/portable/raspberrypi/rp2040/dcd_rp2040.c.obj
 *fill*         0x1000838b        0x1 
 .rodata.__func__.6
                0x1000838c       0x13 CMakeFiles/adc.dir/Users/nickmarchuk/me433/2024/pico/pico-sdk/lib/tinyusb/src/portable/raspberrypi/rp2040/dcd_rp2040.c.obj
 *fill*         0x1000839f        0x1 
 .rodata.__func__.7
                0x100083a0        0x9 CMakeFiles/adc.dir/Users/nickmarchuk/me433/2024/pico/pico-sdk/lib/tinyusb/src/portable/raspberrypi/rp2040/dcd_rp2040.c.obj
 .rodata.str1.4
                0x100083a9       0xfb CMakeFiles/adc.dir/Users/nickmarchuk/me433/2024/pico/pico-sdk/lib/tinyusb/src/portable/raspberrypi/rp2040/rp2040_usb.c.obj
 *fill*         0x100083a9        0x3 
 .rodata.__func__.0
                0x100083ac        0xf CMakeFiles/adc.dir/Users/nickmarchuk/me433/2024/pico/pico-sdk/lib/tinyusb/src/portable/raspberrypi/rp2040/rp2040_usb.c.obj
 *fill*         0x100083bb        0x1 
 .rodata.process_get_descriptor
                0x100083bc       0x40 CMakeFiles/adc.dir/Users/nickmarchuk/me433/2024/pico/pico-sdk/lib/tinyusb/src/device/usbd.c.obj
 .rodata.process_control_request
                0x100083fc       0x28 CMakeFiles/adc.dir/Users/nickmarchuk/me433/2024/pico/pico-sdk/lib/tinyusb/src/device/usbd.c.obj
 .rodata.tud_task_ext
                0x10008424       0x24 CMakeFiles/adc.dir/Users/nickmarchuk/me433/2024/pico/pico-sdk/lib/tinyusb/src/device/usbd.c.obj
 .rodata._usbd_driver
                0x10008448       0x18 CMakeFiles/adc.dir/Users/nickmarchuk/me433/2024/pico/pico-sdk/lib/tinyusb/src/device/usbd.c.obj
                0x10008460                        . = ALIGN (0x4)
 *(SORT_BY_ALIGNMENT(SORT_BY_NAME(.flashdata*)))
                0x10008460                        . = ALIGN (0x4)

.ARM.extab
 *(.ARM.extab* .gnu.linkonce.armextab.*)
                0x10008460                        __exidx_start = .

.ARM.exidx
 *(.ARM.exidx* .gnu.linkonce.armexidx.*)
                0x10008460                        __exidx_end = .
                0x10008460                        . = ALIGN (0x4)
                0x10008460                        __binary_info_start = .

.binary_info    0x10008460       0x20
 *(.binary_info.keep.*)
 .binary_info.keep.__bi_ptr81
                0x10008460        0x4 CMakeFiles/adc.dir/Users/nickmarchuk/me433/2024/pico/pico-sdk/src/rp2_common/pico_standard_link/binary_info.c.obj
 .binary_info.keep.__bi_ptr75
                0x10008464        0x4 CMakeFiles/adc.dir/Users/nickmarchuk/me433/2024/pico/pico-sdk/src/rp2_common/pico_standard_link/binary_info.c.obj
 .binary_info.keep.__bi_ptr50
                0x10008468        0x4 CMakeFiles/adc.dir/Users/nickmarchuk/me433/2024/pico/pico-sdk/src/rp2_common/pico_standard_link/binary_info.c.obj
 .binary_info.keep.__bi_ptr44
                0x1000846c        0x4 CMakeFiles/adc.dir/Users/nickmarchuk/me433/2024/pico/pico-sdk/src/rp2_common/pico_standard_link/binary_info.c.obj
 .binary_info.keep.__bi_ptr38
                0x10008470        0x4 CMakeFiles/adc.dir/Users/nickmarchuk/me433/2024/pico/pico-sdk/src/rp2_common/pico_standard_link/binary_info.c.obj
 .binary_info.keep.__bi_ptr30
                0x10008474        0x4 CMakeFiles/adc.dir/Users/nickmarchuk/me433/2024/pico/pico-sdk/src/rp2_common/pico_standard_link/binary_info.c.obj
 .binary_info.keep.__bi_ptr22
                0x10008478        0x4 CMakeFiles/adc.dir/Users/nickmarchuk/me433/2024/pico/pico-sdk/src/rp2_common/pico_standard_link/binary_info.c.obj
 *(.binary_info.*)
 .binary_info.__bi_ptr182
                0x1000847c        0x4 CMakeFiles/adc.dir/Users/nickmarchuk/me433/2024/pico/pico-sdk/src/rp2_common/pico_stdio_usb/stdio_usb.c.obj
                0x10008480                        __binary_info_end = .

.rel.dyn        0x10008480        0x0
 .rel.iplt      0x10008480        0x0 /Applications/ArmGNUToolchain/13.2.Rel1/arm-none-eabi/bin/../lib/gcc/arm-none-eabi/13.2.1/thumb/v6-m/nofp/crtbegin.o
                0x10008480                        . = ALIGN (0x4)

.ram_vector_table
                0x20000000       0xc0
 *(.ram_vector_table)
 .ram_vector_table
                0x20000000       0xc0 CMakeFiles/adc.dir/Users/nickmarchuk/me433/2024/pico/pico-sdk/src/rp2_common/pico_runtime/runtime.c.obj
                0x20000000                ram_vector_table

.data           0x200000c0      0xb40 load address 0x10008480
                0x200000c0                        __data_start__ = .
 *(vtable)
 *(.time_critical*)
 .time_critical.mutex_try_enter
                0x200000c0       0x46 CMakeFiles/adc.dir/Users/nickmarchuk/me433/2024/pico/pico-sdk/src/common/pico_sync/mutex.c.obj
                0x200000c0                mutex_try_enter
 *fill*         0x20000106        0x2 
 .time_critical.mutex_enter_block_until
                0x20000108       0x8c CMakeFiles/adc.dir/Users/nickmarchuk/me433/2024/pico/pico-sdk/src/common/pico_sync/mutex.c.obj
                0x20000108                mutex_enter_block_until
 .time_critical.mutex_try_enter_block_until
                0x20000194       0x34 CMakeFiles/adc.dir/Users/nickmarchuk/me433/2024/pico/pico-sdk/src/common/pico_sync/mutex.c.obj
                0x20000194                mutex_try_enter_block_until
 .time_critical.mutex_enter_timeout_ms
                0x200001c8       0x1a CMakeFiles/adc.dir/Users/nickmarchuk/me433/2024/pico/pico-sdk/src/common/pico_sync/mutex.c.obj
                0x200001c8                mutex_enter_timeout_ms
 *fill*         0x200001e2        0x2 
 .time_critical.mutex_exit
                0x200001e4       0x4c CMakeFiles/adc.dir/Users/nickmarchuk/me433/2024/pico/pico-sdk/src/common/pico_sync/mutex.c.obj
                0x200001e4                mutex_exit
 .time_critical.flash_init_boot2_copyout
                0x20000230       0x30 CMakeFiles/adc.dir/Users/nickmarchuk/me433/2024/pico/pico-sdk/src/rp2_common/hardware_flash/flash.c.obj
 .time_critical.flash_enable_xip_via_boot2
                0x20000260        0xc CMakeFiles/adc.dir/Users/nickmarchuk/me433/2024/pico/pico-sdk/src/rp2_common/hardware_flash/flash.c.obj
 .time_critical.flash_cs_force
                0x2000026c       0x28 CMakeFiles/adc.dir/Users/nickmarchuk/me433/2024/pico/pico-sdk/src/rp2_common/hardware_flash/flash.c.obj
 .time_critical.flash_do_cmd
                0x20000294       0xd8 CMakeFiles/adc.dir/Users/nickmarchuk/me433/2024/pico/pico-sdk/src/rp2_common/hardware_flash/flash.c.obj
                0x20000294                flash_do_cmd
 .time_critical.reset_non_control_endpoints
                0x2000036c       0x40 CMakeFiles/adc.dir/Users/nickmarchuk/me433/2024/pico/pico-sdk/lib/tinyusb/src/portable/raspberrypi/rp2040/dcd_rp2040.c.obj
 .time_critical.hw_handle_buff_status
                0x200003ac       0xa4 CMakeFiles/adc.dir/Users/nickmarchuk/me433/2024/pico/pico-sdk/lib/tinyusb/src/portable/raspberrypi/rp2040/dcd_rp2040.c.obj
 .time_critical.dcd_rp2040_irq
                0x20000450      0x1b8 CMakeFiles/adc.dir/Users/nickmarchuk/me433/2024/pico/pico-sdk/lib/tinyusb/src/portable/raspberrypi/rp2040/dcd_rp2040.c.obj
 .time_critical.e15_is_bulkin_ep
                0x20000608       0x2c CMakeFiles/adc.dir/Users/nickmarchuk/me433/2024/pico/pico-sdk/lib/tinyusb/src/portable/raspberrypi/rp2040/rp2040_usb.c.obj
 .time_critical.e15_is_critical_frame_period
                0x20000634       0x30 CMakeFiles/adc.dir/Users/nickmarchuk/me433/2024/pico/pico-sdk/lib/tinyusb/src/portable/raspberrypi/rp2040/rp2040_usb.c.obj
 .time_critical.prepare_ep_buffer
                0x20000664       0x6c CMakeFiles/adc.dir/Users/nickmarchuk/me433/2024/pico/pico-sdk/lib/tinyusb/src/portable/raspberrypi/rp2040/rp2040_usb.c.obj
 .time_critical.sync_ep_buffer
                0x200006d0       0x7c CMakeFiles/adc.dir/Users/nickmarchuk/me433/2024/pico/pico-sdk/lib/tinyusb/src/portable/raspberrypi/rp2040/rp2040_usb.c.obj
 .time_critical._hw_endpoint_xfer_sync
                0x2000074c       0x28 CMakeFiles/adc.dir/Users/nickmarchuk/me433/2024/pico/pico-sdk/lib/tinyusb/src/portable/raspberrypi/rp2040/rp2040_usb.c.obj
 .time_critical.hw_endpoint_reset_transfer
                0x20000774        0xc CMakeFiles/adc.dir/Users/nickmarchuk/me433/2024/pico/pico-sdk/lib/tinyusb/src/portable/raspberrypi/rp2040/rp2040_usb.c.obj
                0x20000774                hw_endpoint_reset_transfer
 .time_critical._hw_endpoint_buffer_control_update32
                0x20000780       0x58 CMakeFiles/adc.dir/Users/nickmarchuk/me433/2024/pico/pico-sdk/lib/tinyusb/src/portable/raspberrypi/rp2040/rp2040_usb.c.obj
                0x20000780                _hw_endpoint_buffer_control_update32
 .time_critical.hw_endpoint_start_next_buffer
                0x200007d8       0x88 CMakeFiles/adc.dir/Users/nickmarchuk/me433/2024/pico/pico-sdk/lib/tinyusb/src/portable/raspberrypi/rp2040/rp2040_usb.c.obj
                0x200007d8                hw_endpoint_start_next_buffer
 .time_critical.hw_endpoint_xfer_continue
                0x20000860       0x50 CMakeFiles/adc.dir/Users/nickmarchuk/me433/2024/pico/pico-sdk/lib/tinyusb/src/portable/raspberrypi/rp2040/rp2040_usb.c.obj
                0x20000860                hw_endpoint_xfer_continue
 .time_critical.tinyusb
                0x200008b0      0x1ac CMakeFiles/adc.dir/Users/nickmarchuk/me433/2024/pico/pico-sdk/lib/tinyusb/src/device/usbd.c.obj
                0x200008b0                dcd_event_handler
 *(.text*)
 .text          0x20000a5c        0x4 /Applications/ArmGNUToolchain/13.2.Rel1/arm-none-eabi/bin/../lib/gcc/arm-none-eabi/13.2.1/thumb/v6-m/nofp/libgcc.a(_dvmd_tls.o)
                0x20000a5c                __aeabi_ldiv0
                0x20000a5c                __aeabi_idiv0
 .text.__stub   0x20000a60       0xa0 linker stubs
                0x20000b00                        . = ALIGN (0x4)
 *(.rodata*)
                0x20000b00                        . = ALIGN (0x4)
 *(.data*)
 .data.striped_spin_lock_num
                0x20000b00        0x1 CMakeFiles/adc.dir/Users/nickmarchuk/me433/2024/pico/pico-sdk/src/rp2_common/hardware_sync/sync.c.obj
 *fill*         0x20000b01        0x3 
 .data          0x20000b04       0x48 CMakeFiles/adc.dir/Users/nickmarchuk/me433/2024/pico/pico-sdk/src/rp2_common/hardware_irq/irq_handler_chain.S.obj
                0x20000b04                irq_handler_chain_slots
                0x20000b34                irq_handler_chain_first_slot
                0x20000b3e                irq_handler_chain_remove_tail
 .data.default_alarm_pool
                0x20000b4c       0x18 CMakeFiles/adc.dir/Users/nickmarchuk/me433/2024/pico/pico-sdk/src/common/pico_time/time.c.obj
 .data.default_alarm_pool_heap