Archive member included to satisfy reference by file (symbol)

/Applications/ArmGNUToolchain/13.2.Rel1/arm-none-eabi/bin/../lib/gcc/arm-none-eabi/13.2.1/thumb/v6-m/nofp/libgcc.a(_dvmd_tls.o)
                              CMakeFiles/blink.dir/Users/nickmarchuk/me433/2024/pico/pico-sdk/src/rp2_common/pico_divider/divider.S.obj (__aeabi_idiv0)
/Applications/ArmGNUToolchain/13.2.Rel1/arm-none-eabi/bin/../lib/gcc/arm-none-eabi/13.2.1/../../../../arm-none-eabi/lib/thumb/v6-m/nofp/libg.a(libc_a-calloc.o)
                              CMakeFiles/blink.dir/Users/nickmarchuk/me433/2024/pico/pico-sdk/src/rp2_common/pico_malloc/pico_malloc.c.obj (calloc)
/Applications/ArmGNUToolchain/13.2.Rel1/arm-none-eabi/bin/../lib/gcc/arm-none-eabi/13.2.1/../../../../arm-none-eabi/lib/thumb/v6-m/nofp/libg.a(libc_a-callocr.o)
                              /Applications/ArmGNUToolchain/13.2.Rel1/arm-none-eabi/bin/../lib/gcc/arm-none-eabi/13.2.1/../../../../arm-none-eabi/lib/thumb/v6-m/nofp/libg.a(libc_a-calloc.o) (_calloc_r)
/Applications/ArmGNUToolchain/13.2.Rel1/arm-none-eabi/bin/../lib/gcc/arm-none-eabi/13.2.1/../../../../arm-none-eabi/lib/thumb/v6-m/nofp/libg.a(libc_a-malloc.o)
                              CMakeFiles/blink.dir/Users/nickmarchuk/me433/2024/pico/pico-sdk/src/rp2_common/pico_malloc/pico_malloc.c.obj (malloc)
/Applications/ArmGNUToolchain/13.2.Rel1/arm-none-eabi/bin/../lib/gcc/arm-none-eabi/13.2.1/../../../../arm-none-eabi/lib/thumb/v6-m/nofp/libg.a(libc_a-mallocr.o)
                              /Applications/ArmGNUToolchain/13.2.Rel1/arm-none-eabi/bin/../lib/gcc/arm-none-eabi/13.2.1/../../../../arm-none-eabi/lib/thumb/v6-m/nofp/libg.a(libc_a-callocr.o) (_malloc_r)
/Applications/ArmGNUToolchain/13.2.Rel1/arm-none-eabi/bin/../lib/gcc/arm-none-eabi/13.2.1/../../../../arm-none-eabi/lib/thumb/v6-m/nofp/libg.a(libc_a-mlock.o)
                              /Applications/ArmGNUToolchain/13.2.Rel1/arm-none-eabi/bin/../lib/gcc/arm-none-eabi/13.2.1/../../../../arm-none-eabi/lib/thumb/v6-m/nofp/libg.a(libc_a-mallocr.o) (__malloc_lock)
/Applications/ArmGNUToolchain/13.2.Rel1/arm-none-eabi/bin/../lib/gcc/arm-none-eabi/13.2.1/../../../../arm-none-eabi/lib/thumb/v6-m/nofp/libg.a(libc_a-realloc.o)
                              CMakeFiles/blink.dir/Users/nickmarchuk/me433/2024/pico/pico-sdk/src/rp2_common/pico_malloc/pico_malloc.c.obj (realloc)
/Applications/ArmGNUToolchain/13.2.Rel1/arm-none-eabi/bin/../lib/gcc/arm-none-eabi/13.2.1/../../../../arm-none-eabi/lib/thumb/v6-m/nofp/libg.a(libc_a-scanf.o)
                              CMakeFiles/blink.dir/blink.c.obj (scanf)
/Applications/ArmGNUToolchain/13.2.Rel1/arm-none-eabi/bin/../lib/gcc/arm-none-eabi/13.2.1/../../../../arm-none-eabi/lib/thumb/v6-m/nofp/libg.a(libc_a-reallocr.o)
                              /Applications/ArmGNUToolchain/13.2.Rel1/arm-none-eabi/bin/../lib/gcc/arm-none-eabi/13.2.1/../../../../arm-none-eabi/lib/thumb/v6-m/nofp/libg.a(libc_a-realloc.o) (_realloc_r)
/Applications/ArmGNUToolchain/13.2.Rel1/arm-none-eabi/bin/../lib/gcc/arm-none-eabi/13.2.1/../../../../arm-none-eabi/lib/thumb/v6-m/nofp/libg.a(libc_a-memmove.o)
                              /Applications/ArmGNUToolchain/13.2.Rel1/arm-none-eabi/bin/../lib/gcc/arm-none-eabi/13.2.1/../../../../arm-none-eabi/lib/thumb/v6-m/nofp/libg.a(libc_a-reallocr.o) (memmove)
/Applications/ArmGNUToolchain/13.2.Rel1/arm-none-eabi/bin/../lib/gcc/arm-none-eabi/13.2.1/../../../../arm-none-eabi/lib/thumb/v6-m/nofp/libg.a(libc_a-impure.o)
                              /Applications/ArmGNUToolchain/13.2.Rel1/arm-none-eabi/bin/../lib/gcc/arm-none-eabi/13.2.1/../../../../arm-none-eabi/lib/thumb/v6-m/nofp/libg.a(libc_a-calloc.o) (_impure_ptr)
/Applications/ArmGNUToolchain/13.2.Rel1/arm-none-eabi/bin/../lib/gcc/arm-none-eabi/13.2.1/../../../../arm-none-eabi/lib/thumb/v6-m/nofp/libg.a(libc_a-sbrkr.o)
                              /Applications/ArmGNUToolchain/13.2.Rel1/arm-none-eabi/bin/../lib/gcc/arm-none-eabi/13.2.1/../../../../arm-none-eabi/lib/thumb/v6-m/nofp/libg.a(libc_a-mallocr.o) (_sbrk_r)
/Applications/ArmGNUToolchain/13.2.Rel1/arm-none-eabi/bin/../lib/gcc/arm-none-eabi/13.2.1/../../../../arm-none-eabi/lib/thumb/v6-m/nofp/libg.a(libc_a-errno.o)
                              /Applications/ArmGNUToolchain/13.2.Rel1/arm-none-eabi/bin/../lib/gcc/arm-none-eabi/13.2.1/../../../../arm-none-eabi/lib/thumb/v6-m/nofp/libg.a(libc_a-callocr.o) (__errno)
/Applications/ArmGNUToolchain/13.2.Rel1/arm-none-eabi/bin/../lib/gcc/arm-none-eabi/13.2.1/../../../../arm-none-eabi/lib/thumb/v6-m/nofp/libg.a(libc_a-sysconf.o)
                              /Applications/ArmGNUToolchain/13.2.Rel1/arm-none-eabi/bin/../lib/gcc/arm-none-eabi/13.2.1/../../../../arm-none-eabi/lib/thumb/v6-m/nofp/libg.a(libc_a-mallocr.o) (sysconf)
/Applications/ArmGNUToolchain/13.2.Rel1/arm-none-eabi/bin/../lib/gcc/arm-none-eabi/13.2.1/../../../../arm-none-eabi/lib/thumb/v6-m/nofp/libg.a(libc_a-init.o)
[...]
Memory Configuration

Name             Origin             Length             Attributes
FLASH            0x10000000         0x00200000         xr
RAM              0x20000000         0x00040000         xrw
SCRATCH_X        0x20040000         0x00001000         xrw
SCRATCH_Y        0x20041000         0x00001000         xrw
*default*        0x00000000         0xffffffff

Linker script and memory map

LOAD /Applications/ArmGNUToolchain/13.2.Rel1/arm-none-eabi/bin/../lib/gcc/arm-none-eabi/13.2.1/thumb/v6-m/nofp/crti.o
LOAD /Applications/ArmGNUToolchain/13.2.Rel1/arm-none-eabi/bin/../lib/gcc/arm-none-eabi/13.2.1/thumb/v6-m/nofp/crtbegin.o
LOAD /Applications/ArmGNUToolchain/13.2.Rel1/arm-none-eabi/bin/../lib/gcc/arm-none-eabi/13.2.1/../../../../arm-none-eabi/lib/thumb/v6-m/nofp/crt0.o

.flash_begin    0x10000000        0x0
                0x10000000                        __flash_binary_start = .

.boot2          0x10000000      0x100
                0x10000000                        __boot2_start__ = .
 *(.boot2)
 .boot2         0x10000000      0x100 /var/folders/fp/ywf1tgpd5mz5zj8d_sln6w080000gn/T//ccIJulSv.o
                0x10000100                        __boot2_end__ = .
                0x00000001                        ASSERT (((__boot2_end__ - __boot2_start__) == 0x100), ERROR: Pico second stage bootloader must be 256 bytes in size)

.text           0x10000100     0xcfb8
                0x10000100                        __logical_binary_start = .
 *(.vectors)
 .vectors       0x10000100       0xd4 CMakeFiles/blink.dir/Users/nickmarchuk/me433/2024/pico/pico-sdk/src/rp2_common/pico_standard_link/crt0.S.obj
                0x10000100                __VECTOR_TABLE
                0x10000100                __vectors
                0x100001c0                __default_isrs_start
                0x100001c0                isr_invalid
                0x100001c2                isr_nmi
                0x100001c4                isr_hardfault
                0x100001c6                isr_svcall
                0x100001c8                isr_pendsv
                0x100001ca                isr_systick
                0x100001cc                isr_irq28
                0x100001cc                isr_irq19
                0x100001cc                isr_irq0
                0x100001cc                isr_irq6
                0x100001cc                isr_irq22
                0x100001cc                isr_irq17
                0x100001cc                isr_irq14
                0x100001cc                isr_irq2
                0x100001cc                isr_irq10
                0x100001cc                isr_irq8
                0x100001cc                isr_irq24
                0x100001cc                isr_irq1
                0x100001cc                isr_irq7
                0x100001cc                isr_irq21
                0x100001cc                isr_irq20
                0x100001cc                isr_irq15
                0x100001cc                isr_irq25
                0x100001cc                isr_irq4
                0x100001cc                isr_irq16
                0x100001cc                isr_irq29
                0x100001cc                isr_irq26
                0x100001cc                __default_isrs_end
                0x100001cc                isr_irq3
                0x100001cc                isr_irq9
                0x100001cc                __unhandled_user_irq
                0x100001cc                isr_irq13
                0x100001cc                isr_irq27
                0x100001cc                isr_irq31
                0x100001cc                isr_irq5
                0x100001cc                isr_irq11
                0x100001cc                isr_irq23
                0x100001cc                isr_irq18
                0x100001cc                isr_irq30
                0x100001cc                isr_irq12
                0x100001d2                unhandled_user_irq_num_in_r0
 *(.binary_info_header)
 .binary_info_header
                0x100001d4       0x14 CMakeFiles/blink.dir/Users/nickmarchuk/me433/2024/pico/pico-sdk/src/rp2_common/pico_standard_link/crt0.S.obj
                0x100001e8                        __binary_info_header_end = .
 *(.reset)
 .reset         0x100001e8       0xa0 CMakeFiles/blink.dir/Users/nickmarchuk/me433/2024/pico/pico-sdk/src/rp2_common/pico_standard_link/crt0.S.obj
                0x100001e8                _entry_point
 .reset         0x10000288       0x30 CMakeFiles/blink.dir/Users/nickmarchuk/me433/2024/pico/pico-sdk/src/rp2_common/pico_standard_link/binary_info.c.obj
 *(.init)
 .init          0x100002b8        0x4 /Applications/ArmGNUToolchain/13.2.Rel1/arm-none-eabi/bin/../lib/gcc/arm-none-eabi/13.2.1/thumb/v6-m/nofp/crti.o
                0x100002b8                _init
 *(EXCLUDE_FILE(*libm.a: *libc.a:*lib_a-mem*.o *libgcc.a:) .text*)
 .text.register_tm_clones
                0x100002bc       0x28 /Applications/ArmGNUToolchain/13.2.Rel1/arm-none-eabi/bin/../lib/gcc/arm-none-eabi/13.2.1/thumb/v6-m/nofp/crtbegin.o
 .text.frame_dummy
                0x100002e4       0x24 /Applications/ArmGNUToolchain/13.2.Rel1/arm-none-eabi/bin/../lib/gcc/arm-none-eabi/13.2.1/thumb/v6-m/nofp/crtbegin.o
 .text.adc_gpio_init
                0x10000308       0x1e CMakeFiles/blink.dir/blink.c.obj
 *fill*         0x10000326        0x2 
 .text.main     0x10000328       0x88 CMakeFiles/blink.dir/blink.c.obj
                0x10000328                main
 .text.gpio_set_function
                0x100003b0       0x30 CMakeFiles/blink.dir/Users/nickmarchuk/me433/2024/pico/pico-sdk/src/rp2_common/hardware_gpio/gpio.c.obj
                0x100003b0                gpio_set_function
 .text.gpio_set_pulls
                0x100003e0       0x34 CMakeFiles/blink.dir/Users/nickmarchuk/me433/2024/pico/pico-sdk/src/rp2_common/hardware_gpio/gpio.c.obj
                0x100003e0                gpio_set_pulls
 .text.gpio_set_input_enabled
                0x10000414       0x30 CMakeFiles/blink.dir/Users/nickmarchuk/me433/2024/pico/pico-sdk/src/rp2_common/hardware_gpio/gpio.c.obj
                0x10000414                gpio_set_input_enabled
 .text.running_on_fpga
                0x10000444       0x14 CMakeFiles/blink.dir/Users/nickmarchuk/me433/2024/pico/pico-sdk/src/rp2_common/pico_platform/platform.c.obj
                0x10000444                running_on_fpga
 .text.hw_claim_lock
                0x10000458       0x18 CMakeFiles/blink.dir/Users/nickmarchuk/me433/2024/pico/pico-sdk/src/rp2_common/hardware_claim/claim.c.obj
                0x10000458                hw_claim_lock
 .text.hw_claim_unlock
                0x10000470       0x14 CMakeFiles/blink.dir/Users/nickmarchuk/me433/2024/pico/pico-sdk/src/rp2_common/hardware_claim/claim.c.obj
                0x10000470                hw_claim_unlock
 .text.hw_claim_or_assert
                0x10000484       0x32 CMakeFiles/blink.dir/Users/nickmarchuk/me433/2024/pico/pico-sdk/src/rp2_common/hardware_claim/claim.c.obj
                0x10000484                hw_claim_or_assert
 .text.hw_claim_unused_from_range
                0x100004b6       0x50 CMakeFiles/blink.dir/Users/nickmarchuk/me433/2024/pico/pico-sdk/src/rp2_common/hardware_claim/claim.c.obj
                0x100004b6                hw_claim_unused_from_range
 *fill*         0x10000506        0x2 
 .text.spin_locks_reset
                0x10000508       0x20 CMakeFiles/blink.dir/Users/nickmarchuk/me433/2024/pico/pico-sdk/src/rp2_common/hardware_sync/sync.c.obj
                0x10000508                spin_locks_reset
 .text.next_striped_spin_lock_num
                0x10000528       0x1c CMakeFiles/blink.dir/Users/nickmarchuk/me433/2024/pico/pico-sdk/src/rp2_common/hardware_sync/sync.c.obj
                0x10000528                next_striped_spin_lock_num
 .text.spin_lock_claim_unused
                0x10000544       0x24 CMakeFiles/blink.dir/Users/nickmarchuk/me433/2024/pico/pico-sdk/src/rp2_common/hardware_sync/sync.c.obj
                0x10000544                spin_lock_claim_unused
 .text.set_raw_irq_handler_and_unlock
                0x10000568       0x28 CMakeFiles/blink.dir/Users/nickmarchuk/me433/2024/pico/pico-sdk/src/rp2_common/hardware_irq/irq.c.obj
 .text.resolve_branch
                0x10000590       0x30 CMakeFiles/blink.dir/Users/nickmarchuk/me433/2024/pico/pico-sdk/src/rp2_common/hardware_irq/irq.c.obj
 .text.make_branch
                0x100005c0       0x48 CMakeFiles/blink.dir/Users/nickmarchuk/me433/2024/pico/pico-sdk/src/rp2_common/hardware_irq/irq.c.obj
 .text.insert_branch_and_link
                0x10000608       0x40 CMakeFiles/blink.dir/Users/nickmarchuk/me433/2024/pico/pico-sdk/src/rp2_common/hardware_irq/irq.c.obj
 .text.irq_is_enabled
                0x10000648       0x18 CMakeFiles/blink.dir/Users/nickmarchuk/me433/2024/pico/pico-sdk/src/rp2_common/hardware_irq/irq.c.obj
                0x10000648                irq_is_enabled
 .text.irq_set_mask_enabled
                0x10000660       0x20 CMakeFiles/blink.dir/Users/nickmarchuk/me433/2024/pico/pico-sdk/src/rp2_common/hardware_irq/irq.c.obj
                0x10000660                irq_set_mask_enabled
 .text.irq_set_enabled
                0x10000680        0xe CMakeFiles/blink.dir/Users/nickmarchuk/me433/2024/pico/pico-sdk/src/rp2_common/hardware_irq/irq.c.obj
                0x10000680                irq_set_enabled
 *fill*         0x1000068e        0x2 
 .text.irq_set_pending
                0x10000690       0x10 CMakeFiles/blink.dir/Users/nickmarchuk/me433/2024/pico/pico-sdk/src/rp2_common/hardware_irq/irq.c.obj
                0x10000690                irq_set_pending
 .text.irq_get_vtable_handler
                0x100006a0       0x10 CMakeFiles/blink.dir/Users/nickmarchuk/me433/2024/pico/pico-sdk/src/rp2_common/hardware_irq/irq.c.obj
                0x100006a0                irq_get_vtable_handler
 .text.irq_has_shared_handler
                0x100006b0       0x24 CMakeFiles/blink.dir/Users/nickmarchuk/me433/2024/pico/pico-sdk/src/rp2_common/hardware_irq/irq.c.obj
                0x100006b0                irq_has_shared_handler
 .text.irq_set_exclusive_handler
                0x100006d4       0x54 CMakeFiles/blink.dir/Users/nickmarchuk/me433/2024/pico/pico-sdk/src/rp2_common/hardware_irq/irq.c.obj
                0x100006d4                irq_set_exclusive_handler
 .text.irq_add_shared_handler
                0x10000728      0x210 CMakeFiles/blink.dir/Users/nickmarchuk/me433/2024/pico/pico-sdk/src/rp2_common/hardware_irq/irq.c.obj
                0x10000728                irq_add_shared_handler
 .text.irq_remove_handler
                0x10000938      0x188 CMakeFiles/blink.dir/Users/nickmarchuk/me433/2024/pico/pico-sdk/src/rp2_common/hardware_irq/irq.c.obj
                0x10000938                irq_remove_handler
 .text.irq_add_tail_to_free_list
                0x10000ac0       0xf0 CMakeFiles/blink.dir/Users/nickmarchuk/me433/2024/pico/pico-sdk/src/rp2_common/hardware_irq/irq.c.obj
                0x10000ac0                irq_add_tail_to_free_list
 .text.irq_init_priorities
                0x10000bb0       0x1c CMakeFiles/blink.dir/Users/nickmarchuk/me433/2024/pico/pico-sdk/src/rp2_common/hardware_irq/irq.c.obj
                0x10000bb0                irq_init_priorities
 .text.user_irq_claim_unused
                0x10000bcc       0x2c CMakeFiles/blink.dir/Users/nickmarchuk/me433/2024/pico/pico-sdk/src/rp2_common/hardware_irq/irq.c.obj
                0x10000bcc                user_irq_claim_unused
 .text.lock_init
                0x10000bf8       0x10 CMakeFiles/blink.dir/Users/nickmarchuk/me433/2024/pico/pico-sdk/src/common/pico_sync/lock_core.c.obj
                0x10000bf8                lock_init
 .text.update_us_since_boot
                0x10000c08       0x24 CMakeFiles/blink.dir/Users/nickmarchuk/me433/2024/pico/pico-sdk/src/common/pico_sync/mutex.c.obj
 .text.delayed_by_ms
                0x10000c2c       0x44 CMakeFiles/blink.dir/Users/nickmarchuk/me433/2024/pico/pico-sdk/src/common/pico_sync/mutex.c.obj
 .text.get_absolute_time
                0x10000c70       0x22 CMakeFiles/blink.dir/Users/nickmarchuk/me433/2024/pico/pico-sdk/src/common/pico_sync/mutex.c.obj
 .text.make_timeout_time_ms
                0x10000c92       0x20 CMakeFiles/blink.dir/Users/nickmarchuk/me433/2024/pico/pico-sdk/src/common/pico_sync/mutex.c.obj
 .text.mutex_init
                0x10000cb2       0x1a CMakeFiles/blink.dir/Users/nickmarchuk/me433/2024/pico/pico-sdk/src/common/pico_sync/mutex.c.obj
                0x10000cb2                mutex_init
 .text.recursive_mutex_init
                0x10000ccc       0x1e CMakeFiles/blink.dir/Users/nickmarchuk/me433/2024/pico/pico-sdk/src/common/pico_sync/mutex.c.obj
                0x10000ccc                recursive_mutex_init
 *fill*         0x10000cea        0x2 
 .text.critical_section_init_with_lock_num
                0x10000cec       0x14 CMakeFiles/blink.dir/Users/nickmarchuk/me433/2024/pico/pico-sdk/src/common/pico_sync/critical_section.c.obj
                0x10000cec                critical_section_init_with_lock_num
 .text.critical_section_init
                0x10000d00       0x14 CMakeFiles/blink.dir/Users/nickmarchuk/me433/2024/pico/pico-sdk/src/common/pico_sync/critical_section.c.obj
                0x10000d00                critical_section_init
 .text.time_reached
                0x10000d14       0x28 CMakeFiles/blink.dir/Users/nickmarchuk/me433/2024/pico/pico-sdk/src/common/pico_time/time.c.obj
 .text.get_entry
                0x10000d3c       0x38 CMakeFiles/blink.dir/Users/nickmarchuk/me433/2024/pico/pico-sdk/src/common/pico_time/time.c.obj
 .text.timer_pool_entry_comparator
                0x10000d74       0x2e CMakeFiles/blink.dir/Users/nickmarchuk/me433/2024/pico/pico-sdk/src/common/pico_time/time.c.obj
                0x10000d74                timer_pool_entry_comparator
 *fill*         0x10000da2        0x2 
 .text.update_us_since_boot
                0x10000da4       0x24 CMakeFiles/blink.dir/Users/nickmarchuk/me433/2024/pico/pico-sdk/src/common/pico_time/time.c.obj
 .text.delayed_by_us
                0x10000dc8       0x34 CMakeFiles/blink.dir/Users/nickmarchuk/me433/2024/pico/pico-sdk/src/common/pico_time/time.c.obj
 .text.ph_get_node
                0x10000dfc       0x30 CMakeFiles/blink.dir/Users/nickmarchuk/me433/2024/pico/pico-sdk/src/common/pico_time/time.c.obj
 .text.ph_contains_node
                0x10000e2c       0x1e CMakeFiles/blink.dir/Users/nickmarchuk/me433/2024/pico/pico-sdk/src/common/pico_time/time.c.obj
 .text.ph_new_node
                0x10000e4a       0x28 CMakeFiles/blink.dir/Users/nickmarchuk/me433/2024/pico/pico-sdk/src/common/pico_time/time.c.obj
 *fill*         0x10000e72        0x2 
 .text.ph_add_child_node
                0x10000e74       0x6c CMakeFiles/blink.dir/Users/nickmarchuk/me433/2024/pico/pico-sdk/src/common/pico_time/time.c.obj
 .text.ph_merge_nodes
                0x10000ee0       0x3e CMakeFiles/blink.dir/Users/nickmarchuk/me433/2024/pico/pico-sdk/src/common/pico_time/time.c.obj
 *fill*         0x10000f1e        0x2 
 .text.ph_insert_node
                0x10000f20       0x3c CMakeFiles/blink.dir/Users/nickmarchuk/me433/2024/pico/pico-sdk/src/common/pico_time/time.c.obj
 .text.ph_free_node
                0x10000f5c       0x5c CMakeFiles/blink.dir/Users/nickmarchuk/me433/2024/pico/pico-sdk/src/common/pico_time/time.c.obj
 .text.get_entry_id_high
                0x10000fb8       0x30 CMakeFiles/blink.dir/Users/nickmarchuk/me433/2024/pico/pico-sdk/src/common/pico_time/time.c.obj
 .text.alarm_pool_post_alloc_init
                0x10000fe8       0x40 CMakeFiles/blink.dir/Users/nickmarchuk/me433/2024/pico/pico-sdk/src/common/pico_time/time.c.obj
 .text.sleep_until_callback
                0x10001028       0x30 CMakeFiles/blink.dir/Users/nickmarchuk/me433/2024/pico/pico-sdk/src/common/pico_time/time.c.obj
 .text.get_absolute_time
                0x10001058       0x22 CMakeFiles/blink.dir/Users/nickmarchuk/me433/2024/pico/pico-sdk/src/common/pico_time/time.c.obj
 .text.make_timeout_time_us
                0x1000107a       0x24 CMakeFiles/blink.dir/Users/nickmarchuk/me433/2024/pico/pico-sdk/src/common/pico_time/time.c.obj
 *fill*         0x1000109e        0x2 
 .text.add_alarm_under_lock
                0x100010a0       0x94 CMakeFiles/blink.dir/Users/nickmarchuk/me433/2024/pico/pico-sdk/src/common/pico_time/time.c.obj
 .text.alarm_pool_alarm_callback
                0x10001134      0x210 CMakeFiles/blink.dir/Users/nickmarchuk/me433/2024/pico/pico-sdk/src/common/pico_time/time.c.obj
 .text.alarm_pool_init_default
                0x10001344       0x40 CMakeFiles/blink.dir/Users/nickmarchuk/me433/2024/pico/pico-sdk/src/common/pico_time/time.c.obj
                0x10001344                alarm_pool_init_default
 .text.alarm_pool_get_default
                0x10001384       0x2c CMakeFiles/blink.dir/Users/nickmarchuk/me433/2024/pico/pico-sdk/src/common/pico_time/time.c.obj
                0x10001384                alarm_pool_get_default
 .text.alarm_pool_add_alarm_at
                0x100013b0      0x10e CMakeFiles/blink.dir/Users/nickmarchuk/me433/2024/pico/pico-sdk/src/common/pico_time/time.c.obj
                0x100013b0                alarm_pool_add_alarm_at
 .text.add_alarm_at
                0x100014be       0x2e CMakeFiles/blink.dir/Users/nickmarchuk/me433/2024/pico/pico-sdk/src/common/pico_time/time.c.obj
 .text.alarm_pool_cancel_alarm
                0x100014ec       0xa8 CMakeFiles/blink.dir/Users/nickmarchuk/me433/2024/pico/pico-sdk/src/common/pico_time/time.c.obj
                0x100014ec                alarm_pool_cancel_alarm
 .text.cancel_alarm
                0x10001594       0x10 CMakeFiles/blink.dir/Users/nickmarchuk/me433/2024/pico/pico-sdk/src/common/pico_time/time.c.obj
 .text.alarm_pool_core_num
                0x100015a4        0x4 CMakeFiles/blink.dir/Users/nickmarchuk/me433/2024/pico/pico-sdk/src/common/pico_time/time.c.obj
                0x100015a4                alarm_pool_core_num
 .text.sleep_until
                0x100015a8       0xb0 CMakeFiles/blink.dir/Users/nickmarchuk/me433/2024/pico/pico-sdk/src/common/pico_time/time.c.obj
                0x100015a8                sleep_until
 .text.sleep_us
                0x10001658       0x1a CMakeFiles/blink.dir/Users/nickmarchuk/me433/2024/pico/pico-sdk/src/common/pico_time/time.c.obj
                0x10001658                sleep_us
 .text.sleep_ms
                0x10001672       0x14 CMakeFiles/blink.dir/Users/nickmarchuk/me433/2024/pico/pico-sdk/src/common/pico_time/time.c.obj
                0x10001672                sleep_ms
 *fill*         0x10001686        0x2 
 .text.best_effort_wfe_or_timeout
                0x10001688       0x44 CMakeFiles/blink.dir/Users/nickmarchuk/me433/2024/pico/pico-sdk/src/common/pico_time/time.c.obj
                0x10001688                best_effort_wfe_or_timeout
 .text.update_us_since_boot
                0x100016cc       0x24 CMakeFiles/blink.dir/Users/nickmarchuk/me433/2024/pico/pico-sdk/src/rp2_common/hardware_timer/timer.c.obj
 .text.hardware_alarm_irq_handler
                0x100016f0       0x8c CMakeFiles/blink.dir/Users/nickmarchuk/me433/2024/pico/pico-sdk/src/rp2_common/hardware_timer/timer.c.obj
 .text.hardware_alarm_claim
                0x1000177c       0x18 CMakeFiles/blink.dir/Users/nickmarchuk/me433/2024/pico/pico-sdk/src/rp2_common/hardware_timer/timer.c.obj
                0x1000177c                hardware_alarm_claim
 .text.time_us_64
                0x10001794       0x18 CMakeFiles/blink.dir/Users/nickmarchuk/me433/2024/pico/pico-sdk/src/rp2_common/hardware_timer/timer.c.obj
                0x10001794                time_us_64
 .text.busy_wait_until
                0x100017ac       0x28 CMakeFiles/blink.dir/Users/nickmarchuk/me433/2024/pico/pico-sdk/src/rp2_common/hardware_timer/timer.c.obj
                0x100017ac                busy_wait_until
 .text.busy_wait_us
                0x100017d4       0x3a CMakeFiles/blink.dir/Users/nickmarchuk/me433/2024/pico/pico-sdk/src/rp2_common/hardware_timer/timer.c.obj
                0x100017d4                busy_wait_us
 *fill*         0x1000180e        0x2 
 .text.hardware_alarm_set_callback
                0x10001810       0x90 CMakeFiles/blink.dir/Users/nickmarchuk/me433/2024/pico/pico-sdk/src/rp2_common/hardware_timer/timer.c.obj
                0x10001810                hardware_alarm_set_callback
 .text.hardware_alarm_set_target
                0x100018a0       0xe8 CMakeFiles/blink.dir/Users/nickmarchuk/me433/2024/pico/pico-sdk/src/rp2_common/hardware_timer/timer.c.obj
                0x100018a0                hardware_alarm_set_target
 .text.hardware_alarm_cancel
                0x10001988       0x40 CMakeFiles/blink.dir/Users/nickmarchuk/me433/2024/pico/pico-sdk/src/rp2_common/hardware_timer/timer.c.obj
                0x10001988                hardware_alarm_cancel
 .text.ph_get_node
                0x100019c8       0x30 CMakeFiles/blink.dir/Users/nickmarchuk/me433/2024/pico/pico-sdk/src/common/pico_util/pheap.c.obj
 .text.ph_add_child_node
                0x100019f8       0x6c CMakeFiles/blink.dir/Users/nickmarchuk/me433/2024/pico/pico-sdk/src/common/pico_util/pheap.c.obj
 .text.ph_merge_nodes
                0x10001a64       0x3e CMakeFiles/blink.dir/Users/nickmarchuk/me433/2024/pico/pico-sdk/src/common/pico_util/pheap.c.obj
 .text.ph_clear
                0x10001aa2       0x34 CMakeFiles/blink.dir/Users/nickmarchuk/me433/2024/pico/pico-sdk/src/common/pico_util/pheap.c.obj
                0x10001aa2                ph_clear
 .text.ph_post_alloc_init
                0x10001ad6        0xe CMakeFiles/blink.dir/Users/nickmarchuk/me433/2024/pico/pico-sdk/src/common/pico_util/pheap.c.obj
                0x10001ad6                ph_post_alloc_init
 .text.ph_merge_two_pass
                0x10001ae4       0x5c CMakeFiles/blink.dir/Users/nickmarchuk/me433/2024/pico/pico-sdk/src/common/pico_util/pheap.c.obj
                0x10001ae4                ph_merge_two_pass
 .text.ph_remove_any_head
                0x10001b40       0xc0 CMakeFiles/blink.dir/Users/nickmarchuk/me433/2024/pico/pico-sdk/src/common/pico_util/pheap.c.obj
 .text.ph_remove_head
                0x10001c00       0x14 CMakeFiles/blink.dir/Users/nickmarchuk/me433/2024/pico/pico-sdk/src/common/pico_util/pheap.c.obj
                0x10001c00                ph_remove_head
 .text.ph_remove_and_free_node
                0x10001c14       0xa0 CMakeFiles/blink.dir/Users/nickmarchuk/me433/2024/pico/pico-sdk/src/common/pico_util/pheap.c.obj
                0x10001c14                ph_remove_and_free_node
 .text.clock_configure
                0x10001cb4      0x108 CMakeFiles/blink.dir/Users/nickmarchuk/me433/2024/pico/pico-sdk/src/rp2_common/hardware_clocks/clocks.c.obj
                0x10001cb4                clock_configure
 .text.clocks_init
                0x10001dbc      0x100 CMakeFiles/blink.dir/Users/nickmarchuk/me433/2024/pico/pico-sdk/src/rp2_common/hardware_clocks/clocks.c.obj
                0x10001dbc                clocks_init
 .text.pll_init
                0x10001ebc      0x120 CMakeFiles/blink.dir/Users/nickmarchuk/me433/2024/pico/pico-sdk/src/rp2_common/hardware_pll/pll.c.obj
                0x10001ebc                pll_init
 .text.watchdog_start_tick
                0x10001fdc       0x10 CMakeFiles/blink.dir/Users/nickmarchuk/me433/2024/pico/pico-sdk/src/rp2_common/hardware_watchdog/watchdog.c.obj
                0x10001fdc                watchdog_start_tick
 .text.watchdog_update
                0x10001fec       0x14 CMakeFiles/blink.dir/Users/nickmarchuk/me433/2024/pico/pico-sdk/src/rp2_common/hardware_watchdog/watchdog.c.obj
                0x10001fec                watchdog_update
 .text._watchdog_enable
                0x10002000       0x78 CMakeFiles/blink.dir/Users/nickmarchuk/me433/2024/pico/pico-sdk/src/rp2_common/hardware_watchdog/watchdog.c.obj
                0x10002000                _watchdog_enable
 .text.watchdog_reboot
                0x10002078       0x48 CMakeFiles/blink.dir/Users/nickmarchuk/me433/2024/pico/pico-sdk/src/rp2_common/hardware_watchdog/watchdog.c.obj
                0x10002078                watchdog_reboot
 .text.xosc_init
                0x100020c0       0x28 CMakeFiles/blink.dir/Users/nickmarchuk/me433/2024/pico/pico-sdk/src/rp2_common/hardware_xosc/xosc.c.obj
                0x100020c0                xosc_init
 .text._exit    0x100020e8        0x4 CMakeFiles/blink.dir/Users/nickmarchuk/me433/2024/pico/pico-sdk/src/rp2_common/pico_runtime/runtime.c.obj
                0x100020e8                _exit
 .text._sbrk    0x100020ec       0x38 CMakeFiles/blink.dir/Users/nickmarchuk/me433/2024/pico/pico-sdk/src/rp2_common/pico_runtime/runtime.c.obj
                0x100020ec                _sbrk
 .text.exit     0x10002124        0x6 CMakeFiles/blink.dir/Users/nickmarchuk/me433/2024/pico/pico-sdk/src/rp2_common/pico_runtime/runtime.c.obj
                0x10002124                exit
 *fill*         0x1000212a        0x2 
 .text.__assert_func
                0x1000212c       0x38 CMakeFiles/blink.dir/Users/nickmarchuk/me433/2024/pico/pico-sdk/src/rp2_common/pico_runtime/runtime.c.obj
                0x1000212c                __assert_func
 .text.runtime_init
                0x10002164       0xf8 CMakeFiles/blink.dir/Users/nickmarchuk/me433/2024/pico/pico-sdk/src/rp2_common/pico_runtime/runtime.c.obj
                0x10002164                runtime_init
 .text.panic    0x1000225c       0x30 CMakeFiles/blink.dir/Users/nickmarchuk/me433/2024/pico/pico-sdk/src/rp2_common/pico_runtime/runtime.c.obj
                0x1000225c                panic
 .text._out_buffer
                0x1000228c        0x8 CMakeFiles/blink.dir/Users/nickmarchuk/me433/2024/pico/pico-sdk/src/rp2_common/pico_printf/printf.c.obj
 .text._out_null
                0x10002294        0x2 CMakeFiles/blink.dir/Users/nickmarchuk/me433/2024/pico/pico-sdk/src/rp2_common/pico_printf/printf.c.obj
 .text._out_fct
                0x10002296        0xe CMakeFiles/blink.dir/Users/nickmarchuk/me433/2024/pico/pico-sdk/src/rp2_common/pico_printf/printf.c.obj
 .text._atoi    0x100022a4       0x24 CMakeFiles/blink.dir/Users/nickmarchuk/me433/2024/pico/pico-sdk/src/rp2_common/pico_printf/printf.c.obj
 .text._out_rev
                0x100022c8       0xae CMakeFiles/blink.dir/Users/nickmarchuk/me433/2024/pico/pico-sdk/src/rp2_common/pico_printf/printf.c.obj
 .text._ntoa_format
                0x10002376      0x110 CMakeFiles/blink.dir/Users/nickmarchuk/me433/2024/pico/pico-sdk/src/rp2_common/pico_printf/printf.c.obj
 .text._ntoa_long
                0x10002486       0xbc CMakeFiles/blink.dir/Users/nickmarchuk/me433/2024/pico/pico-sdk/src/rp2_common/pico_printf/printf.c.obj
 .text._ntoa_long_long
                0x10002542      0x10e CMakeFiles/blink.dir/Users/nickmarchuk/me433/2024/pico/pico-sdk/src/rp2_common/pico_printf/printf.c.obj
 .text._etoa    0x10002650      0x420 CMakeFiles/blink.dir/Users/nickmarchuk/me433/2024/pico/pico-sdk/src/rp2_common/pico_printf/printf.c.obj
 .text._ftoa    0x10002a70      0x354 CMakeFiles/blink.dir/Users/nickmarchuk/me433/2024/pico/pico-sdk/src/rp2_common/pico_printf/printf.c.obj
 .text._vsnprintf
                0x10002dc4      0x668 CMakeFiles/blink.dir/Users/nickmarchuk/me433/2024/pico/pico-sdk/src/rp2_common/pico_printf/printf.c.obj
 .text.__wrap_sprintf
                0x1000342c       0x2c CMakeFiles/blink.dir/Users/nickmarchuk/me433/2024/pico/pico-sdk/src/rp2_common/pico_printf/printf.c.obj
                0x1000342c                __wrap_sprintf
 .text.vfctprintf
                0x10003458       0x20 CMakeFiles/blink.dir/Users/nickmarchuk/me433/2024/pico/pico-sdk/src/rp2_common/pico_printf/printf.c.obj
                0x10003458                vfctprintf
 .text          0x10003478       0x10 CMakeFiles/blink.dir/Users/nickmarchuk/me433/2024/pico/pico-sdk/src/rp2_common/pico_bit_ops/bit_ops_aeabi.S.obj
 .text.rom_func_lookup
                0x10003488       0x10 CMakeFiles/blink.dir/Users/nickmarchuk/me433/2024/pico/pico-sdk/src/rp2_common/pico_bootrom/bootrom.c.obj
                0x10003488                rom_func_lookup
 .text.rom_data_lookup
                0x10003498       0x10 CMakeFiles/blink.dir/Users/nickmarchuk/me433/2024/pico/pico-sdk/src/rp2_common/pico_bootrom/bootrom.c.obj
                0x10003498                rom_data_lookup
 .text.rom_funcs_lookup
                0x100034a8       0x36 CMakeFiles/blink.dir/Users/nickmarchuk/me433/2024/pico/pico-sdk/src/rp2_common/pico_bootrom/bootrom.c.obj
                0x100034a8                rom_funcs_lookup
 *fill*         0x100034de        0x2 
 .text.__wrap___aeabi_idiv
                0x100034e0       0x50 CMakeFiles/blink.dir/Users/nickmarchuk/me433/2024/pico/pico-sdk/src/rp2_common/pico_divider/divider.S.obj
                0x100034e0                __wrap___aeabi_idivmod
                0x100034e0                divmod_s32s32
                0x100034e0                div_s32s32
                0x100034e0                __wrap___aeabi_idiv
                0x100034e8                divmod_s32s32_unsafe
                0x10003514                divmod_s32s32_savestate
 .text.__wrap___aeabi_uidiv
                0x10003530       0x4c CMakeFiles/blink.dir/Users/nickmarchuk/me433/2024/pico/pico-sdk/src/rp2_common/pico_divider/divider.S.obj
                0x10003530                __wrap___aeabi_uidiv
                0x10003530                __wrap___aeabi_uidivmod
                0x10003530                div_u32u32
                0x10003530                divmod_u32u32
                0x10003538                divmod_u32u32_unsafe
                0x10003560                divmod_u32u32_savestate
 .text.__wrap___aeabi_ldiv
                0x1000357c      0x424 CMakeFiles/blink.dir/Users/nickmarchuk/me433/2024/pico/pico-sdk/src/rp2_common/pico_divider/divider.S.obj
                0x1000357c                __wrap___aeabi_ldivmod
                0x1000357c                div_s64s64
                0x1000357c                divmod_s64s64
                0x100035ac                divmod_u64u64
                0x100035ac                div_u64u64
                0x100035ac                __wrap___aeabi_uldivmod
                0x100035bc                divmod_u64u64_savestate
                0x100035dc                divmod_s64s64_unsafe
                0x10003664                divmod_u64u64_unsafe
 .text.__wrap___aeabi_darithmetic
                0x100039a0       0x80 CMakeFiles/blink.dir/Users/nickmarchuk/me433/2024/pico/pico-sdk/src/rp2_common/pico_double/double_aeabi.S.obj
                0x100039a0                __wrap___aeabi_drsub
                0x100039a6                __wrap___aeabi_dsub
                0x100039b8                __wrap___aeabi_dadd
                0x100039ca                __wrap___aeabi_ddiv
                0x10003a06                __wrap___aeabi_dmul
 .text.__wrap___aeabi_cdcmple
                0x10003a20       0x6c CMakeFiles/blink.dir/Users/nickmarchuk/me433/2024/pico/pico-sdk/src/rp2_common/pico_double/double_aeabi.S.obj
                0x10003a20                __wrap___aeabi_cdrcmple
                0x10003a30                __wrap___aeabi_cdcmple
                0x10003a30                __wrap___aeabi_cdcmpeq
 .text.__wrap___aeabi_dcmpeq
                0x10003a8c       0x10 CMakeFiles/blink.dir/Users/nickmarchuk/me433/2024/pico/pico-sdk/src/rp2_common/pico_double/double_aeabi.S.obj
                0x10003a8c                __wrap___aeabi_dcmpeq
 .text.__wrap___aeabi_dcmplt
                0x10003a9c        0xc CMakeFiles/blink.dir/Users/nickmarchuk/me433/2024/pico/pico-sdk/src/rp2_common/pico_double/double_aeabi.S.obj
                0x10003a9c                __wrap___aeabi_dcmplt
 .text.__wrap___aeabi_dcmple
                0x10003aa8       0x10 CMakeFiles/blink.dir/Users/nickmarchuk/me433/2024/pico/pico-sdk/src/rp2_common/pico_double/double_aeabi.S.obj
                0x10003aa8                __wrap___aeabi_dcmple
 .text.__wrap___aeabi_dcmpge
                0x10003ab8       0x10 CMakeFiles/blink.dir/Users/nickmarchuk/me433/2024/pico/pico-sdk/src/rp2_common/pico_double/double_aeabi.S.obj
                0x10003ab8                __wrap___aeabi_dcmpge
 .text.__wrap___aeabi_dcmpgt
                0x10003ac8        0xa CMakeFiles/blink.dir/Users/nickmarchuk/me433/2024/pico/pico-sdk/src/rp2_common/pico_double/double_aeabi.S.obj
                0x10003ac8                __wrap___aeabi_dcmpgt
 .text.__wrap___aeabi_dcmpun
                0x10003ad2       0x1c CMakeFiles/blink.dir/Users/nickmarchuk/me433/2024/pico/pico-sdk/src/rp2_common/pico_double/double_aeabi.S.obj
                0x10003ad2                __wrap___aeabi_dcmpun
 *fill*         0x10003aee        0x2 
 .text.__wrap___aeabi_i2d
                0x10003af0       0x38 CMakeFiles/blink.dir/Users/nickmarchuk/me433/2024/pico/pico-sdk/src/rp2_common/pico_double/double_aeabi.S.obj
                0x10003af0                __wrap___aeabi_ui2d
                0x10003af8                __wrap___aeabi_i2d
 .text.__wrap___aeabi_d2iz
                0x10003b28       0x48 CMakeFiles/blink.dir/Users/nickmarchuk/me433/2024/pico/pico-sdk/src/rp2_common/pico_double/double_aeabi.S.obj
                0x10003b28                __wrap___aeabi_d2iz
                0x10003b28                double2int_z
 .text.__wrap___aeabi_d2uiz
                0x10003b70       0x18 CMakeFiles/blink.dir/Users/nickmarchuk/me433/2024/pico/pico-sdk/src/rp2_common/pico_double/double_aeabi.S.obj
                0x10003b70                double2uint
                0x10003b70                __wrap___aeabi_d2uiz
 .text.__wrap___aeabi_l2d
                0x10003b88       0x18 CMakeFiles/blink.dir/Users/nickmarchuk/me433/2024/pico/pico-sdk/src/rp2_common/pico_double/double_aeabi.S.obj
                0x10003b88                __wrap___aeabi_l2d
 .text.__wrap___aeabi_d2lz
                0x10003ba0       0x26 CMakeFiles/blink.dir/Users/nickmarchuk/me433/2024/pico/pico-sdk/src/rp2_common/pico_double/double_aeabi.S.obj
                0x10003ba0                __wrap___aeabi_d2lz
                0x10003ba0                double2int64_z
 *fill*         0x10003bc6        0x2 
 .text.double2int64
                0x10003bc8       0x18 CMakeFiles/blink.dir/Users/nickmarchuk/me433/2024/pico/pico-sdk/src/rp2_common/pico_double/double_aeabi.S.obj
                0x10003bc8                double2int64
 .text.double2ufix64
                0x10003be0       0x18 CMakeFiles/blink.dir/Users/nickmarchuk/me433/2024/pico/pico-sdk/src/rp2_common/pico_double/double_aeabi.S.obj
                0x10003be0                double2ufix64
 .text.__wrap___aeabi_d2f
                0x10003bf8       0x18 CMakeFiles/blink.dir/Users/nickmarchuk/me433/2024/pico/pico-sdk/src/rp2_common/pico_double/double_aeabi.S.obj
                0x10003bf8                __wrap___aeabi_d2f
 .text.__aeabi_double_init
                0x10003c10       0xcc CMakeFiles/blink.dir/Users/nickmarchuk/me433/2024/pico/pico-sdk/src/rp2_common/pico_double/double_init_rom.c.obj
                0x10003c10                __aeabi_double_init
 .text.double_table_shim_on_use_helper
                0x10003cdc       0x34 CMakeFiles/blink.dir/Users/nickmarchuk/me433/2024/pico/pico-sdk/src/rp2_common/pico_double/double_v1_rom_shim.S.obj
                0x10003cdc                double_table_shim_on_use_helper
 .text.__wrap___aeabi_dsub
                0x10003d10       0x10 CMakeFiles/blink.dir/Users/nickmarchuk/me433/2024/pico/pico-sdk/src/rp2_common/pico_double/double_v1_rom_shim.S.obj
                0x10003d10                drsub_shim
                0x10003d16                dsub_shim
 .text.dadd_shim
                0x10003d20      0x15c CMakeFiles/blink.dir/Users/nickmarchuk/me433/2024/pico/pico-sdk/src/rp2_common/pico_double/double_v1_rom_shim.S.obj
                0x10003d20                dadd_shim
 .text.dmul_shim
                0x10003e7c      0x15c CMakeFiles/blink.dir/Users/nickmarchuk/me433/2024/pico/pico-sdk/src/rp2_common/pico_double/double_v1_rom_shim.S.obj
                0x10003e7c                dmul_shim
 .text.ddiv_shim
                0x10003fd8      0x1b0 CMakeFiles/blink.dir/Users/nickmarchuk/me433/2024/pico/pico-sdk/src/rp2_common/pico_double/double_v1_rom_shim.S.obj
                0x10003fd8                ddiv_shim
 .text.double2uint_shim
                0x10004188        0xe CMakeFiles/blink.dir/Users/nickmarchuk/me433/2024/pico/pico-sdk/src/rp2_common/pico_double/double_v1_rom_shim.S.obj
                0x10004188                double2uint_shim
                0x1000418a                double2ufix_shim
 .text.double2int64_shim
                0x10004196       0x1a CMakeFiles/blink.dir/Users/nickmarchuk/me433/2024/pico/pico-sdk/src/rp2_common/pico_double/double_v1_rom_shim.S.obj
                0x10004196                double2int64_shim
                0x10004198                double2fix64_shim
 .text.double2uint64_shim
                0x100041b0       0x70 CMakeFiles/blink.dir/Users/nickmarchuk/me433/2024/pico/pico-sdk/src/rp2_common/pico_double/double_v1_rom_shim.S.obj
                0x100041b0                double2uint64_shim
                0x100041b2                double2ufix64_shim
                0x100041d2                d2fix_a
 .text.double2float_shim
                0x10004220       0x5c CMakeFiles/blink.dir/Users/nickmarchuk/me433/2024/pico/pico-sdk/src/rp2_common/pico_double/double_v1_rom_shim.S.obj
                0x10004220                double2float_shim
 .text.x2double_shims
                0x1000427c       0x90 CMakeFiles/blink.dir/Users/nickmarchuk/me433/2024/pico/pico-sdk/src/rp2_common/pico_double/double_v1_rom_shim.S.obj
                0x1000427c                uint2double_shim
                0x1000427e                ufix2double_shim
                0x10004284                int2double_shim
                0x10004286                fix2double_shim
                0x1000428c                uint642double_shim
                0x1000428e                ufix642double_shim
                0x10004294                int642double_shim
                0x10004296                fix642double_shim
 .text.dunpacks
                0x1000430c       0x3c CMakeFiles/blink.dir/Users/nickmarchuk/me433/2024/pico/pico-sdk/src/rp2_common/pico_double/double_v1_rom_shim.S.obj
                0x1000430c                dunpacks
 .text.__aeabi_lmul
                0x10004348       0x32 CMakeFiles/blink.dir/Users/nickmarchuk/me433/2024/pico/pico-sdk/src/rp2_common/pico_int64_ops/pico_int64_ops_aeabi.S.obj
                0x10004348                __wrap___aeabi_lmul
 *fill*         0x1000437a        0x2 
 .text.__aeabi_float_init
                0x1000437c       0xfc CMakeFiles/blink.dir/Users/nickmarchuk/me433/2024/pico/pico-sdk/src/rp2_common/pico_float/float_init_rom.c.obj
                0x1000437c                __aeabi_float_init
 .text.float_table_shim_on_use_helper
                0x10004478       0x34 CMakeFiles/blink.dir/Users/nickmarchuk/me433/2024/pico/pico-sdk/src/rp2_common/pico_float/float_v1_rom_shim.S.obj
                0x10004478                float_table_shim_on_use_helper
 .text.check_alloc
                0x100044ac       0x20 CMakeFiles/blink.dir/Users/nickmarchuk/me433/2024/pico/pico-sdk/src/rp2_common/pico_malloc/pico_malloc.c.obj
 .text.__wrap_malloc
                0x100044cc       0x14 CMakeFiles/blink.dir/Users/nickmarchuk/me433/2024/pico/pico-sdk/src/rp2_common/pico_malloc/pico_malloc.c.obj
                0x100044cc                __wrap_malloc
 .text.__wrap_realloc
                0x100044e0       0x14 CMakeFiles/blink.dir/Users/nickmarchuk/me433/2024/pico/pico-sdk/src/rp2_common/pico_malloc/pico_malloc.c.obj
                0x100044e0                __wrap_realloc
 .text.__wrap_free
                0x100044f4        0x8 CMakeFiles/blink.dir/Users/nickmarchuk/me433/2024/pico/pico-sdk/src/rp2_common/pico_malloc/pico_malloc.c.obj
                0x100044f4                __wrap_free
 .text          0x100044fc       0x10 CMakeFiles/blink.dir/Users/nickmarchuk/me433/2024/pico/pico-sdk/src/rp2_common/pico_mem_ops/mem_ops_aeabi.S.obj
                0x100044fc                __aeabi_mem_init
 .text.memset   0x1000450c        0xc CMakeFiles/blink.dir/Users/nickmarchuk/me433/2024/pico/pico-sdk/src/rp2_common/pico_mem_ops/mem_ops_aeabi.S.obj
                0x1000450c                __wrap_memset
 .text.memcpy   0x10004518        0xc CMakeFiles/blink.dir/Users/nickmarchuk/me433/2024/pico/pico-sdk/src/rp2_common/pico_mem_ops/mem_ops_aeabi.S.obj
                0x10004518                __wrap___aeabi_memcpy
                0x10004518                __wrap_memcpy
 .text.time_reached
                0x10004524       0x28 CMakeFiles/blink.dir/Users/nickmarchuk/me433/2024/pico/pico-sdk/src/rp2_common/pico_stdio/stdio.c.obj
 .text.stdio_out_chars_no_crlf
                0x1000454c        0xe CMakeFiles/blink.dir/Users/nickmarchuk/me433/2024/pico/pico-sdk/src/rp2_common/pico_stdio/stdio.c.obj
 *fill*         0x1000455a        0x2 
 .text.stdio_out_chars_crlf
                0x1000455c       0x80 CMakeFiles/blink.dir/Users/nickmarchuk/me433/2024/pico/pico-sdk/src/rp2_common/pico_stdio/stdio.c.obj
 .text.stdio_stack_buffer_flush
                0x100045dc       0x44 CMakeFiles/blink.dir/Users/nickmarchuk/me433/2024/pico/pico-sdk/src/rp2_common/pico_stdio/stdio.c.obj
 .text.stdio_buffered_printer
                0x10004620       0x20 CMakeFiles/blink.dir/Users/nickmarchuk/me433/2024/pico/pico-sdk/src/rp2_common/pico_stdio/stdio.c.obj
 .text.update_us_since_boot
                0x10004640       0x24 CMakeFiles/blink.dir/Users/nickmarchuk/me433/2024/pico/pico-sdk/src/rp2_common/pico_stdio/stdio.c.obj
 .text.get_absolute_time
                0x10004664       0x22 CMakeFiles/blink.dir/Users/nickmarchuk/me433/2024/pico/pico-sdk/src/rp2_common/pico_stdio/stdio.c.obj
 *fill*         0x10004686        0x2 
 .text.delayed_by_ms
                0x10004688       0x44 CMakeFiles/blink.dir/Users/nickmarchuk/me433/2024/pico/pico-sdk/src/rp2_common/pico_stdio/stdio.c.obj
 .text.make_timeout_time_ms
                0x100046cc       0x20 CMakeFiles/blink.dir/Users/nickmarchuk/me433/2024/pico/pico-sdk/src/rp2_common/pico_stdio/stdio.c.obj
 .text.stdio_get_until
                0x100046ec       0x64 CMakeFiles/blink.dir/Users/nickmarchuk/me433/2024/pico/pico-sdk/src/rp2_common/pico_stdio/stdio.c.obj
 .text.stdout_serialize_begin
                0x10004750       0x20 CMakeFiles/blink.dir/Users/nickmarchuk/me433/2024/pico/pico-sdk/src/rp2_common/pico_stdio/stdio.c.obj
                0x10004750                stdout_serialize_begin
 .text.stdout_serialize_end
                0x10004770       0x10 CMakeFiles/blink.dir/Users/nickmarchuk/me433/2024/pico/pico-sdk/src/rp2_common/pico_stdio/stdio.c.obj
                0x10004770                stdout_serialize_end
 .text.stdio_put_string
                0x10004780       0x98 CMakeFiles/blink.dir/Users/nickmarchuk/me433/2024/pico/pico-sdk/src/rp2_common/pico_stdio/stdio.c.obj
 .text._read    0x10004818       0x24 CMakeFiles/blink.dir/Users/nickmarchuk/me433/2024/pico/pico-sdk/src/rp2_common/pico_stdio/stdio.c.obj
                0x10004818                _read
 .text._write   0x1000483c       0x22 CMakeFiles/blink.dir/Users/nickmarchuk/me433/2024/pico/pico-sdk/src/rp2_common/pico_stdio/stdio.c.obj
                0x1000483c                _write
 .text._close   0x1000485e        0x6 CMakeFiles/blink.dir/Users/nickmarchuk/me433/2024/pico/pico-sdk/src/rp2_common/pico_stdio/stdio.c.obj
                0x1000485e                _close
 .text._lseek   0x10004864        0x6 CMakeFiles/blink.dir/Users/nickmarchuk/me433/2024/pico/pico-sdk/src/rp2_common/pico_stdio/stdio.c.obj
                0x10004864                _lseek
 .text._fstat   0x1000486a        0x6 CMakeFiles/blink.dir/Users/nickmarchuk/me433/2024/pico/pico-sdk/src/rp2_common/pico_stdio/stdio.c.obj
                0x1000486a                _fstat
 .text._isatty  0x10004870        0xc CMakeFiles/blink.dir/Users/nickmarchuk/me433/2024/pico/pico-sdk/src/rp2_common/pico_stdio/stdio.c.obj
                0x10004870                _isatty
 .text.stdio_set_driver_enabled
                0x1000487c       0x2c CMakeFiles/blink.dir/Users/nickmarchuk/me433/2024/pico/pico-sdk/src/rp2_common/pico_stdio/stdio.c.obj
                0x1000487c                stdio_set_driver_enabled
 .text.stdio_flush
                0x100048a8       0x20 CMakeFiles/blink.dir/Users/nickmarchuk/me433/2024/pico/pico-sdk/src/rp2_common/pico_stdio/stdio.c.obj
                0x100048a8                stdio_flush
 .text.__wrap_puts
                0x100048c8       0x1e CMakeFiles/blink.dir/Users/nickmarchuk/me433/2024/pico/pico-sdk/src/rp2_common/pico_stdio/stdio.c.obj
                0x100048c8                __wrap_puts
 *fill*         0x100048e6        0x2 
 .text.__wrap_vprintf
                0x100048e8       0x40 CMakeFiles/blink.dir/Users/nickmarchuk/me433/2024/pico/pico-sdk/src/rp2_common/pico_stdio/stdio.c.obj
                0x100048e8                __wrap_vprintf
 .text.__wrap_printf
                0x10004928       0x18 CMakeFiles/blink.dir/Users/nickmarchuk/me433/2024/pico/pico-sdk/src/rp2_common/pico_stdio/stdio.c.obj
                0x10004928                __wrap_printf
 .text.stdio_init_all
                0x10004940        0x8 CMakeFiles/blink.dir/Users/nickmarchuk/me433/2024/pico/pico-sdk/src/rp2_common/pico_stdio/stdio.c.obj
                0x10004940                stdio_init_all
 .text.resetd_init
                0x10004948        0x2 CMakeFiles/blink.dir/Users/nickmarchuk/me433/2024/pico/pico-sdk/src/rp2_common/pico_stdio_usb/reset_interface.c.obj
 *fill*         0x1000494a        0x2 
 .text.resetd_reset
                0x1000494c        0xc CMakeFiles/blink.dir/Users/nickmarchuk/me433/2024/pico/pico-sdk/src/rp2_common/pico_stdio_usb/reset_interface.c.obj
 .text.resetd_open
                0x10004958       0x34 CMakeFiles/blink.dir/Users/nickmarchuk/me433/2024/pico/pico-sdk/src/rp2_common/pico_stdio_usb/reset_interface.c.obj
 .text.resetd_xfer_cb
                0x1000498c        0x4 CMakeFiles/blink.dir/Users/nickmarchuk/me433/2024/pico/pico-sdk/src/rp2_common/pico_stdio_usb/reset_interface.c.obj
 .text.reset_usb_boot
                0x10004990       0x18 CMakeFiles/blink.dir/Users/nickmarchuk/me433/2024/pico/pico-sdk/src/rp2_common/pico_stdio_usb/reset_interface.c.obj
 .text.resetd_control_xfer_cb
                0x100049a8       0x5c CMakeFiles/blink.dir/Users/nickmarchuk/me433/2024/pico/pico-sdk/src/rp2_common/pico_stdio_usb/reset_interface.c.obj
 .text.usbd_app_driver_get_cb
                0x10004a04        0xc CMakeFiles/blink.dir/Users/nickmarchuk/me433/2024/pico/pico-sdk/src/rp2_common/pico_stdio_usb/reset_interface.c.obj
                0x10004a04                usbd_app_driver_get_cb
 .text.tud_cdc_line_coding_cb
                0x10004a10       0x28 CMakeFiles/blink.dir/Users/nickmarchuk/me433/2024/pico/pico-sdk/src/rp2_common/pico_stdio_usb/reset_interface.c.obj
                0x10004a10                tud_cdc_line_coding_cb
 .text.stdio_usb_set_chars_available_callback
                0x10004a38       0x14 CMakeFiles/blink.dir/Users/nickmarchuk/me433/2024/pico/pico-sdk/src/rp2_common/pico_stdio_usb/stdio_usb.c.obj
                0x10004a38                stdio_usb_set_chars_available_callback
 .text.update_us_since_boot
                0x10004a4c       0x24 CMakeFiles/blink.dir/Users/nickmarchuk/me433/2024/pico/pico-sdk/src/rp2_common/pico_stdio_usb/stdio_usb.c.obj
 .text.get_absolute_time
                0x10004a70       0x22 CMakeFiles/blink.dir/Users/nickmarchuk/me433/2024/pico/pico-sdk/src/rp2_common/pico_stdio_usb/stdio_usb.c.obj
 *fill*         0x10004a92        0x2 
 .text.delayed_by_ms
                0x10004a94       0x44 CMakeFiles/blink.dir/Users/nickmarchuk/me433/2024/pico/pico-sdk/src/rp2_common/pico_stdio_usb/stdio_usb.c.obj
 .text.make_timeout_time_ms
                0x10004ad8       0x20 CMakeFiles/blink.dir/Users/nickmarchuk/me433/2024/pico/pico-sdk/src/rp2_common/pico_stdio_usb/stdio_usb.c.obj
 .text.delayed_by_us
                0x10004af8       0x34 CMakeFiles/blink.dir/Users/nickmarchuk/me433/2024/pico/pico-sdk/src/rp2_common/pico_stdio_usb/stdio_usb.c.obj
 .text.usb_irq  0x10004b2c       0x10 CMakeFiles/blink.dir/Users/nickmarchuk/me433/2024/pico/pico-sdk/src/rp2_common/pico_stdio_usb/stdio_usb.c.obj
 .text.critical_section_enter_blocking
                0x10004b3c       0x16 CMakeFiles/blink.dir/Users/nickmarchuk/me433/2024/pico/pico-sdk/src/rp2_common/pico_stdio_usb/stdio_usb.c.obj
 *fill*         0x10004b52        0x2 
 .text.timer_task
                0x10004b54       0x4c CMakeFiles/blink.dir/Users/nickmarchuk/me433/2024/pico/pico-sdk/src/rp2_common/pico_stdio_usb/stdio_usb.c.obj
 .text.alarm_pool_add_alarm_in_us
                0x10004ba0       0x3a CMakeFiles/blink.dir/Users/nickmarchuk/me433/2024/pico/pico-sdk/src/rp2_common/pico_stdio_usb/stdio_usb.c.obj
 .text.add_alarm_in_us
                0x10004bda       0x2e CMakeFiles/blink.dir/Users/nickmarchuk/me433/2024/pico/pico-sdk/src/rp2_common/pico_stdio_usb/stdio_usb.c.obj
 .text.low_priority_worker_irq
                0x10004c08       0x7c CMakeFiles/blink.dir/Users/nickmarchuk/me433/2024/pico/pico-sdk/src/rp2_common/pico_stdio_usb/stdio_usb.c.obj
 .text.tud_cdc_rx_cb
                0x10004c84       0x20 CMakeFiles/blink.dir/Users/nickmarchuk/me433/2024/pico/pico-sdk/src/rp2_common/pico_stdio_usb/stdio_usb.c.obj
                0x10004c84                tud_cdc_rx_cb
 .text.stdio_usb_init
                0x10004ca4       0xd0 CMakeFiles/blink.dir/Users/nickmarchuk/me433/2024/pico/pico-sdk/src/rp2_common/pico_stdio_usb/stdio_usb.c.obj
                0x10004ca4                stdio_usb_init
 .text.stdio_usb_connected
                0x10004d74        0xa CMakeFiles/blink.dir/Users/nickmarchuk/me433/2024/pico/pico-sdk/src/rp2_common/pico_stdio_usb/stdio_usb.c.obj
                0x10004d74                stdio_usb_connected
 *fill*         0x10004d7e        0x2 
 .text.stdio_usb_in_chars
                0x10004d80       0x88 CMakeFiles/blink.dir/Users/nickmarchuk/me433/2024/pico/pico-sdk/src/rp2_common/pico_stdio_usb/stdio_usb.c.obj
                0x10004d80                stdio_usb_in_chars
 .text.stdio_usb_out_chars
                0x10004e08       0xd8 CMakeFiles/blink.dir/Users/nickmarchuk/me433/2024/pico/pico-sdk/src/rp2_common/pico_stdio_usb/stdio_usb.c.obj
 .text.tud_descriptor_device_cb
                0x10004ee0        0x8 CMakeFiles/blink.dir/Users/nickmarchuk/me433/2024/pico/pico-sdk/src/rp2_common/pico_stdio_usb/stdio_usb_descriptors.c.obj
                0x10004ee0                tud_descriptor_device_cb
 .text.tud_descriptor_configuration_cb
                0x10004ee8        0x8 CMakeFiles/blink.dir/Users/nickmarchuk/me433/2024/pico/pico-sdk/src/rp2_common/pico_stdio_usb/stdio_usb_descriptors.c.obj
                0x10004ee8                tud_descriptor_configuration_cb
 .text.tud_descriptor_string_cb
                0x10004ef0       0x6c CMakeFiles/blink.dir/Users/nickmarchuk/me433/2024/pico/pico-sdk/src/rp2_common/pico_stdio_usb/stdio_usb_descriptors.c.obj
                0x10004ef0                tud_descriptor_string_cb
 .text._retrieve_unique_id_on_boot
                0x10004f5c       0x10 CMakeFiles/blink.dir/Users/nickmarchuk/me433/2024/pico/pico-sdk/src/rp2_common/pico_unique_id/unique_id.c.obj
 .text.pico_get_unique_board_id_string
                0x10004f6c       0x5c CMakeFiles/blink.dir/Users/nickmarchuk/me433/2024/pico/pico-sdk/src/rp2_common/pico_unique_id/unique_id.c.obj
                0x10004f6c                pico_get_unique_board_id_string
 .text.flash_get_unique_id
                0x10004fc8       0x40 CMakeFiles/blink.dir/Users/nickmarchuk/me433/2024/pico/pico-sdk/src/rp2_common/hardware_flash/flash.c.obj
                0x10004fc8                flash_get_unique_id
 .text.hw_endpoint_get_by_addr
                0x10005008       0x18 CMakeFiles/blink.dir/Users/nickmarchuk/me433/2024/pico/pico-sdk/lib/tinyusb/src/portable/raspberrypi/rp2040/dcd_rp2040.c.obj
 .text._hw_endpoint_alloc
                0x10005020       0x70 CMakeFiles/blink.dir/Users/nickmarchuk/me433/2024/pico/pico-sdk/lib/tinyusb/src/portable/raspberrypi/rp2040/dcd_rp2040.c.obj
 .text.hw_endpoint_init
                0x10005090       0x88 CMakeFiles/blink.dir/Users/nickmarchuk/me433/2024/pico/pico-sdk/lib/tinyusb/src/portable/raspberrypi/rp2040/dcd_rp2040.c.obj
 .text.dcd_event_sof
                0x10005118       0x2c CMakeFiles/blink.dir/Users/nickmarchuk/me433/2024/pico/pico-sdk/lib/tinyusb/src/portable/raspberrypi/rp2040/dcd_rp2040.c.obj
 .text.hw_endpoint_xfer
                0x10005144       0x14 CMakeFiles/blink.dir/Users/nickmarchuk/me433/2024/pico/pico-sdk/lib/tinyusb/src/portable/raspberrypi/rp2040/dcd_rp2040.c.obj
 .text.dcd_int_enable
                0x10005158       0x2c CMakeFiles/blink.dir/Users/nickmarchuk/me433/2024/pico/pico-sdk/lib/tinyusb/src/portable/raspberrypi/rp2040/dcd_rp2040.c.obj
                0x10005158                dcd_int_enable
 .text.dcd_set_address
                0x10005184       0x2c CMakeFiles/blink.dir/Users/nickmarchuk/me433/2024/pico/pico-sdk/lib/tinyusb/src/portable/raspberrypi/rp2040/dcd_rp2040.c.obj
                0x10005184                dcd_set_address
 .text.dcd_connect
                0x100051b0       0x10 CMakeFiles/blink.dir/Users/nickmarchuk/me433/2024/pico/pico-sdk/lib/tinyusb/src/portable/raspberrypi/rp2040/dcd_rp2040.c.obj
                0x100051b0                dcd_connect
 .text.dcd_init
                0x100051c0       0x80 CMakeFiles/blink.dir/Users/nickmarchuk/me433/2024/pico/pico-sdk/lib/tinyusb/src/portable/raspberrypi/rp2040/dcd_rp2040.c.obj
                0x100051c0                dcd_init
 .text.dcd_edpt0_status_complete
                0x10005240       0x1c CMakeFiles/blink.dir/Users/nickmarchuk/me433/2024/pico/pico-sdk/lib/tinyusb/src/portable/raspberrypi/rp2040/dcd_rp2040.c.obj
                0x10005240                dcd_edpt0_status_complete
 .text.dcd_edpt_open
                0x1000525c       0x40 CMakeFiles/blink.dir/Users/nickmarchuk/me433/2024/pico/pico-sdk/lib/tinyusb/src/portable/raspberrypi/rp2040/dcd_rp2040.c.obj
                0x1000525c                dcd_edpt_open
 .text.dcd_edpt_close_all
                0x1000529c        0x8 CMakeFiles/blink.dir/Users/nickmarchuk/me433/2024/pico/pico-sdk/lib/tinyusb/src/portable/raspberrypi/rp2040/dcd_rp2040.c.obj
                0x1000529c                dcd_edpt_close_all
 .text.dcd_edpt_xfer
                0x100052a4       0x34 CMakeFiles/blink.dir/Users/nickmarchuk/me433/2024/pico/pico-sdk/lib/tinyusb/src/portable/raspberrypi/rp2040/dcd_rp2040.c.obj
                0x100052a4                dcd_edpt_xfer
 .text.dcd_edpt_stall
                0x100052d8       0x2c CMakeFiles/blink.dir/Users/nickmarchuk/me433/2024/pico/pico-sdk/lib/tinyusb/src/portable/raspberrypi/rp2040/dcd_rp2040.c.obj
                0x100052d8                dcd_edpt_stall
 .text.dcd_edpt_clear_stall
                0x10005304       0x20 CMakeFiles/blink.dir/Users/nickmarchuk/me433/2024/pico/pico-sdk/lib/tinyusb/src/portable/raspberrypi/rp2040/dcd_rp2040.c.obj
                0x10005304                dcd_edpt_clear_stall
 .text.rp2040_usb_init
                0x10005324       0x4c CMakeFiles/blink.dir/Users/nickmarchuk/me433/2024/pico/pico-sdk/lib/tinyusb/src/portable/raspberrypi/rp2040/rp2040_usb.c.obj
                0x10005324                rp2040_usb_init
 .text.hw_endpoint_xfer_start
                0x10005370       0x50 CMakeFiles/blink.dir/Users/nickmarchuk/me433/2024/pico/pico-sdk/lib/tinyusb/src/portable/raspberrypi/rp2040/rp2040_usb.c.obj
                0x10005370                hw_endpoint_xfer_start
 .text.configuration_reset
                0x100053c0       0x84 CMakeFiles/blink.dir/Users/nickmarchuk/me433/2024/pico/pico-sdk/lib/tinyusb/src/device/usbd.c.obj
 .text.critical_section_enter_blocking
                0x10005444       0x16 CMakeFiles/blink.dir/Users/nickmarchuk/me433/2024/pico/pico-sdk/lib/tinyusb/src/device/usbd.c.obj
 .text.usbd_reset
                0x1000545a        0xc CMakeFiles/blink.dir/Users/nickmarchuk/me433/2024/pico/pico-sdk/lib/tinyusb/src/device/usbd.c.obj
 .text.invoke_class_control
                0x10005466       0x1a CMakeFiles/blink.dir/Users/nickmarchuk/me433/2024/pico/pico-sdk/lib/tinyusb/src/device/usbd.c.obj
 .text.process_set_config
                0x10005480      0x178 CMakeFiles/blink.dir/Users/nickmarchuk/me433/2024/pico/pico-sdk/lib/tinyusb/src/device/usbd.c.obj
 .text.process_get_descriptor
                0x100055f8       0xdc CMakeFiles/blink.dir/Users/nickmarchuk/me433/2024/pico/pico-sdk/lib/tinyusb/src/device/usbd.c.obj
 .text.tud_mounted
                0x100056d4       0x10 CMakeFiles/blink.dir/Users/nickmarchuk/me433/2024/pico/pico-sdk/lib/tinyusb/src/device/usbd.c.obj
                0x100056d4                tud_mounted
 .text.tud_suspended
                0x100056e4       0x10 CMakeFiles/blink.dir/Users/nickmarchuk/me433/2024/pico/pico-sdk/lib/tinyusb/src/device/usbd.c.obj
                0x100056e4                tud_suspended
 .text.tud_inited
                0x100056f4       0x14 CMakeFiles/blink.dir/Users/nickmarchuk/me433/2024/pico/pico-sdk/lib/tinyusb/src/device/usbd.c.obj
                0x100056f4                tud_inited
 .text.tud_init
                0x10005708       0xcc CMakeFiles/blink.dir/Users/nickmarchuk/me433/2024/pico/pico-sdk/lib/tinyusb/src/device/usbd.c.obj
                0x10005708                tud_init
 .text.usbd_defer_func
                0x100057d4       0x2a CMakeFiles/blink.dir/Users/nickmarchuk/me433/2024/pico/pico-sdk/lib/tinyusb/src/device/usbd.c.obj
                0x100057d4                usbd_defer_func
 *fill*         0x100057fe        0x2 
 .text.usbd_edpt_open
                0x10005800       0x34 CMakeFiles/blink.dir/Users/nickmarchuk/me433/2024/pico/pico-sdk/lib/tinyusb/src/device/usbd.c.obj
                0x10005800                usbd_edpt_open
 .text.usbd_open_edpt_pair
                0x10005834       0x62 CMakeFiles/blink.dir/Users/nickmarchuk/me433/2024/pico/pico-sdk/lib/tinyusb/src/device/usbd.c.obj
                0x10005834                usbd_open_edpt_pair
 *fill*         0x10005896        0x2 
 .text.usbd_edpt_claim
                0x10005898       0x28 CMakeFiles/blink.dir/Users/nickmarchuk/me433/2024/pico/pico-sdk/lib/tinyusb/src/device/usbd.c.obj
                0x10005898                usbd_edpt_claim
 .text.usbd_edpt_release
                0x100058c0       0x28 CMakeFiles/blink.dir/Users/nickmarchuk/me433/2024/pico/pico-sdk/lib/tinyusb/src/device/usbd.c.obj
                0x100058c0                usbd_edpt_release
 .text.usbd_edpt_xfer
                0x100058e8       0x78 CMakeFiles/blink.dir/Users/nickmarchuk/me433/2024/pico/pico-sdk/lib/tinyusb/src/device/usbd.c.obj
                0x100058e8                usbd_edpt_xfer
 .text.usbd_edpt_stall
                0x10005960       0x48 CMakeFiles/blink.dir/Users/nickmarchuk/me433/2024/pico/pico-sdk/lib/tinyusb/src/device/usbd.c.obj
                0x10005960                usbd_edpt_stall
 .text.usbd_edpt_clear_stall
                0x100059a8       0x48 CMakeFiles/blink.dir/Users/nickmarchuk/me433/2024/pico/pico-sdk/lib/tinyusb/src/device/usbd.c.obj
                0x100059a8                usbd_edpt_clear_stall
 .text.usbd_edpt_stalled
                0x100059f0       0x1c CMakeFiles/blink.dir/Users/nickmarchuk/me433/2024/pico/pico-sdk/lib/tinyusb/src/device/usbd.c.obj
                0x100059f0                usbd_edpt_stalled
 .text.process_control_request
                0x10005a0c      0x374 CMakeFiles/blink.dir/Users/nickmarchuk/me433/2024/pico/pico-sdk/lib/tinyusb/src/device/usbd.c.obj
 .text.tud_task_ext
                0x10005d80      0x1a8 CMakeFiles/blink.dir/Users/nickmarchuk/me433/2024/pico/pico-sdk/lib/tinyusb/src/device/usbd.c.obj
                0x10005d80                tud_task_ext
 .text._status_stage_xact
                0x10005f28       0x1a CMakeFiles/blink.dir/Users/nickmarchuk/me433/2024/pico/pico-sdk/lib/tinyusb/src/device/usbd_control.c.obj
 *fill*         0x10005f42        0x2 
 .text._data_stage_xact
                0x10005f44       0x58 CMakeFiles/blink.dir/Users/nickmarchuk/me433/2024/pico/pico-sdk/lib/tinyusb/src/device/usbd_control.c.obj
 .text.tud_control_status
                0x10005f9c       0x28 CMakeFiles/blink.dir/Users/nickmarchuk/me433/2024/pico/pico-sdk/lib/tinyusb/src/device/usbd_control.c.obj
                0x10005f9c                tud_control_status
 .text.tud_control_xfer
                0x10005fc4       0x68 CMakeFiles/blink.dir/Users/nickmarchuk/me433/2024/pico/pico-sdk/lib/tinyusb/src/device/usbd_control.c.obj
                0x10005fc4                tud_control_xfer
 .text.usbd_control_reset
                0x1000602c       0x14 CMakeFiles/blink.dir/Users/nickmarchuk/me433/2024/pico/pico-sdk/lib/tinyusb/src/device/usbd_control.c.obj
                0x1000602c                usbd_control_reset
 .text.usbd_control_set_complete_callback
                0x10006040        0xc CMakeFiles/blink.dir/Users/nickmarchuk/me433/2024/pico/pico-sdk/lib/tinyusb/src/device/usbd_control.c.obj
                0x10006040                usbd_control_set_complete_callback
 .text.usbd_control_set_request
                0x1000604c       0x1c CMakeFiles/blink.dir/Users/nickmarchuk/me433/2024/pico/pico-sdk/lib/tinyusb/src/device/usbd_control.c.obj
                0x1000604c                usbd_control_set_request
 .text.usbd_control_xfer_cb
                0x10006068       0xbc CMakeFiles/blink.dir/Users/nickmarchuk/me433/2024/pico/pico-sdk/lib/tinyusb/src/device/usbd_control.c.obj
                0x10006068                usbd_control_xfer_cb
 .text._prep_out_transaction
                0x10006124       0x4a CMakeFiles/blink.dir/Users/nickmarchuk/me433/2024/pico/pico-sdk/lib/tinyusb/src/class/cdc/cdc_device.c.obj
 *fill*         0x1000616e        0x2 
 .text.tud_cdc_n_connected
                0x10006170       0x38 CMakeFiles/blink.dir/Users/nickmarchuk/me433/2024/pico/pico-sdk/lib/tinyusb/src/class/cdc/cdc_device.c.obj
                0x10006170                tud_cdc_n_connected
 .text.tud_cdc_n_available
                0x100061a8       0x18 CMakeFiles/blink.dir/Users/nickmarchuk/me433/2024/pico/pico-sdk/lib/tinyusb/src/class/cdc/cdc_device.c.obj
                0x100061a8                tud_cdc_n_available
 .text.tud_cdc_n_read
                0x100061c0       0x28 CMakeFiles/blink.dir/Users/nickmarchuk/me433/2024/pico/pico-sdk/lib/tinyusb/src/class/cdc/cdc_device.c.obj
                0x100061c0                tud_cdc_n_read
 .text.tud_cdc_n_write_flush
                0x100061e8       0xb8 CMakeFiles/blink.dir/Users/nickmarchuk/me433/2024/pico/pico-sdk/lib/tinyusb/src/class/cdc/cdc_device.c.obj
                0x100061e8                tud_cdc_n_write_flush
 .text.tud_cdc_n_write
                0x100062a0       0x38 CMakeFiles/blink.dir/Users/nickmarchuk/me433/2024/pico/pico-sdk/lib/tinyusb/src/class/cdc/cdc_device.c.obj
                0x100062a0                tud_cdc_n_write
 .text.tud_cdc_n_write_available
                0x100062d8       0x1c CMakeFiles/blink.dir/Users/nickmarchuk/me433/2024/pico/pico-sdk/lib/tinyusb/src/class/cdc/cdc_device.c.obj
                0x100062d8                tud_cdc_n_write_available
 .text.cdcd_init
                0x100062f4       0xbc CMakeFiles/blink.dir/Users/nickmarchuk/me433/2024/pico/pico-sdk/lib/tinyusb/src/class/cdc/cdc_device.c.obj
                0x100062f4                cdcd_init
 .text.cdcd_reset
                0x100063b0       0x44 CMakeFiles/blink.dir/Users/nickmarchuk/me433/2024/pico/pico-sdk/lib/tinyusb/src/class/cdc/cdc_device.c.obj
                0x100063b0                cdcd_reset
 .text.cdcd_open
                0x100063f4       0xc4 CMakeFiles/blink.dir/Users/nickmarchuk/me433/2024/pico/pico-sdk/lib/tinyusb/src/class/cdc/cdc_device.c.obj
                0x100063f4                cdcd_open
 .text.cdcd_control_xfer_cb
                0x100064b8      0x134 CMakeFiles/blink.dir/Users/nickmarchuk/me433/2024/pico/pico-sdk/lib/tinyusb/src/class/cdc/cdc_device.c.obj
                0x100064b8                cdcd_control_xfer_cb
 .text.cdcd_xfer_cb
                0x100065ec      0x130 CMakeFiles/blink.dir/Users/nickmarchuk/me433/2024/pico/pico-sdk/lib/tinyusb/src/class/cdc/cdc_device.c.obj
                0x100065ec                cdcd_xfer_cb
 .text.tusb_init
                0x1000671c        0xa CMakeFiles/blink.dir/Users/nickmarchuk/me433/2024/pico/pico-sdk/lib/tinyusb/src/tusb.c.obj
                0x1000671c                tusb_init
 .text.tusb_inited
                0x10006726        0xe CMakeFiles/blink.dir/Users/nickmarchuk/me433/2024/pico/pico-sdk/lib/tinyusb/src/tusb.c.obj
                0x10006726                tusb_inited
 .text.tu_edpt_claim
                0x10006734       0x50 CMakeFiles/blink.dir/Users/nickmarchuk/me433/2024/pico/pico-sdk/lib/tinyusb/src/tusb.c.obj
                0x10006734                tu_edpt_claim
 .text.tu_edpt_release
                0x10006784       0x38 CMakeFiles/blink.dir/Users/nickmarchuk/me433/2024/pico/pico-sdk/lib/tinyusb/src/tusb.c.obj
                0x10006784                tu_edpt_release
 .text.tu_edpt_validate
                0x100067bc       0x78 CMakeFiles/blink.dir/Users/nickmarchuk/me433/2024/pico/pico-sdk/lib/tinyusb/src/tusb.c.obj
                0x100067bc                tu_edpt_validate
 .text.tu_edpt_bind_driver
                0x10006834       0x26 CMakeFiles/blink.dir/Users/nickmarchuk/me433/2024/pico/pico-sdk/lib/tinyusb/src/tusb.c.obj
                0x10006834                tu_edpt_bind_driver
 .text.advance_index
                0x1000685a       0x1a CMakeFiles/blink.dir/Users/nickmarchuk/me433/2024/pico/pico-sdk/lib/tinyusb/src/common/tusb_fifo.c.obj
 .text._tu_fifo_peek
                0x10006874       0x56 CMakeFiles/blink.dir/Users/nickmarchuk/me433/2024/pico/pico-sdk/lib/tinyusb/src/common/tusb_fifo.c.obj
 .text._ff_pull_const_addr
                0x100068ca       0x4c CMakeFiles/blink.dir/Users/nickmarchuk/me433/2024/pico/pico-sdk/lib/tinyusb/src/common/tusb_fifo.c.obj
 .text._ff_pull_n
                0x10006916      0x110 CMakeFiles/blink.dir/Users/nickmarchuk/me433/2024/pico/pico-sdk/lib/tinyusb/src/common/tusb_fifo.c.obj
 .text._tu_fifo_peek_n
                0x10006a26       0x6a CMakeFiles/blink.dir/Users/nickmarchuk/me433/2024/pico/pico-sdk/lib/tinyusb/src/common/tusb_fifo.c.obj
 .text._tu_fifo_read_n
                0x10006a90       0x4e CMakeFiles/blink.dir/Users/nickmarchuk/me433/2024/pico/pico-sdk/lib/tinyusb/src/common/tusb_fifo.c.obj
 .text._ff_push_const_addr
                0x10006ade       0x40 CMakeFiles/blink.dir/Users/nickmarchuk/me433/2024/pico/pico-sdk/lib/tinyusb/src/common/tusb_fifo.c.obj
 .text._ff_push_n
                0x10006b1e      0x10c CMakeFiles/blink.dir/Users/nickmarchuk/me433/2024/pico/pico-sdk/lib/tinyusb/src/common/tusb_fifo.c.obj
 .text._tu_fifo_write_n
                0x10006c2a       0xf0 CMakeFiles/blink.dir/Users/nickmarchuk/me433/2024/pico/pico-sdk/lib/tinyusb/src/common/tusb_fifo.c.obj
 .text.tu_fifo_config
                0x10006d1a       0x7c CMakeFiles/blink.dir/Users/nickmarchuk/me433/2024/pico/pico-sdk/lib/tinyusb/src/common/tusb_fifo.c.obj
                0x10006d1a                tu_fifo_config
 .text.tu_fifo_count
                0x10006d96       0x2a CMakeFiles/blink.dir/Users/nickmarchuk/me433/2024/pico/pico-sdk/lib/tinyusb/src/common/tusb_fifo.c.obj
                0x10006d96                tu_fifo_count
 .text.tu_fifo_empty
                0x10006dc0        0xe CMakeFiles/blink.dir/Users/nickmarchuk/me433/2024/pico/pico-sdk/lib/tinyusb/src/common/tusb_fifo.c.obj
                0x10006dc0                tu_fifo_empty
 .text.tu_fifo_full
                0x10006dce       0x28 CMakeFiles/blink.dir/Users/nickmarchuk/me433/2024/pico/pico-sdk/lib/tinyusb/src/common/tusb_fifo.c.obj
                0x10006dce                tu_fifo_full
 .text.tu_fifo_remaining
                0x10006df6       0x2c CMakeFiles/blink.dir/Users/nickmarchuk/me433/2024/pico/pico-sdk/lib/tinyusb/src/common/tusb_fifo.c.obj
                0x10006df6                tu_fifo_remaining
 .text.tu_fifo_read
                0x10006e22       0x42 CMakeFiles/blink.dir/Users/nickmarchuk/me433/2024/pico/pico-sdk/lib/tinyusb/src/common/tusb_fifo.c.obj
                0x10006e22                tu_fifo_read
 .text.tu_fifo_read_n
                0x10006e64        0xa CMakeFiles/blink.dir/Users/nickmarchuk/me433/2024/pico/pico-sdk/lib/tinyusb/src/common/tusb_fifo.c.obj
                0x10006e64                tu_fifo_read_n
 .text.tu_fifo_write
                0x10006e6e       0x64 CMakeFiles/blink.dir/Users/nickmarchuk/me433/2024/pico/pico-sdk/lib/tinyusb/src/common/tusb_fifo.c.obj
                0x10006e6e                tu_fifo_write
 .text.tu_fifo_write_n
                0x10006ed2        0xa CMakeFiles/blink.dir/Users/nickmarchuk/me433/2024/pico/pico-sdk/lib/tinyusb/src/common/tusb_fifo.c.obj
                0x10006ed2                tu_fifo_write_n
 .text.tu_fifo_clear
                0x10006edc       0x3e CMakeFiles/blink.dir/Users/nickmarchuk/me433/2024/pico/pico-sdk/lib/tinyusb/src/common/tusb_fifo.c.obj
                0x10006edc                tu_fifo_clear
 .text.tu_fifo_set_overwritable
                0x10006f1a       0x46 CMakeFiles/blink.dir/Users/nickmarchuk/me433/2024/pico/pico-sdk/lib/tinyusb/src/common/tusb_fifo.c.obj
                0x10006f1a                tu_fifo_set_overwritable
 .text.adc_init
                0x10006f60       0x34 CMakeFiles/blink.dir/Users/nickmarchuk/me433/2024/pico/pico-sdk/src/rp2_common/hardware_adc/adc.c.obj
                0x10006f60                adc_init
 .text._calloc_r
                0x10006f94       0xa8 /Applications/ArmGNUToolchain/13.2.Rel1/arm-none-eabi/bin/../lib/gcc/arm-none-eabi/13.2.1/../../../../arm-none-eabi/lib/thumb/v6-m/nofp/libg.a(libc_a-callocr.o)
                0x10006f94                _calloc_r
 .text.malloc   0x1000703c       0x14 /Applications/ArmGNUToolchain/13.2.Rel1/arm-none-eabi/bin/../lib/gcc/arm-none-eabi/13.2.1/../../../../arm-none-eabi/lib/thumb/v6-m/nofp/libg.a(libc_a-malloc.o)
                0x1000703c                malloc
 .text.free     0x10007050       0x14 /Applications/ArmGNUToolchain/13.2.Rel1/arm-none-eabi/bin/../lib/gcc/arm-none-eabi/13.2.1/../../../../arm-none-eabi/lib/thumb/v6-m/nofp/libg.a(libc_a-malloc.o)
                0x10007050                free
 .text._malloc_r
                0x10007064      0x5c4 /Applications/ArmGNUToolchain/13.2.Rel1/arm-none-eabi/bin/../lib/gcc/arm-none-eabi/13.2.1/../../../../arm-none-eabi/lib/thumb/v6-m/nofp/libg.a(libc_a-mallocr.o)
                0x10007064                _malloc_r
 .text.__malloc_lock
                0x10007628       0x10 /Applications/ArmGNUToolchain/13.2.Rel1/arm-none-eabi/bin/../lib/gcc/arm-none-eabi/13.2.1/../../../../arm-none-eabi/lib/thumb/v6-m/nofp/libg.a(libc_a-mlock.o)
                0x10007628                __malloc_lock
 .text.__malloc_unlock
                0x10007638       0x10 /Applications/ArmGNUToolchain/13.2.Rel1/arm-none-eabi/bin/../lib/gcc/arm-none-eabi/13.2.1/../../../../arm-none-eabi/lib/thumb/v6-m/nofp/libg.a(libc_a-mlock.o)
                0x10007638                __malloc_unlock
 .text.realloc  0x10007648       0x18 /Applications/ArmGNUToolchain/13.2.Rel1/arm-none-eabi/bin/../lib/gcc/arm-none-eabi/13.2.1/../../../../arm-none-eabi/lib/thumb/v6-m/nofp/libg.a(libc_a-realloc.o)
                0x10007648                realloc
 .text.scanf    0x10007660       0x24 /Applications/ArmGNUToolchain/13.2.Rel1/arm-none-eabi/bin/../lib/gcc/arm-none-eabi/13.2.1/../../../../arm-none-eabi/lib/thumb/v6-m/nofp/libg.a(libc_a-scanf.o)
                0x10007660                scanf
 .text._realloc_r
                0x10007684      0x350 /Applications/ArmGNUToolchain/13.2.Rel1/arm-none-eabi/bin/../lib/gcc/arm-none-eabi/13.2.1/../../../../arm-none-eabi/lib/thumb/v6-m/nofp/libg.a(libc_a-reallocr.o)
                0x10007684                _realloc_r
 .text.memmove  0x100079d4       0xb0 /Applications/ArmGNUToolchain/13.2.Rel1/arm-none-eabi/bin/../lib/gcc/arm-none-eabi/13.2.1/../../../../arm-none-eabi/lib/thumb/v6-m/nofp/libg.a(libc_a-memmove.o)
                0x100079d4                memmove
 .text._sbrk_r  0x10007a84       0x24 /Applications/ArmGNUToolchain/13.2.Rel1/arm-none-eabi/bin/../lib/gcc/arm-none-eabi/13.2.1/../../../../arm-none-eabi/lib/thumb/v6-m/nofp/libg.a(libc_a-sbrkr.o)
                0x10007a84                _sbrk_r
 .text.__errno  0x10007aa8        0xc /Applications/ArmGNUToolchain/13.2.Rel1/arm-none-eabi/bin/../lib/gcc/arm-none-eabi/13.2.1/../../../../arm-none-eabi/lib/thumb/v6-m/nofp/libg.a(libc_a-errno.o)
                0x10007aa8                __errno
 .text.sysconf  0x10007ab4       0x1c /Applications/ArmGNUToolchain/13.2.Rel1/arm-none-eabi/bin/../lib/gcc/arm-none-eabi/13.2.1/../../../../arm-none-eabi/lib/thumb/v6-m/nofp/libg.a(libc_a-sysconf.o)
                0x10007ab4                sysconf
 .text.__retarget_lock_init_recursive
                0x10007ad0        0x4 /Applications/ArmGNUToolchain/13.2.Rel1/arm-none-eabi/bin/../lib/gcc/arm-none-eabi/13.2.1/../../../../arm-none-eabi/lib/thumb/v6-m/nofp/libg.a(libc_a-lock.o)
                0x10007ad0                __retarget_lock_init_recursive
 .text.__retarget_lock_close_recursive
                0x10007ad4        0x4 /Applications/ArmGNUToolchain/13.2.Rel1/arm-none-eabi/bin/../lib/gcc/arm-none-eabi/13.2.1/../../../../arm-none-eabi/lib/thumb/v6-m/nofp/libg.a(libc_a-lock.o)
                0x10007ad4                __retarget_lock_close_recursive
 .text.__retarget_lock_acquire_recursive
                0x10007ad8        0x4 /Applications/ArmGNUToolchain/13.2.Rel1/arm-none-eabi/bin/../lib/gcc/arm-none-eabi/13.2.1/../../../../arm-none-eabi/lib/thumb/v6-m/nofp/libg.a(libc_a-lock.o)
                0x10007ad8                __retarget_lock_acquire_recursive
 .text.__retarget_lock_release_recursive
                0x10007adc        0x4 /Applications/ArmGNUToolchain/13.2.Rel1/arm-none-eabi/bin/../lib/gcc/arm-none-eabi/13.2.1/../../../../arm-none-eabi/lib/thumb/v6-m/nofp/libg.a(libc_a-lock.o)
                0x10007adc                __retarget_lock_release_recursive
 .text.strlen   0x10007ae0       0x5c /Applications/ArmGNUToolchain/13.2.Rel1/arm-none-eabi/bin/../lib/gcc/arm-none-eabi/13.2.1/../../../../arm-none-eabi/lib/thumb/v6-m/nofp/libg.a(libc_a-strlen-stub.o)
                0x10007ae0                strlen
 .text._malloc_trim_r
                0x10007b3c       0xb4 /Applications/ArmGNUToolchain/13.2.Rel1/arm-none-eabi/bin/../lib/gcc/arm-none-eabi/13.2.1/../../../../arm-none-eabi/lib/thumb/v6-m/nofp/libg.a(libc_a-freer.o)
                0x10007b3c                _malloc_trim_r
 .text._free_r  0x10007bf0      0x1d4 /Applications/ArmGNUToolchain/13.2.Rel1/arm-none-eabi/bin/../lib/gcc/arm-none-eabi/13.2.1/../../../../arm-none-eabi/lib/thumb/v6-m/nofp/libg.a(libc_a-freer.o)
                0x10007bf0                _free_r
 .text.__svfscanf_r
                0x10007dc4     0x1884 /Applications/ArmGNUToolchain/13.2.Rel1/arm-none-eabi/bin/../lib/gcc/arm-none-eabi/13.2.1/../../../../arm-none-eabi/lib/thumb/v6-m/nofp/libg.a(libc_a-vfscanf.o)
                0x10007dc4                __svfscanf_r
 .text._vfscanf_r
                0x10009648       0x28 /Applications/ArmGNUToolchain/13.2.Rel1/arm-none-eabi/bin/../lib/gcc/arm-none-eabi/13.2.1/../../../../arm-none-eabi/lib/thumb/v6-m/nofp/libg.a(libc_a-vfscanf.o)
                0x10009648                _vfscanf_r
 .text.__sccl   0x10009670       0x80 /Applications/ArmGNUToolchain/13.2.Rel1/arm-none-eabi/bin/../lib/gcc/arm-none-eabi/13.2.1/../../../../arm-none-eabi/lib/thumb/v6-m/nofp/libg.a(libc_a-sccl.o)
                0x10009670                __sccl
 .text.sulp     0x100096f0       0x30 /Applications/ArmGNUToolchain/13.2.Rel1/arm-none-eabi/bin/../lib/gcc/arm-none-eabi/13.2.1/../../../../arm-none-eabi/lib/thumb/v6-m/nofp/libg.a(libc_a-strtod.o)
 .text._strtod_l
                0x10009720      0xeb8 /Applications/ArmGNUToolchain/13.2.Rel1/arm-none-eabi/bin/../lib/gcc/arm-none-eabi/13.2.1/../../../../arm-none-eabi/lib/thumb/v6-m/nofp/libg.a(libc_a-strtod.o)
                0x10009720                _strtod_l
 .text._strtod_r
                0x1000a5d8       0x10 /Applications/ArmGNUToolchain/13.2.Rel1/arm-none-eabi/bin/../lib/gcc/arm-none-eabi/13.2.1/../../../../arm-none-eabi/lib/thumb/v6-m/nofp/libg.a(libc_a-strtod.o)
                0x1000a5d8                _strtod_r
 .text._strtol_l.isra.0
                0x1000a5e8      0x158 /Applications/ArmGNUToolchain/13.2.Rel1/arm-none-eabi/bin/../lib/gcc/arm-none-eabi/13.2.1/../../../../arm-none-eabi/lib/thumb/v6-m/nofp/libg.a(libc_a-strtol.o)
 .text._strtol_r
                0x1000a740        0x8 /Applications/ArmGNUToolchain/13.2.Rel1/arm-none-eabi/bin/../lib/gcc/arm-none-eabi/13.2.1/../../../../arm-none-eabi/lib/thumb/v6-m/nofp/libg.a(libc_a-strtol.o)
                0x1000a740                _strtol_r
 .text._strtoul_l.isra.0
                0x1000a748      0x144 /Applications/ArmGNUToolchain/13.2.Rel1/arm-none-eabi/bin/../lib/gcc/arm-none-eabi/13.2.1/../../../../arm-none-eabi/lib/thumb/v6-m/nofp/libg.a(libc_a-strtoul.o)
 .text._strtoul_r
                0x1000a88c        0x8 /Applications/ArmGNUToolchain/13.2.Rel1/arm-none-eabi/bin/../lib/gcc/arm-none-eabi/13.2.1/../../../../arm-none-eabi/lib/thumb/v6-m/nofp/libg.a(libc_a-strtoul.o)
                0x1000a88c                _strtoul_r
 .text.stdio_exit_handler
                0x1000a894       0x1c /Applications/ArmGNUToolchain/13.2.Rel1/arm-none-eabi/bin/../lib/gcc/arm-none-eabi/13.2.1/../../../../arm-none-eabi/lib/thumb/v6-m/nofp/libg.a(libc_a-findfp.o)
 .text.cleanup_stdio
                0x1000a8b0       0x3c /Applications/ArmGNUToolchain/13.2.Rel1/arm-none-eabi/bin/../lib/gcc/arm-none-eabi/13.2.1/../../../../arm-none-eabi/lib/thumb/v6-m/nofp/libg.a(libc_a-findfp.o)
 .text.global_stdio_init.part.0
                0x1000a8ec      0x118 /Applications/ArmGNUToolchain/13.2.Rel1/arm-none-eabi/bin/../lib/gcc/arm-none-eabi/13.2.1/../../../../arm-none-eabi/lib/thumb/v6-m/nofp/libg.a(libc_a-findfp.o)
 .text.__sinit  0x1000aa04       0x38 /Applications/ArmGNUToolchain/13.2.Rel1/arm-none-eabi/bin/../lib/gcc/arm-none-eabi/13.2.1/../../../../arm-none-eabi/lib/thumb/v6-m/nofp/libg.a(libc_a-findfp.o)
                0x1000aa04                __sinit
 .text.__sfp_lock_acquire
                0x1000aa3c       0x10 /Applications/ArmGNUToolchain/13.2.Rel1/arm-none-eabi/bin/../lib/gcc/arm-none-eabi/13.2.1/../../../../arm-none-eabi/lib/thumb/v6-m/nofp/libg.a(libc_a-findfp.o)
                0x1000aa3c                __sfp_lock_acquire
 .text.__sfp_lock_release
                0x1000aa4c       0x10 /Applications/ArmGNUToolchain/13.2.Rel1/arm-none-eabi/bin/../lib/gcc/arm-none-eabi/13.2.1/../../../../arm-none-eabi/lib/thumb/v6-m/nofp/libg.a(libc_a-findfp.o)
                0x1000aa4c                __sfp_lock_release
 .text.__submore
                0x1000aa5c       0x84 /Applications/ArmGNUToolchain/13.2.Rel1/arm-none-eabi/bin/../lib/gcc/arm-none-eabi/13.2.1/../../../../arm-none-eabi/lib/thumb/v6-m/nofp/libg.a(libc_a-ungetc.o)
                0x1000aa5c                __submore
 .text._ungetc_r
                0x1000aae0      0x144 /Applications/ArmGNUToolchain/13.2.Rel1/arm-none-eabi/bin/../lib/gcc/arm-none-eabi/13.2.1/../../../../arm-none-eabi/lib/thumb/v6-m/nofp/libg.a(libc_a-ungetc.o)
                0x1000aae0                _ungetc_r
 .text._fread_r
                0x1000ac24      0x1e8 /Applications/ArmGNUToolchain/13.2.Rel1/arm-none-eabi/bin/../lib/gcc/arm-none-eabi/13.2.1/../../../../arm-none-eabi/lib/thumb/v6-m/nofp/libg.a(libc_a-fread.o)
                0x1000ac24                _fread_r
 .text._fwalk_sglue
                0x1000ae0c       0x44 /Applications/ArmGNUToolchain/13.2.Rel1/arm-none-eabi/bin/../lib/gcc/arm-none-eabi/13.2.1/../../../../arm-none-eabi/lib/thumb/v6-m/nofp/libg.a(libc_a-fwalk.o)
                0x1000ae0c                _fwalk_sglue
 .text.strncmp  0x1000ae50       0x74 /Applications/ArmGNUToolchain/13.2.Rel1/arm-none-eabi/bin/../lib/gcc/arm-none-eabi/13.2.1/../../../../arm-none-eabi/lib/thumb/v6-m/nofp/libg.a(libc_a-strncmp.o)
                0x1000ae50                strncmp
 .text.stpncpy  0x1000aec4       0x78 /Applications/ArmGNUToolchain/13.2.Rel1/arm-none-eabi/bin/../lib/gcc/arm-none-eabi/13.2.1/../../../../arm-none-eabi/lib/thumb/v6-m/nofp/libg.a(libc_a-stpncpy.o)
                0x1000aec4                stpncpy
 .text.__locale_mb_cur_max
                0x1000af3c       0x10 /Applications/ArmGNUToolchain/13.2.Rel1/arm-none-eabi/bin/../lib/gcc/arm-none-eabi/13.2.1/../../../../arm-none-eabi/lib/thumb/v6-m/nofp/libg.a(libc_a-locale.o)
                0x1000af3c                __locale_mb_cur_max
 .text._localeconv_r
                0x1000af4c        0x8 /Applications/ArmGNUToolchain/13.2.Rel1/arm-none-eabi/bin/../lib/gcc/arm-none-eabi/13.2.1/../../../../arm-none-eabi/lib/thumb/v6-m/nofp/libg.a(libc_a-localeconv.o)
                0x1000af4c                _localeconv_r
 .text          0x1000af54       0x88 /Applications/ArmGNUToolchain/13.2.Rel1/arm-none-eabi/bin/../lib/gcc/arm-none-eabi/13.2.1/../../../../arm-none-eabi/lib/thumb/v6-m/nofp/libg.a(libc_a-strcmp.o)
                0x1000af54                strcmp
 .text._strtoll_l.isra.0
                0x1000afdc      0x1a0 /Applications/ArmGNUToolchain/13.2.Rel1/arm-none-eabi/bin/../lib/gcc/arm-none-eabi/13.2.1/../../../../arm-none-eabi/lib/thumb/v6-m/nofp/libg.a(libc_a-strtoll.o)
 .text._strtoll_r
                0x1000b17c        0x8 /Applications/ArmGNUToolchain/13.2.Rel1/arm-none-eabi/bin/../lib/gcc/arm-none-eabi/13.2.1/../../../../arm-none-eabi/lib/thumb/v6-m/nofp/libg.a(libc_a-strtoll.o)
                0x1000b17c                _strtoll_r
 .text._strtoull_l.isra.0
                0x1000b184      0x1c4 /Applications/ArmGNUToolchain/13.2.Rel1/arm-none-eabi/bin/../lib/gcc/arm-none-eabi/13.2.1/../../../../arm-none-eabi/lib/thumb/v6-m/nofp/libg.a(libc_a-strtoull.o)
 .text._strtoull_r
                0x1000b348        0x8 /Applications/ArmGNUToolchain/13.2.Rel1/arm-none-eabi/bin/../lib/gcc/arm-none-eabi/13.2.1/../../../../arm-none-eabi/lib/thumb/v6-m/nofp/libg.a(libc_a-strtoull.o)
                0x1000b348                _strtoull_r
 .text._mbrtowc_r
                0x1000b350       0x54 /Applications/ArmGNUToolchain/13.2.Rel1/arm-none-eabi/bin/../lib/gcc/arm-none-eabi/13.2.1/../../../../arm-none-eabi/lib/thumb/v6-m/nofp/libg.a(libc_a-mbrtowc.o)
                0x1000b350                _mbrtowc_r
 .text.iswspace
                0x1000b3a4        0xc /Applications/ArmGNUToolchain/13.2.Rel1/arm-none-eabi/bin/../lib/gcc/arm-none-eabi/13.2.1/../../../../arm-none-eabi/lib/thumb/v6-m/nofp/libg.a(libc_a-iswspace.o)
                0x1000b3a4                iswspace
 .text.iswspace_l
                0x1000b3b0       0x24 /Applications/ArmGNUToolchain/13.2.Rel1/arm-none-eabi/bin/../lib/gcc/arm-none-eabi/13.2.1/../../../../arm-none-eabi/lib/thumb/v6-m/nofp/libg.a(libc_a-iswspace_l.o)
                0x1000b3b0                iswspace_l
 .text.nan      0x1000b3d4        0xc /Applications/ArmGNUToolchain/13.2.Rel1/arm-none-eabi/bin/../lib/gcc/arm-none-eabi/13.2.1/../../../../arm-none-eabi/lib/thumb/v6-m/nofp/libg.a(libm_a-s_nan.o)
                0x1000b3d4                nan
 .text.nanf     0x1000b3e0        0x8 /Applications/ArmGNUToolchain/13.2.Rel1/arm-none-eabi/bin/../lib/gcc/arm-none-eabi/13.2.1/../../../../arm-none-eabi/lib/thumb/v6-m/nofp/libg.a(libm_a-sf_nan.o)
                0x1000b3e0                nanf
 .text.__jp2uc  0x1000b3e8      0x154 /Applications/ArmGNUToolchain/13.2.Rel1/arm-none-eabi/bin/../lib/gcc/arm-none-eabi/13.2.1/../../../../arm-none-eabi/lib/thumb/v6-m/nofp/libg.a(libc_a-jp2uc.o)
 .text._jp2uc_l
                0x1000b53c       0x68 /Applications/ArmGNUToolchain/13.2.Rel1/arm-none-eabi/bin/../lib/gcc/arm-none-eabi/13.2.1/../../../../arm-none-eabi/lib/thumb/v6-m/nofp/libg.a(libc_a-jp2uc.o)
                0x1000b53c                _jp2uc_l
 .text.category
                0x1000b5a4       0x54 /Applications/ArmGNUToolchain/13.2.Rel1/arm-none-eabi/bin/../lib/gcc/arm-none-eabi/13.2.1/../../../../arm-none-eabi/lib/thumb/v6-m/nofp/libg.a(libc_a-categories.o)
                0x1000b5a4                category
 .text.rshift   0x1000b5f8       0xb0 /Applications/ArmGNUToolchain/13.2.Rel1/arm-none-eabi/bin/../lib/gcc/arm-none-eabi/13.2.1/../../../../arm-none-eabi/lib/thumb/v6-m/nofp/libg.a(libc_a-gdtoa-gethex.o)
 .text.__gethex
                0x1000b6a8      0x5a8 /Applications/ArmGNUToolchain/13.2.Rel1/arm-none-eabi/bin/../lib/gcc/arm-none-eabi/13.2.1/../../../../arm-none-eabi/lib/thumb/v6-m/nofp/libg.a(libc_a-gdtoa-gethex.o)
                0x1000b6a8                __gethex
 .text.__match  0x1000bc50       0x2c /Applications/ArmGNUToolchain/13.2.Rel1/arm-none-eabi/bin/../lib/gcc/arm-none-eabi/13.2.1/../../../../arm-none-eabi/lib/thumb/v6-m/nofp/libg.a(libc_a-gdtoa-hexnan.o)
                0x1000bc50                __match
 .text.__hexnan
                0x1000bc7c      0x204 /Applications/ArmGNUToolchain/13.2.Rel1/arm-none-eabi/bin/../lib/gcc/arm-none-eabi/13.2.1/../../../../arm-none-eabi/lib/thumb/v6-m/nofp/libg.a(libc_a-gdtoa-hexnan.o)
                0x1000bc7c                __hexnan
 .text.__ascii_mbtowc
                0x1000be80       0x2c /Applications/ArmGNUToolchain/13.2.Rel1/arm-none-eabi/bin/../lib/gcc/arm-none-eabi/13.2.1/../../../../arm-none-eabi/lib/thumb/v6-m/nofp/libg.a(libc_a-mbtowc_r.o)
                0x1000be80                __ascii_mbtowc
 .text._Balloc  0x1000beac       0x50 /Applications/ArmGNUToolchain/13.2.Rel1/arm-none-eabi/bin/../lib/gcc/arm-none-eabi/13.2.1/../../../../arm-none-eabi/lib/thumb/v6-m/nofp/libg.a(libc_a-mprec.o)
                0x1000beac                _Balloc
 .text._Bfree   0x1000befc       0x14 /Applications/ArmGNUToolchain/13.2.Rel1/arm-none-eabi/bin/../lib/gcc/arm-none-eabi/13.2.1/../../../../arm-none-eabi/lib/thumb/v6-m/nofp/libg.a(libc_a-mprec.o)
                0x1000befc                _Bfree
 .text.__multadd
                0x1000bf10       0xa8 /Applications/ArmGNUToolchain/13.2.Rel1/arm-none-eabi/bin/../lib/gcc/arm-none-eabi/13.2.1/../../../../arm-none-eabi/lib/thumb/v6-m/nofp/libg.a(libc_a-mprec.o)
                0x1000bf10                __multadd
 .text.__s2b    0x1000bfb8       0xb0 /Applications/ArmGNUToolchain/13.2.Rel1/arm-none-eabi/bin/../lib/gcc/arm-none-eabi/13.2.1/../../../../arm-none-eabi/lib/thumb/v6-m/nofp/libg.a(libc_a-mprec.o)
                0x1000bfb8                __s2b
 .text.__hi0bits
                0x1000c068       0x4c /Applications/ArmGNUToolchain/13.2.Rel1/arm-none-eabi/bin/../lib/gcc/arm-none-eabi/13.2.1/../../../../arm-none-eabi/lib/thumb/v6-m/nofp/libg.a(libc_a-mprec.o)
                0x1000c068                __hi0bits
 .text.__lo0bits
                0x1000c0b4       0x5c /Applications/ArmGNUToolchain/13.2.Rel1/arm-none-eabi/bin/../lib/gcc/arm-none-eabi/13.2.1/../../../../arm-none-eabi/lib/thumb/v6-m/nofp/libg.a(libc_a-mprec.o)
                0x1000c0b4                __lo0bits
 .text.__i2b    0x1000c110       0x60 /Applications/ArmGNUToolchain/13.2.Rel1/arm-none-eabi/bin/../lib/gcc/arm-none-eabi/13.2.1/../../../../arm-none-eabi/lib/thumb/v6-m/nofp/libg.a(libc_a-mprec.o)
                0x1000c110                __i2b
 .text.__multiply
                0x1000c170      0x1ac /Applications/ArmGNUToolchain/13.2.Rel1/arm-none-eabi/bin/../lib/gcc/arm-none-eabi/13.2.1/../../../../arm-none-eabi/lib/thumb/v6-m/nofp/libg.a(libc_a-mprec.o)
                0x1000c170                __multiply
 .text.__pow5mult
                0x1000c31c       0xd0 /Applications/ArmGNUToolchain/13.2.Rel1/arm-none-eabi/bin/../lib/gcc/arm-none-eabi/13.2.1/../../../../arm-none-eabi/lib/thumb/v6-m/nofp/libg.a(libc_a-mprec.o)
                0x1000c31c                __pow5mult
 .text.__lshift
                0x1000c3ec       0xfc /Applications/ArmGNUToolchain/13.2.Rel1/arm-none-eabi/bin/../lib/gcc/arm-none-eabi/13.2.1/../../../../arm-none-eabi/lib/thumb/v6-m/nofp/libg.a(libc_a-mprec.o)
                0x1000c3ec                __lshift
 .text.__mcmp   0x1000c4e8       0x3c /Applications/ArmGNUToolchain/13.2.Rel1/arm-none-eabi/bin/../lib/gcc/arm-none-eabi/13.2.1/../../../../arm-none-eabi/lib/thumb/v6-m/nofp/libg.a(libc_a-mprec.o)
                0x1000c4e8                __mcmp
 .text.__mdiff  0x1000c524      0x1b4 /Applications/ArmGNUToolchain/13.2.Rel1/arm-none-eabi/bin/../lib/gcc/arm-none-eabi/13.2.1/../../../../arm-none-eabi/lib/thumb/v6-m/nofp/libg.a(libc_a-mprec.o)
                0x1000c524                __mdiff
 .text.__ulp    0x1000c6d8       0x40 /Applications/ArmGNUToolchain/13.2.Rel1/arm-none-eabi/bin/../lib/gcc/arm-none-eabi/13.2.1/../../../../arm-none-eabi/lib/thumb/v6-m/nofp/libg.a(libc_a-mprec.o)
                0x1000c6d8                __ulp
 .text.__b2d    0x1000c718       0xb8 /Applications/ArmGNUToolchain/13.2.Rel1/arm-none-eabi/bin/../lib/gcc/arm-none-eabi/13.2.1/../../../../arm-none-eabi/lib/thumb/v6-m/nofp/libg.a(libc_a-mprec.o)
                0x1000c718                __b2d
 .text.__d2b    0x1000c7d0       0xcc /Applications/ArmGNUToolchain/13.2.Rel1/arm-none-eabi/bin/../lib/gcc/arm-none-eabi/13.2.1/../../../../arm-none-eabi/lib/thumb/v6-m/nofp/libg.a(libc_a-mprec.o)
                0x1000c7d0                __d2b
 .text.__ratio  0x1000c89c       0x68 /Applications/ArmGNUToolchain/13.2.Rel1/arm-none-eabi/bin/../lib/gcc/arm-none-eabi/13.2.1/../../../../arm-none-eabi/lib/thumb/v6-m/nofp/libg.a(libc_a-mprec.o)
                0x1000c89c                __ratio
 .text.__copybits
                0x1000c904       0x40 /Applications/ArmGNUToolchain/13.2.Rel1/arm-none-eabi/bin/../lib/gcc/arm-none-eabi/13.2.1/../../../../arm-none-eabi/lib/thumb/v6-m/nofp/libg.a(libc_a-mprec.o)
                0x1000c904                __copybits
 .text.__any_on
                0x1000c944       0x4c /Applications/ArmGNUToolchain/13.2.Rel1/arm-none-eabi/bin/../lib/gcc/arm-none-eabi/13.2.1/../../../../arm-none-eabi/lib/thumb/v6-m/nofp/libg.a(libc_a-mprec.o)
                0x1000c944                __any_on
 .text.lflush   0x1000c990       0x20 /Applications/ArmGNUToolchain/13.2.Rel1/arm-none-eabi/bin/../lib/gcc/arm-none-eabi/13.2.1/../../../../arm-none-eabi/lib/thumb/v6-m/nofp/libg.a(libc_a-refill.o)
 .text.__srefill_r
                0x1000c9b0      0x118 /Applications/ArmGNUToolchain/13.2.Rel1/arm-none-eabi/bin/../lib/gcc/arm-none-eabi/13.2.1/../../../../arm-none-eabi/lib/thumb/v6-m/nofp/libg.a(libc_a-refill.o)
                0x1000c9b0                __srefill_r
 .text._fclose_r
                0x1000cac8       0xd0 /Applications/ArmGNUToolchain/13.2.Rel1/arm-none-eabi/bin/../lib/gcc/arm-none-eabi/13.2.1/../../../../arm-none-eabi/lib/thumb/v6-m/nofp/libg.a(libc_a-fclose.o)
                0x1000cac8                _fclose_r
 .text.__sflush_r
                0x1000cb98      0x148 /Applications/ArmGNUToolchain/13.2.Rel1/arm-none-eabi/bin/../lib/gcc/arm-none-eabi/13.2.1/../../../../arm-none-eabi/lib/thumb/v6-m/nofp/libg.a(libc_a-fflush.o)
                0x1000cb98                __sflush_r
 .text._fflush_r
                0x1000cce0       0x68 /Applications/ArmGNUToolchain/13.2.Rel1/arm-none-eabi/bin/../lib/gcc/arm-none-eabi/13.2.1/../../../../arm-none-eabi/lib/thumb/v6-m/nofp/libg.a(libc_a-fflush.o)
                0x1000cce0                _fflush_r
 .text.__sread  0x1000cd48       0x28 /Applications/ArmGNUToolchain/13.2.Rel1/arm-none-eabi/bin/../lib/gcc/arm-none-eabi/13.2.1/../../../../arm-none-eabi/lib/thumb/v6-m/nofp/libg.a(libc_a-stdio.o)
                0x1000cd48                __sread
 .text.__swrite
                0x1000cd70       0x40 /Applications/ArmGNUToolchain/13.2.Rel1/arm-none-eabi/bin/../lib/gcc/arm-none-eabi/13.2.1/../../../../arm-none-eabi/lib/thumb/v6-m/nofp/libg.a(libc_a-stdio.o)
                0x1000cd70                __swrite
 .text.__sseek  0x1000cdb0       0x30 /Applications/ArmGNUToolchain/13.2.Rel1/arm-none-eabi/bin/../lib/gcc/arm-none-eabi/13.2.1/../../../../arm-none-eabi/lib/thumb/v6-m/nofp/libg.a(libc_a-stdio.o)
                0x1000cdb0                __sseek
 .text.__sclose
                0x1000cde0        0xc /Applications/ArmGNUToolchain/13.2.Rel1/arm-none-eabi/bin/../lib/gcc/arm-none-eabi/13.2.1/../../../../arm-none-eabi/lib/thumb/v6-m/nofp/libg.a(libc_a-stdio.o)
                0x1000cde0                __sclose
 .text.__ascii_wctomb
                0x1000cdec       0x1c /Applications/ArmGNUToolchain/13.2.Rel1/arm-none-eabi/bin/../lib/gcc/arm-none-eabi/13.2.1/../../../../arm-none-eabi/lib/thumb/v6-m/nofp/libg.a(libc_a-wctomb_r.o)
                0x1000cdec                __ascii_wctomb
 .text._close_r
                0x1000ce08       0x24 /Applications/ArmGNUToolchain/13.2.Rel1/arm-none-eabi/bin/../lib/gcc/arm-none-eabi/13.2.1/../../../../arm-none-eabi/lib/thumb/v6-m/nofp/libg.a(libc_a-closer.o)
                0x1000ce08                _close_r
 .text._lseek_r
                0x1000ce2c       0x28 /Applications/ArmGNUToolchain/13.2.Rel1/arm-none-eabi/bin/../lib/gcc/arm-none-eabi/13.2.1/../../../../arm-none-eabi/lib/thumb/v6-m/nofp/libg.a(libc_a-lseekr.o)
                0x1000ce2c                _lseek_r
 .text._read_r  0x1000ce54       0x28 /Applications/ArmGNUToolchain/13.2.Rel1/arm-none-eabi/bin/../lib/gcc/arm-none-eabi/13.2.1/../../../../arm-none-eabi/lib/thumb/v6-m/nofp/libg.a(libc_a-readr.o)
                0x1000ce54                _read_r
 .text._write_r
                0x1000ce7c       0x28 /Applications/ArmGNUToolchain/13.2.Rel1/arm-none-eabi/bin/../lib/gcc/arm-none-eabi/13.2.1/../../../../arm-none-eabi/lib/thumb/v6-m/nofp/libg.a(libc_a-writer.o)
                0x1000ce7c                _write_r
 .text.__smakebuf_r
                0x1000cea4       0xe0 /Applications/ArmGNUToolchain/13.2.Rel1/arm-none-eabi/bin/../lib/gcc/arm-none-eabi/13.2.1/../../../../arm-none-eabi/lib/thumb/v6-m/nofp/libg.a(libc_a-makebuf.o)
                0x1000cea4                __smakebuf_r
 .text._fstat_r
                0x1000cf84       0x28 /Applications/ArmGNUToolchain/13.2.Rel1/arm-none-eabi/bin/../lib/gcc/arm-none-eabi/13.2.1/../../../../arm-none-eabi/lib/thumb/v6-m/nofp/libg.a(libc_a-fstatr.o)
                0x1000cf84                _fstat_r
 .text._isatty_r