Archive member included to satisfy reference by file (symbol)

/Applications/ArmGNUToolchain/13.2.Rel1/arm-none-eabi/bin/../lib/gcc/arm-none-eabi/13.2.1/thumb/v6-m/nofp/libgcc.a(_dvmd_tls.o)
                              CMakeFiles/cdc.dir/Users/nickmarchuk/me433/2024/pico/pico-sdk/src/rp2_common/pico_divider/divider.S.obj (__aeabi_idiv0)
/Applications/ArmGNUToolchain/13.2.Rel1/arm-none-eabi/bin/../lib/gcc/arm-none-eabi/13.2.1/../../../../arm-none-eabi/lib/thumb/v6-m/nofp/libg.a(libc_a-calloc.o)
                              CMakeFiles/cdc.dir/Users/nickmarchuk/me433/2024/pico/pico-sdk/src/rp2_common/pico_malloc/pico_malloc.c.obj (calloc)
/Applications/ArmGNUToolchain/13.2.Rel1/arm-none-eabi/bin/../lib/gcc/arm-none-eabi/13.2.1/../../../../arm-none-eabi/lib/thumb/v6-m/nofp/libg.a(libc_a-callocr.o)
                              /Applications/ArmGNUToolchain/13.2.Rel1/arm-none-eabi/bin/../lib/gcc/arm-none-eabi/13.2.1/../../../../arm-none-eabi/lib/thumb/v6-m/nofp/libg.a(libc_a-calloc.o) (_calloc_r)
/Applications/ArmGNUToolchain/13.2.Rel1/arm-none-eabi/bin/../lib/gcc/arm-none-eabi/13.2.1/../../../../arm-none-eabi/lib/thumb/v6-m/nofp/libg.a(libc_a-malloc.o)
                              CMakeFiles/cdc.dir/Users/nickmarchuk/me433/2024/pico/pico-sdk/src/rp2_common/pico_malloc/pico_malloc.c.obj (malloc)
/Applications/ArmGNUToolchain/13.2.Rel1/arm-none-eabi/bin/../lib/gcc/arm-none-eabi/13.2.1/../../../../arm-none-eabi/lib/thumb/v6-m/nofp/libg.a(libc_a-mallocr.o)
                              /Applications/ArmGNUToolchain/13.2.Rel1/arm-none-eabi/bin/../lib/gcc/arm-none-eabi/13.2.1/../../../../arm-none-eabi/lib/thumb/v6-m/nofp/libg.a(libc_a-callocr.o) (_malloc_r)
/Applications/ArmGNUToolchain/13.2.Rel1/arm-none-eabi/bin/../lib/gcc/arm-none-eabi/13.2.1/../../../../arm-none-eabi/lib/thumb/v6-m/nofp/libg.a(libc_a-mlock.o)
                              /Applications/ArmGNUToolchain/13.2.Rel1/arm-none-eabi/bin/../lib/gcc/arm-none-eabi/13.2.1/../../../../arm-none-eabi/lib/thumb/v6-m/nofp/libg.a(libc_a-mallocr.o) (__malloc_lock)
/Applications/ArmGNUToolchain/13.2.Rel1/arm-none-eabi/bin/../lib/gcc/arm-none-eabi/13.2.1/../../../../arm-none-eabi/lib/thumb/v6-m/nofp/libg.a(libc_a-realloc.o)
                              CMakeFiles/cdc.dir/Users/nickmarchuk/me433/2024/pico/pico-sdk/src/rp2_common/pico_malloc/pico_malloc.c.obj (realloc)
/Applications/ArmGNUToolchain/13.2.Rel1/arm-none-eabi/bin/../lib/gcc/arm-none-eabi/13.2.1/../../../../arm-none-eabi/lib/thumb/v6-m/nofp/libg.a(libc_a-scanf.o)
                              CMakeFiles/cdc.dir/cdc.c.obj (scanf)
/Applications/ArmGNUToolchain/13.2.Rel1/arm-none-eabi/bin/../lib/gcc/arm-none-eabi/13.2.1/../../../../arm-none-eabi/lib/thumb/v6-m/nofp/libg.a(libc_a-reallocr.o)
                              /Applications/ArmGNUToolchain/13.2.Rel1/arm-none-eabi/bin/../lib/gcc/arm-none-eabi/13.2.1/../../../../arm-none-eabi/lib/thumb/v6-m/nofp/libg.a(libc_a-realloc.o) (_realloc_r)
/Applications/ArmGNUToolchain/13.2.Rel1/arm-none-eabi/bin/../lib/gcc/arm-none-eabi/13.2.1/../../../../arm-none-eabi/lib/thumb/v6-m/nofp/libg.a(libc_a-memmove.o)
                              /Applications/ArmGNUToolchain/13.2.Rel1/arm-none-eabi/bin/../lib/gcc/arm-none-eabi/13.2.1/../../../../arm-none-eabi/lib/thumb/v6-m/nofp/libg.a(libc_a-reallocr.o) (memmove)
/Applications/ArmGNUToolchain/13.2.Rel1/arm-none-eabi/bin/../lib/gcc/arm-none-eabi/13.2.1/../../../../arm-none-eabi/lib/thumb/v6-m/nofp/libg.a(libc_a-impure.o)
                              /Applications/ArmGNUToolchain/13.2.Rel1/arm-none-eabi/bin/../lib/gcc/arm-none-eabi/13.2.1/../../../../arm-none-eabi/lib/thumb/v6-m/nofp/libg.a(libc_a-calloc.o) (_impure_ptr)
/Applications/ArmGNUToolchain/13.2.Rel1/arm-none-eabi/bin/../lib/gcc/arm-none-eabi/13.2.1/../../../../arm-none-eabi/lib/thumb/v6-m/nofp/libg.a(libc_a-sbrkr.o)
                              /Applications/ArmGNUToolchain/13.2.Rel1/arm-none-eabi/bin/../lib/gcc/arm-none-eabi/13.2.1/../../../../arm-none-eabi/lib/thumb/v6-m/nofp/libg.a(libc_a-mallocr.o) (_sbrk_r)
/Applications/ArmGNUToolchain/13.2.Rel1/arm-none-eabi/bin/../lib/gcc/arm-none-eabi/13.2.1/../../../../arm-none-eabi/lib/thumb/v6-m/nofp/libg.a(libc_a-errno.o)
                              /Applications/ArmGNUToolchain/13.2.Rel1/arm-none-eabi/bin/../lib/gcc/arm-none-eabi/13.2.1/../../../../arm-none-eabi/lib/thumb/v6-m/nofp/libg.a(libc_a-callocr.o) (__errno)
/Applications/ArmGNUToolchain/13.2.Rel1/arm-none-eabi/bin/../lib/gcc/arm-none-eabi/13.2.1/../../../../arm-none-eabi/lib/thumb/v6-m/nofp/libg.a(libc_a-sysconf.o)
                              /Applications/ArmGNUToolchain/13.2.Rel1/arm-none-eabi/bin/../lib/gcc/arm-none-eabi/13.2.1/../../../../arm-none-eabi/lib/thumb/v6-m/nofp/libg.a(libc_a-mallocr.o) (sysconf)
/Applications/ArmGNUToolchain/13.2.Rel1/arm-none-eabi/bin/../lib/gcc/arm-none-eabi/13.2.1/../../../../arm-none-eabi/lib/thumb/v6-m/nofp/libg.a(libc_a-init.o)
[...]
Memory Configuration

Name             Origin             Length             Attributes
FLASH            0x10000000         0x00200000         xr
RAM              0x20000000         0x00040000         xrw
SCRATCH_X        0x20040000         0x00001000         xrw
SCRATCH_Y        0x20041000         0x00001000         xrw
*default*        0x00000000         0xffffffff

Linker script and memory map

LOAD /Applications/ArmGNUToolchain/13.2.Rel1/arm-none-eabi/bin/../lib/gcc/arm-none-eabi/13.2.1/thumb/v6-m/nofp/crti.o
LOAD /Applications/ArmGNUToolchain/13.2.Rel1/arm-none-eabi/bin/../lib/gcc/arm-none-eabi/13.2.1/thumb/v6-m/nofp/crtbegin.o
LOAD /Applications/ArmGNUToolchain/13.2.Rel1/arm-none-eabi/bin/../lib/gcc/arm-none-eabi/13.2.1/../../../../arm-none-eabi/lib/thumb/v6-m/nofp/crt0.o

.flash_begin    0x10000000        0x0
                0x10000000                        __flash_binary_start = .

.boot2          0x10000000      0x100
                0x10000000                        __boot2_start__ = .
 *(.boot2)
 .boot2         0x10000000      0x100 /var/folders/fp/ywf1tgpd5mz5zj8d_sln6w080000gn/T//ccPZ2o68.o
                0x10000100                        __boot2_end__ = .
                0x00000001                        ASSERT (((__boot2_end__ - __boot2_start__) == 0x100), ERROR: Pico second stage bootloader must be 256 bytes in size)

.text           0x10000100     0xce88
                0x10000100                        __logical_binary_start = .
 *(.vectors)
 .vectors       0x10000100       0xd4 CMakeFiles/cdc.dir/Users/nickmarchuk/me433/2024/pico/pico-sdk/src/rp2_common/pico_standard_link/crt0.S.obj
                0x10000100                __VECTOR_TABLE
                0x10000100                __vectors
                0x100001c0                __default_isrs_start
                0x100001c0                isr_invalid
                0x100001c2                isr_nmi
                0x100001c4                isr_hardfault
                0x100001c6                isr_svcall
                0x100001c8                isr_pendsv
                0x100001ca                isr_systick
                0x100001cc                isr_irq28
                0x100001cc                isr_irq19
                0x100001cc                isr_irq0
                0x100001cc                isr_irq6
                0x100001cc                isr_irq22
                0x100001cc                isr_irq17
                0x100001cc                isr_irq14
                0x100001cc                isr_irq2
                0x100001cc                isr_irq10
                0x100001cc                isr_irq8
                0x100001cc                isr_irq24
                0x100001cc                isr_irq1
                0x100001cc                isr_irq7
                0x100001cc                isr_irq21
                0x100001cc                isr_irq20
                0x100001cc                isr_irq15
                0x100001cc                isr_irq25
                0x100001cc                isr_irq4
                0x100001cc                isr_irq16
                0x100001cc                isr_irq29
                0x100001cc                isr_irq26
                0x100001cc                __default_isrs_end
                0x100001cc                isr_irq3
                0x100001cc                isr_irq9
                0x100001cc                __unhandled_user_irq
                0x100001cc                isr_irq13
                0x100001cc                isr_irq27
                0x100001cc                isr_irq31
                0x100001cc                isr_irq5
                0x100001cc                isr_irq11
                0x100001cc                isr_irq23
                0x100001cc                isr_irq18
                0x100001cc                isr_irq30
                0x100001cc                isr_irq12
                0x100001d2                unhandled_user_irq_num_in_r0
 *(.binary_info_header)
 .binary_info_header
                0x100001d4       0x14 CMakeFiles/cdc.dir/Users/nickmarchuk/me433/2024/pico/pico-sdk/src/rp2_common/pico_standard_link/crt0.S.obj
                0x100001e8                        __binary_info_header_end = .
 *(.reset)
 .reset         0x100001e8       0xa0 CMakeFiles/cdc.dir/Users/nickmarchuk/me433/2024/pico/pico-sdk/src/rp2_common/pico_standard_link/crt0.S.obj
                0x100001e8                _entry_point
 .reset         0x10000288       0x30 CMakeFiles/cdc.dir/Users/nickmarchuk/me433/2024/pico/pico-sdk/src/rp2_common/pico_standard_link/binary_info.c.obj
 *(.init)
 .init          0x100002b8        0x4 /Applications/ArmGNUToolchain/13.2.Rel1/arm-none-eabi/bin/../lib/gcc/arm-none-eabi/13.2.1/thumb/v6-m/nofp/crti.o
                0x100002b8                _init
 *(EXCLUDE_FILE(*libm.a: *libc.a:*lib_a-mem*.o *libgcc.a:) .text*)
 .text.register_tm_clones
                0x100002bc       0x28 /Applications/ArmGNUToolchain/13.2.Rel1/arm-none-eabi/bin/../lib/gcc/arm-none-eabi/13.2.1/thumb/v6-m/nofp/crtbegin.o
 .text.frame_dummy
                0x100002e4       0x24 /Applications/ArmGNUToolchain/13.2.Rel1/arm-none-eabi/bin/../lib/gcc/arm-none-eabi/13.2.1/thumb/v6-m/nofp/crtbegin.o
 .text.main     0x10000308       0x44 CMakeFiles/cdc.dir/cdc.c.obj
                0x10000308                main
 .text.running_on_fpga
                0x1000034c       0x14 CMakeFiles/cdc.dir/Users/nickmarchuk/me433/2024/pico/pico-sdk/src/rp2_common/pico_platform/platform.c.obj
                0x1000034c                running_on_fpga
 .text.hw_claim_lock
                0x10000360       0x18 CMakeFiles/cdc.dir/Users/nickmarchuk/me433/2024/pico/pico-sdk/src/rp2_common/hardware_claim/claim.c.obj
                0x10000360                hw_claim_lock
 .text.hw_claim_unlock
                0x10000378       0x14 CMakeFiles/cdc.dir/Users/nickmarchuk/me433/2024/pico/pico-sdk/src/rp2_common/hardware_claim/claim.c.obj
                0x10000378                hw_claim_unlock
 .text.hw_claim_or_assert
                0x1000038c       0x32 CMakeFiles/cdc.dir/Users/nickmarchuk/me433/2024/pico/pico-sdk/src/rp2_common/hardware_claim/claim.c.obj
                0x1000038c                hw_claim_or_assert
 .text.hw_claim_unused_from_range
                0x100003be       0x50 CMakeFiles/cdc.dir/Users/nickmarchuk/me433/2024/pico/pico-sdk/src/rp2_common/hardware_claim/claim.c.obj
                0x100003be                hw_claim_unused_from_range
 *fill*         0x1000040e        0x2 
 .text.spin_locks_reset
                0x10000410       0x20 CMakeFiles/cdc.dir/Users/nickmarchuk/me433/2024/pico/pico-sdk/src/rp2_common/hardware_sync/sync.c.obj
                0x10000410                spin_locks_reset
 .text.next_striped_spin_lock_num
                0x10000430       0x1c CMakeFiles/cdc.dir/Users/nickmarchuk/me433/2024/pico/pico-sdk/src/rp2_common/hardware_sync/sync.c.obj
                0x10000430                next_striped_spin_lock_num
 .text.spin_lock_claim_unused
                0x1000044c       0x24 CMakeFiles/cdc.dir/Users/nickmarchuk/me433/2024/pico/pico-sdk/src/rp2_common/hardware_sync/sync.c.obj
                0x1000044c                spin_lock_claim_unused
 .text.set_raw_irq_handler_and_unlock
                0x10000470       0x28 CMakeFiles/cdc.dir/Users/nickmarchuk/me433/2024/pico/pico-sdk/src/rp2_common/hardware_irq/irq.c.obj
 .text.resolve_branch
                0x10000498       0x30 CMakeFiles/cdc.dir/Users/nickmarchuk/me433/2024/pico/pico-sdk/src/rp2_common/hardware_irq/irq.c.obj
 .text.make_branch
                0x100004c8       0x48 CMakeFiles/cdc.dir/Users/nickmarchuk/me433/2024/pico/pico-sdk/src/rp2_common/hardware_irq/irq.c.obj
 .text.insert_branch_and_link
                0x10000510       0x40 CMakeFiles/cdc.dir/Users/nickmarchuk/me433/2024/pico/pico-sdk/src/rp2_common/hardware_irq/irq.c.obj
 .text.irq_is_enabled
                0x10000550       0x18 CMakeFiles/cdc.dir/Users/nickmarchuk/me433/2024/pico/pico-sdk/src/rp2_common/hardware_irq/irq.c.obj
                0x10000550                irq_is_enabled
 .text.irq_set_mask_enabled
                0x10000568       0x20 CMakeFiles/cdc.dir/Users/nickmarchuk/me433/2024/pico/pico-sdk/src/rp2_common/hardware_irq/irq.c.obj
                0x10000568                irq_set_mask_enabled
 .text.irq_set_enabled
                0x10000588        0xe CMakeFiles/cdc.dir/Users/nickmarchuk/me433/2024/pico/pico-sdk/src/rp2_common/hardware_irq/irq.c.obj
                0x10000588                irq_set_enabled
 *fill*         0x10000596        0x2 
 .text.irq_set_pending
                0x10000598       0x10 CMakeFiles/cdc.dir/Users/nickmarchuk/me433/2024/pico/pico-sdk/src/rp2_common/hardware_irq/irq.c.obj
                0x10000598                irq_set_pending
 .text.irq_get_vtable_handler
                0x100005a8       0x10 CMakeFiles/cdc.dir/Users/nickmarchuk/me433/2024/pico/pico-sdk/src/rp2_common/hardware_irq/irq.c.obj
                0x100005a8                irq_get_vtable_handler
 .text.irq_has_shared_handler
                0x100005b8       0x24 CMakeFiles/cdc.dir/Users/nickmarchuk/me433/2024/pico/pico-sdk/src/rp2_common/hardware_irq/irq.c.obj
                0x100005b8                irq_has_shared_handler
 .text.irq_set_exclusive_handler
                0x100005dc       0x54 CMakeFiles/cdc.dir/Users/nickmarchuk/me433/2024/pico/pico-sdk/src/rp2_common/hardware_irq/irq.c.obj
                0x100005dc                irq_set_exclusive_handler
 .text.irq_add_shared_handler
                0x10000630      0x210 CMakeFiles/cdc.dir/Users/nickmarchuk/me433/2024/pico/pico-sdk/src/rp2_common/hardware_irq/irq.c.obj
                0x10000630                irq_add_shared_handler
 .text.irq_remove_handler
                0x10000840      0x188 CMakeFiles/cdc.dir/Users/nickmarchuk/me433/2024/pico/pico-sdk/src/rp2_common/hardware_irq/irq.c.obj
                0x10000840                irq_remove_handler
 .text.irq_add_tail_to_free_list
                0x100009c8       0xf0 CMakeFiles/cdc.dir/Users/nickmarchuk/me433/2024/pico/pico-sdk/src/rp2_common/hardware_irq/irq.c.obj
                0x100009c8                irq_add_tail_to_free_list
 .text.irq_init_priorities
                0x10000ab8       0x1c CMakeFiles/cdc.dir/Users/nickmarchuk/me433/2024/pico/pico-sdk/src/rp2_common/hardware_irq/irq.c.obj
                0x10000ab8                irq_init_priorities
 .text.user_irq_claim_unused
                0x10000ad4       0x2c CMakeFiles/cdc.dir/Users/nickmarchuk/me433/2024/pico/pico-sdk/src/rp2_common/hardware_irq/irq.c.obj
                0x10000ad4                user_irq_claim_unused
 .text.lock_init
                0x10000b00       0x10 CMakeFiles/cdc.dir/Users/nickmarchuk/me433/2024/pico/pico-sdk/src/common/pico_sync/lock_core.c.obj
                0x10000b00                lock_init
 .text.update_us_since_boot
                0x10000b10       0x24 CMakeFiles/cdc.dir/Users/nickmarchuk/me433/2024/pico/pico-sdk/src/common/pico_sync/mutex.c.obj
 .text.delayed_by_ms
                0x10000b34       0x44 CMakeFiles/cdc.dir/Users/nickmarchuk/me433/2024/pico/pico-sdk/src/common/pico_sync/mutex.c.obj
 .text.get_absolute_time
                0x10000b78       0x22 CMakeFiles/cdc.dir/Users/nickmarchuk/me433/2024/pico/pico-sdk/src/common/pico_sync/mutex.c.obj
 .text.make_timeout_time_ms
                0x10000b9a       0x20 CMakeFiles/cdc.dir/Users/nickmarchuk/me433/2024/pico/pico-sdk/src/common/pico_sync/mutex.c.obj
 .text.mutex_init
                0x10000bba       0x1a CMakeFiles/cdc.dir/Users/nickmarchuk/me433/2024/pico/pico-sdk/src/common/pico_sync/mutex.c.obj
                0x10000bba                mutex_init
 .text.recursive_mutex_init
                0x10000bd4       0x1e CMakeFiles/cdc.dir/Users/nickmarchuk/me433/2024/pico/pico-sdk/src/common/pico_sync/mutex.c.obj
                0x10000bd4                recursive_mutex_init
 *fill*         0x10000bf2        0x2 
 .text.critical_section_init_with_lock_num
                0x10000bf4       0x14 CMakeFiles/cdc.dir/Users/nickmarchuk/me433/2024/pico/pico-sdk/src/common/pico_sync/critical_section.c.obj
                0x10000bf4                critical_section_init_with_lock_num
 .text.critical_section_init
                0x10000c08       0x14 CMakeFiles/cdc.dir/Users/nickmarchuk/me433/2024/pico/pico-sdk/src/common/pico_sync/critical_section.c.obj
                0x10000c08                critical_section_init
 .text.time_reached
                0x10000c1c       0x28 CMakeFiles/cdc.dir/Users/nickmarchuk/me433/2024/pico/pico-sdk/src/common/pico_time/time.c.obj
 .text.get_entry
                0x10000c44       0x38 CMakeFiles/cdc.dir/Users/nickmarchuk/me433/2024/pico/pico-sdk/src/common/pico_time/time.c.obj
 .text.timer_pool_entry_comparator
                0x10000c7c       0x2e CMakeFiles/cdc.dir/Users/nickmarchuk/me433/2024/pico/pico-sdk/src/common/pico_time/time.c.obj
                0x10000c7c                timer_pool_entry_comparator
 *fill*         0x10000caa        0x2 
 .text.update_us_since_boot
                0x10000cac       0x24 CMakeFiles/cdc.dir/Users/nickmarchuk/me433/2024/pico/pico-sdk/src/common/pico_time/time.c.obj
 .text.delayed_by_us
                0x10000cd0       0x34 CMakeFiles/cdc.dir/Users/nickmarchuk/me433/2024/pico/pico-sdk/src/common/pico_time/time.c.obj
 .text.ph_get_node
                0x10000d04       0x30 CMakeFiles/cdc.dir/Users/nickmarchuk/me433/2024/pico/pico-sdk/src/common/pico_time/time.c.obj
 .text.ph_contains_node
                0x10000d34       0x1e CMakeFiles/cdc.dir/Users/nickmarchuk/me433/2024/pico/pico-sdk/src/common/pico_time/time.c.obj
 .text.ph_new_node
                0x10000d52       0x28 CMakeFiles/cdc.dir/Users/nickmarchuk/me433/2024/pico/pico-sdk/src/common/pico_time/time.c.obj
 *fill*         0x10000d7a        0x2 
 .text.ph_add_child_node
                0x10000d7c       0x6c CMakeFiles/cdc.dir/Users/nickmarchuk/me433/2024/pico/pico-sdk/src/common/pico_time/time.c.obj
 .text.ph_merge_nodes
                0x10000de8       0x3e CMakeFiles/cdc.dir/Users/nickmarchuk/me433/2024/pico/pico-sdk/src/common/pico_time/time.c.obj
 *fill*         0x10000e26        0x2 
 .text.ph_insert_node
                0x10000e28       0x3c CMakeFiles/cdc.dir/Users/nickmarchuk/me433/2024/pico/pico-sdk/src/common/pico_time/time.c.obj
 .text.ph_free_node
                0x10000e64       0x5c CMakeFiles/cdc.dir/Users/nickmarchuk/me433/2024/pico/pico-sdk/src/common/pico_time/time.c.obj
 .text.get_entry_id_high
                0x10000ec0       0x30 CMakeFiles/cdc.dir/Users/nickmarchuk/me433/2024/pico/pico-sdk/src/common/pico_time/time.c.obj
 .text.alarm_pool_post_alloc_init
                0x10000ef0       0x40 CMakeFiles/cdc.dir/Users/nickmarchuk/me433/2024/pico/pico-sdk/src/common/pico_time/time.c.obj
 .text.sleep_until_callback
                0x10000f30       0x30 CMakeFiles/cdc.dir/Users/nickmarchuk/me433/2024/pico/pico-sdk/src/common/pico_time/time.c.obj
 .text.get_absolute_time
                0x10000f60       0x22 CMakeFiles/cdc.dir/Users/nickmarchuk/me433/2024/pico/pico-sdk/src/common/pico_time/time.c.obj
 .text.make_timeout_time_us
                0x10000f82       0x24 CMakeFiles/cdc.dir/Users/nickmarchuk/me433/2024/pico/pico-sdk/src/common/pico_time/time.c.obj
 *fill*         0x10000fa6        0x2 
 .text.add_alarm_under_lock
                0x10000fa8       0x94 CMakeFiles/cdc.dir/Users/nickmarchuk/me433/2024/pico/pico-sdk/src/common/pico_time/time.c.obj
 .text.alarm_pool_alarm_callback
                0x1000103c      0x210 CMakeFiles/cdc.dir/Users/nickmarchuk/me433/2024/pico/pico-sdk/src/common/pico_time/time.c.obj
 .text.alarm_pool_init_default
                0x1000124c       0x40 CMakeFiles/cdc.dir/Users/nickmarchuk/me433/2024/pico/pico-sdk/src/common/pico_time/time.c.obj
                0x1000124c                alarm_pool_init_default
 .text.alarm_pool_get_default
                0x1000128c       0x2c CMakeFiles/cdc.dir/Users/nickmarchuk/me433/2024/pico/pico-sdk/src/common/pico_time/time.c.obj
                0x1000128c                alarm_pool_get_default
 .text.alarm_pool_add_alarm_at
                0x100012b8      0x10e CMakeFiles/cdc.dir/Users/nickmarchuk/me433/2024/pico/pico-sdk/src/common/pico_time/time.c.obj
                0x100012b8                alarm_pool_add_alarm_at
 .text.add_alarm_at
                0x100013c6       0x2e CMakeFiles/cdc.dir/Users/nickmarchuk/me433/2024/pico/pico-sdk/src/common/pico_time/time.c.obj
 .text.alarm_pool_cancel_alarm
                0x100013f4       0xa8 CMakeFiles/cdc.dir/Users/nickmarchuk/me433/2024/pico/pico-sdk/src/common/pico_time/time.c.obj
                0x100013f4                alarm_pool_cancel_alarm
 .text.cancel_alarm
                0x1000149c       0x10 CMakeFiles/cdc.dir/Users/nickmarchuk/me433/2024/pico/pico-sdk/src/common/pico_time/time.c.obj
 .text.alarm_pool_core_num
                0x100014ac        0x4 CMakeFiles/cdc.dir/Users/nickmarchuk/me433/2024/pico/pico-sdk/src/common/pico_time/time.c.obj
                0x100014ac                alarm_pool_core_num
 .text.sleep_until
                0x100014b0       0xb0 CMakeFiles/cdc.dir/Users/nickmarchuk/me433/2024/pico/pico-sdk/src/common/pico_time/time.c.obj
                0x100014b0                sleep_until
 .text.sleep_us
                0x10001560       0x1a CMakeFiles/cdc.dir/Users/nickmarchuk/me433/2024/pico/pico-sdk/src/common/pico_time/time.c.obj
                0x10001560                sleep_us
 .text.sleep_ms
                0x1000157a       0x14 CMakeFiles/cdc.dir/Users/nickmarchuk/me433/2024/pico/pico-sdk/src/common/pico_time/time.c.obj
                0x1000157a                sleep_ms
 *fill*         0x1000158e        0x2 
 .text.best_effort_wfe_or_timeout
                0x10001590       0x44 CMakeFiles/cdc.dir/Users/nickmarchuk/me433/2024/pico/pico-sdk/src/common/pico_time/time.c.obj
                0x10001590                best_effort_wfe_or_timeout
 .text.update_us_since_boot
                0x100015d4       0x24 CMakeFiles/cdc.dir/Users/nickmarchuk/me433/2024/pico/pico-sdk/src/rp2_common/hardware_timer/timer.c.obj
 .text.hardware_alarm_irq_handler
                0x100015f8       0x8c CMakeFiles/cdc.dir/Users/nickmarchuk/me433/2024/pico/pico-sdk/src/rp2_common/hardware_timer/timer.c.obj
 .text.hardware_alarm_claim
                0x10001684       0x18 CMakeFiles/cdc.dir/Users/nickmarchuk/me433/2024/pico/pico-sdk/src/rp2_common/hardware_timer/timer.c.obj
                0x10001684                hardware_alarm_claim
 .text.time_us_64
                0x1000169c       0x18 CMakeFiles/cdc.dir/Users/nickmarchuk/me433/2024/pico/pico-sdk/src/rp2_common/hardware_timer/timer.c.obj
                0x1000169c                time_us_64
 .text.busy_wait_until
                0x100016b4       0x28 CMakeFiles/cdc.dir/Users/nickmarchuk/me433/2024/pico/pico-sdk/src/rp2_common/hardware_timer/timer.c.obj
                0x100016b4                busy_wait_until
 .text.busy_wait_us
                0x100016dc       0x3a CMakeFiles/cdc.dir/Users/nickmarchuk/me433/2024/pico/pico-sdk/src/rp2_common/hardware_timer/timer.c.obj
                0x100016dc                busy_wait_us
 *fill*         0x10001716        0x2 
 .text.hardware_alarm_set_callback
                0x10001718       0x90 CMakeFiles/cdc.dir/Users/nickmarchuk/me433/2024/pico/pico-sdk/src/rp2_common/hardware_timer/timer.c.obj
                0x10001718                hardware_alarm_set_callback
 .text.hardware_alarm_set_target
                0x100017a8       0xe8 CMakeFiles/cdc.dir/Users/nickmarchuk/me433/2024/pico/pico-sdk/src/rp2_common/hardware_timer/timer.c.obj
                0x100017a8                hardware_alarm_set_target
 .text.hardware_alarm_cancel
                0x10001890       0x40 CMakeFiles/cdc.dir/Users/nickmarchuk/me433/2024/pico/pico-sdk/src/rp2_common/hardware_timer/timer.c.obj
                0x10001890                hardware_alarm_cancel
 .text.ph_get_node
                0x100018d0       0x30 CMakeFiles/cdc.dir/Users/nickmarchuk/me433/2024/pico/pico-sdk/src/common/pico_util/pheap.c.obj
 .text.ph_add_child_node
                0x10001900       0x6c CMakeFiles/cdc.dir/Users/nickmarchuk/me433/2024/pico/pico-sdk/src/common/pico_util/pheap.c.obj
 .text.ph_merge_nodes
                0x1000196c       0x3e CMakeFiles/cdc.dir/Users/nickmarchuk/me433/2024/pico/pico-sdk/src/common/pico_util/pheap.c.obj
 .text.ph_clear
                0x100019aa       0x34 CMakeFiles/cdc.dir/Users/nickmarchuk/me433/2024/pico/pico-sdk/src/common/pico_util/pheap.c.obj
                0x100019aa                ph_clear
 .text.ph_post_alloc_init
                0x100019de        0xe CMakeFiles/cdc.dir/Users/nickmarchuk/me433/2024/pico/pico-sdk/src/common/pico_util/pheap.c.obj
                0x100019de                ph_post_alloc_init
 .text.ph_merge_two_pass
                0x100019ec       0x5c CMakeFiles/cdc.dir/Users/nickmarchuk/me433/2024/pico/pico-sdk/src/common/pico_util/pheap.c.obj
                0x100019ec                ph_merge_two_pass
 .text.ph_remove_any_head
                0x10001a48       0xc0 CMakeFiles/cdc.dir/Users/nickmarchuk/me433/2024/pico/pico-sdk/src/common/pico_util/pheap.c.obj
 .text.ph_remove_head
                0x10001b08       0x14 CMakeFiles/cdc.dir/Users/nickmarchuk/me433/2024/pico/pico-sdk/src/common/pico_util/pheap.c.obj
                0x10001b08                ph_remove_head
 .text.ph_remove_and_free_node
                0x10001b1c       0xa0 CMakeFiles/cdc.dir/Users/nickmarchuk/me433/2024/pico/pico-sdk/src/common/pico_util/pheap.c.obj
                0x10001b1c                ph_remove_and_free_node
 .text.clock_configure
                0x10001bbc      0x108 CMakeFiles/cdc.dir/Users/nickmarchuk/me433/2024/pico/pico-sdk/src/rp2_common/hardware_clocks/clocks.c.obj
                0x10001bbc                clock_configure
 .text.clocks_init
                0x10001cc4      0x100 CMakeFiles/cdc.dir/Users/nickmarchuk/me433/2024/pico/pico-sdk/src/rp2_common/hardware_clocks/clocks.c.obj
                0x10001cc4                clocks_init
 .text.pll_init
                0x10001dc4      0x120 CMakeFiles/cdc.dir/Users/nickmarchuk/me433/2024/pico/pico-sdk/src/rp2_common/hardware_pll/pll.c.obj
                0x10001dc4                pll_init
 .text.watchdog_start_tick
                0x10001ee4       0x10 CMakeFiles/cdc.dir/Users/nickmarchuk/me433/2024/pico/pico-sdk/src/rp2_common/hardware_watchdog/watchdog.c.obj
                0x10001ee4                watchdog_start_tick
 .text.watchdog_update
                0x10001ef4       0x14 CMakeFiles/cdc.dir/Users/nickmarchuk/me433/2024/pico/pico-sdk/src/rp2_common/hardware_watchdog/watchdog.c.obj
                0x10001ef4                watchdog_update
 .text._watchdog_enable
                0x10001f08       0x78 CMakeFiles/cdc.dir/Users/nickmarchuk/me433/2024/pico/pico-sdk/src/rp2_common/hardware_watchdog/watchdog.c.obj
                0x10001f08                _watchdog_enable
 .text.watchdog_reboot
                0x10001f80       0x48 CMakeFiles/cdc.dir/Users/nickmarchuk/me433/2024/pico/pico-sdk/src/rp2_common/hardware_watchdog/watchdog.c.obj
                0x10001f80                watchdog_reboot
 .text.xosc_init
                0x10001fc8       0x28 CMakeFiles/cdc.dir/Users/nickmarchuk/me433/2024/pico/pico-sdk/src/rp2_common/hardware_xosc/xosc.c.obj
                0x10001fc8                xosc_init
 .text._exit    0x10001ff0        0x4 CMakeFiles/cdc.dir/Users/nickmarchuk/me433/2024/pico/pico-sdk/src/rp2_common/pico_runtime/runtime.c.obj
                0x10001ff0                _exit
 .text._sbrk    0x10001ff4       0x38 CMakeFiles/cdc.dir/Users/nickmarchuk/me433/2024/pico/pico-sdk/src/rp2_common/pico_runtime/runtime.c.obj
                0x10001ff4                _sbrk
 .text.exit     0x1000202c        0x6 CMakeFiles/cdc.dir/Users/nickmarchuk/me433/2024/pico/pico-sdk/src/rp2_common/pico_runtime/runtime.c.obj
                0x1000202c                exit
 *fill*         0x10002032        0x2 
 .text.__assert_func
                0x10002034       0x38 CMakeFiles/cdc.dir/Users/nickmarchuk/me433/2024/pico/pico-sdk/src/rp2_common/pico_runtime/runtime.c.obj
                0x10002034                __assert_func
 .text.runtime_init
                0x1000206c       0xf8 CMakeFiles/cdc.dir/Users/nickmarchuk/me433/2024/pico/pico-sdk/src/rp2_common/pico_runtime/runtime.c.obj
                0x1000206c                runtime_init
 .text.panic    0x10002164       0x30 CMakeFiles/cdc.dir/Users/nickmarchuk/me433/2024/pico/pico-sdk/src/rp2_common/pico_runtime/runtime.c.obj
                0x10002164                panic
 .text._out_buffer
                0x10002194        0x8 CMakeFiles/cdc.dir/Users/nickmarchuk/me433/2024/pico/pico-sdk/src/rp2_common/pico_printf/printf.c.obj
 .text._out_null
                0x1000219c        0x2 CMakeFiles/cdc.dir/Users/nickmarchuk/me433/2024/pico/pico-sdk/src/rp2_common/pico_printf/printf.c.obj
 .text._out_fct
                0x1000219e        0xe CMakeFiles/cdc.dir/Users/nickmarchuk/me433/2024/pico/pico-sdk/src/rp2_common/pico_printf/printf.c.obj
 .text._atoi    0x100021ac       0x24 CMakeFiles/cdc.dir/Users/nickmarchuk/me433/2024/pico/pico-sdk/src/rp2_common/pico_printf/printf.c.obj
 .text._out_rev
                0x100021d0       0xae CMakeFiles/cdc.dir/Users/nickmarchuk/me433/2024/pico/pico-sdk/src/rp2_common/pico_printf/printf.c.obj
 .text._ntoa_format
                0x1000227e      0x110 CMakeFiles/cdc.dir/Users/nickmarchuk/me433/2024/pico/pico-sdk/src/rp2_common/pico_printf/printf.c.obj
 .text._ntoa_long
                0x1000238e       0xbc CMakeFiles/cdc.dir/Users/nickmarchuk/me433/2024/pico/pico-sdk/src/rp2_common/pico_printf/printf.c.obj
 .text._ntoa_long_long
                0x1000244a      0x10e CMakeFiles/cdc.dir/Users/nickmarchuk/me433/2024/pico/pico-sdk/src/rp2_common/pico_printf/printf.c.obj
 .text._etoa    0x10002558      0x420 CMakeFiles/cdc.dir/Users/nickmarchuk/me433/2024/pico/pico-sdk/src/rp2_common/pico_printf/printf.c.obj
 .text._ftoa    0x10002978      0x354 CMakeFiles/cdc.dir/Users/nickmarchuk/me433/2024/pico/pico-sdk/src/rp2_common/pico_printf/printf.c.obj
 .text._vsnprintf
                0x10002ccc      0x668 CMakeFiles/cdc.dir/Users/nickmarchuk/me433/2024/pico/pico-sdk/src/rp2_common/pico_printf/printf.c.obj
 .text.__wrap_sprintf
                0x10003334       0x2c CMakeFiles/cdc.dir/Users/nickmarchuk/me433/2024/pico/pico-sdk/src/rp2_common/pico_printf/printf.c.obj
                0x10003334                __wrap_sprintf
 .text.vfctprintf
                0x10003360       0x20 CMakeFiles/cdc.dir/Users/nickmarchuk/me433/2024/pico/pico-sdk/src/rp2_common/pico_printf/printf.c.obj
                0x10003360                vfctprintf
 .text          0x10003380       0x10 CMakeFiles/cdc.dir/Users/nickmarchuk/me433/2024/pico/pico-sdk/src/rp2_common/pico_bit_ops/bit_ops_aeabi.S.obj
 .text.rom_func_lookup
                0x10003390       0x10 CMakeFiles/cdc.dir/Users/nickmarchuk/me433/2024/pico/pico-sdk/src/rp2_common/pico_bootrom/bootrom.c.obj
                0x10003390                rom_func_lookup
 .text.rom_data_lookup
                0x100033a0       0x10 CMakeFiles/cdc.dir/Users/nickmarchuk/me433/2024/pico/pico-sdk/src/rp2_common/pico_bootrom/bootrom.c.obj
                0x100033a0                rom_data_lookup
 .text.rom_funcs_lookup
                0x100033b0       0x36 CMakeFiles/cdc.dir/Users/nickmarchuk/me433/2024/pico/pico-sdk/src/rp2_common/pico_bootrom/bootrom.c.obj
                0x100033b0                rom_funcs_lookup
 *fill*         0x100033e6        0x2 
 .text.__wrap___aeabi_idiv
                0x100033e8       0x50 CMakeFiles/cdc.dir/Users/nickmarchuk/me433/2024/pico/pico-sdk/src/rp2_common/pico_divider/divider.S.obj
                0x100033e8                __wrap___aeabi_idivmod
                0x100033e8                divmod_s32s32
                0x100033e8                div_s32s32
                0x100033e8                __wrap___aeabi_idiv
                0x100033f0                divmod_s32s32_unsafe
                0x1000341c                divmod_s32s32_savestate
 .text.__wrap___aeabi_uidiv
                0x10003438       0x4c CMakeFiles/cdc.dir/Users/nickmarchuk/me433/2024/pico/pico-sdk/src/rp2_common/pico_divider/divider.S.obj
                0x10003438                __wrap___aeabi_uidiv
                0x10003438                __wrap___aeabi_uidivmod
                0x10003438                div_u32u32
                0x10003438                divmod_u32u32
                0x10003440                divmod_u32u32_unsafe
                0x10003468                divmod_u32u32_savestate
 .text.__wrap___aeabi_ldiv
                0x10003484      0x424 CMakeFiles/cdc.dir/Users/nickmarchuk/me433/2024/pico/pico-sdk/src/rp2_common/pico_divider/divider.S.obj
                0x10003484                __wrap___aeabi_ldivmod
                0x10003484                div_s64s64
                0x10003484                divmod_s64s64
                0x100034b4                divmod_u64u64
                0x100034b4                div_u64u64
                0x100034b4                __wrap___aeabi_uldivmod
                0x100034c4                divmod_u64u64_savestate
                0x100034e4                divmod_s64s64_unsafe
                0x1000356c                divmod_u64u64_unsafe
 .text.__wrap___aeabi_darithmetic
                0x100038a8       0x80 CMakeFiles/cdc.dir/Users/nickmarchuk/me433/2024/pico/pico-sdk/src/rp2_common/pico_double/double_aeabi.S.obj
                0x100038a8                __wrap___aeabi_drsub
                0x100038ae                __wrap___aeabi_dsub
                0x100038c0                __wrap___aeabi_dadd
                0x100038d2                __wrap___aeabi_ddiv
                0x1000390e                __wrap___aeabi_dmul
 .text.__wrap___aeabi_cdcmple
                0x10003928       0x6c CMakeFiles/cdc.dir/Users/nickmarchuk/me433/2024/pico/pico-sdk/src/rp2_common/pico_double/double_aeabi.S.obj
                0x10003928                __wrap___aeabi_cdrcmple
                0x10003938                __wrap___aeabi_cdcmple
                0x10003938                __wrap___aeabi_cdcmpeq
 .text.__wrap___aeabi_dcmpeq
                0x10003994       0x10 CMakeFiles/cdc.dir/Users/nickmarchuk/me433/2024/pico/pico-sdk/src/rp2_common/pico_double/double_aeabi.S.obj
                0x10003994                __wrap___aeabi_dcmpeq
 .text.__wrap___aeabi_dcmplt
                0x100039a4        0xc CMakeFiles/cdc.dir/Users/nickmarchuk/me433/2024/pico/pico-sdk/src/rp2_common/pico_double/double_aeabi.S.obj
                0x100039a4                __wrap___aeabi_dcmplt
 .text.__wrap___aeabi_dcmple
                0x100039b0       0x10 CMakeFiles/cdc.dir/Users/nickmarchuk/me433/2024/pico/pico-sdk/src/rp2_common/pico_double/double_aeabi.S.obj
                0x100039b0                __wrap___aeabi_dcmple
 .text.__wrap___aeabi_dcmpge
                0x100039c0       0x10 CMakeFiles/cdc.dir/Users/nickmarchuk/me433/2024/pico/pico-sdk/src/rp2_common/pico_double/double_aeabi.S.obj
                0x100039c0                __wrap___aeabi_dcmpge
 .text.__wrap___aeabi_dcmpgt
                0x100039d0        0xa CMakeFiles/cdc.dir/Users/nickmarchuk/me433/2024/pico/pico-sdk/src/rp2_common/pico_double/double_aeabi.S.obj
                0x100039d0                __wrap___aeabi_dcmpgt
 .text.__wrap___aeabi_dcmpun
                0x100039da       0x1c CMakeFiles/cdc.dir/Users/nickmarchuk/me433/2024/pico/pico-sdk/src/rp2_common/pico_double/double_aeabi.S.obj
                0x100039da                __wrap___aeabi_dcmpun
 *fill*         0x100039f6        0x2 
 .text.__wrap___aeabi_i2d
                0x100039f8       0x38 CMakeFiles/cdc.dir/Users/nickmarchuk/me433/2024/pico/pico-sdk/src/rp2_common/pico_double/double_aeabi.S.obj
                0x100039f8                __wrap___aeabi_ui2d
                0x10003a00                __wrap___aeabi_i2d
 .text.__wrap___aeabi_d2iz
                0x10003a30       0x48 CMakeFiles/cdc.dir/Users/nickmarchuk/me433/2024/pico/pico-sdk/src/rp2_common/pico_double/double_aeabi.S.obj
                0x10003a30                __wrap___aeabi_d2iz
                0x10003a30                double2int_z
 .text.__wrap___aeabi_d2uiz
                0x10003a78       0x18 CMakeFiles/cdc.dir/Users/nickmarchuk/me433/2024/pico/pico-sdk/src/rp2_common/pico_double/double_aeabi.S.obj
                0x10003a78                double2uint
                0x10003a78                __wrap___aeabi_d2uiz
 .text.__wrap___aeabi_l2d
                0x10003a90       0x18 CMakeFiles/cdc.dir/Users/nickmarchuk/me433/2024/pico/pico-sdk/src/rp2_common/pico_double/double_aeabi.S.obj
                0x10003a90                __wrap___aeabi_l2d
 .text.__wrap___aeabi_d2lz
                0x10003aa8       0x26 CMakeFiles/cdc.dir/Users/nickmarchuk/me433/2024/pico/pico-sdk/src/rp2_common/pico_double/double_aeabi.S.obj
                0x10003aa8                __wrap___aeabi_d2lz
                0x10003aa8                double2int64_z
 *fill*         0x10003ace        0x2 
 .text.double2int64
                0x10003ad0       0x18 CMakeFiles/cdc.dir/Users/nickmarchuk/me433/2024/pico/pico-sdk/src/rp2_common/pico_double/double_aeabi.S.obj
                0x10003ad0                double2int64
 .text.double2ufix64
                0x10003ae8       0x18 CMakeFiles/cdc.dir/Users/nickmarchuk/me433/2024/pico/pico-sdk/src/rp2_common/pico_double/double_aeabi.S.obj
                0x10003ae8                double2ufix64
 .text.__wrap___aeabi_d2f
                0x10003b00       0x18 CMakeFiles/cdc.dir/Users/nickmarchuk/me433/2024/pico/pico-sdk/src/rp2_common/pico_double/double_aeabi.S.obj
                0x10003b00                __wrap___aeabi_d2f
 .text.__aeabi_double_init
                0x10003b18       0xcc CMakeFiles/cdc.dir/Users/nickmarchuk/me433/2024/pico/pico-sdk/src/rp2_common/pico_double/double_init_rom.c.obj
                0x10003b18                __aeabi_double_init
 .text.double_table_shim_on_use_helper
                0x10003be4       0x34 CMakeFiles/cdc.dir/Users/nickmarchuk/me433/2024/pico/pico-sdk/src/rp2_common/pico_double/double_v1_rom_shim.S.obj
                0x10003be4                double_table_shim_on_use_helper
 .text.__wrap___aeabi_dsub
                0x10003c18       0x10 CMakeFiles/cdc.dir/Users/nickmarchuk/me433/2024/pico/pico-sdk/src/rp2_common/pico_double/double_v1_rom_shim.S.obj
                0x10003c18                drsub_shim
                0x10003c1e                dsub_shim
 .text.dadd_shim
                0x10003c28      0x15c CMakeFiles/cdc.dir/Users/nickmarchuk/me433/2024/pico/pico-sdk/src/rp2_common/pico_double/double_v1_rom_shim.S.obj
                0x10003c28                dadd_shim
 .text.dmul_shim
                0x10003d84      0x15c CMakeFiles/cdc.dir/Users/nickmarchuk/me433/2024/pico/pico-sdk/src/rp2_common/pico_double/double_v1_rom_shim.S.obj
                0x10003d84                dmul_shim
 .text.ddiv_shim
                0x10003ee0      0x1b0 CMakeFiles/cdc.dir/Users/nickmarchuk/me433/2024/pico/pico-sdk/src/rp2_common/pico_double/double_v1_rom_shim.S.obj
                0x10003ee0                ddiv_shim
 .text.double2uint_shim
                0x10004090        0xe CMakeFiles/cdc.dir/Users/nickmarchuk/me433/2024/pico/pico-sdk/src/rp2_common/pico_double/double_v1_rom_shim.S.obj
                0x10004090                double2uint_shim
                0x10004092                double2ufix_shim
 .text.double2int64_shim
                0x1000409e       0x1a CMakeFiles/cdc.dir/Users/nickmarchuk/me433/2024/pico/pico-sdk/src/rp2_common/pico_double/double_v1_rom_shim.S.obj
                0x1000409e                double2int64_shim
                0x100040a0                double2fix64_shim
 .text.double2uint64_shim
                0x100040b8       0x70 CMakeFiles/cdc.dir/Users/nickmarchuk/me433/2024/pico/pico-sdk/src/rp2_common/pico_double/double_v1_rom_shim.S.obj
                0x100040b8                double2uint64_shim
                0x100040ba                double2ufix64_shim
                0x100040da                d2fix_a
 .text.double2float_shim
                0x10004128       0x5c CMakeFiles/cdc.dir/Users/nickmarchuk/me433/2024/pico/pico-sdk/src/rp2_common/pico_double/double_v1_rom_shim.S.obj
                0x10004128                double2float_shim
 .text.x2double_shims
                0x10004184       0x90 CMakeFiles/cdc.dir/Users/nickmarchuk/me433/2024/pico/pico-sdk/src/rp2_common/pico_double/double_v1_rom_shim.S.obj
                0x10004184                uint2double_shim
                0x10004186                ufix2double_shim
                0x1000418c                int2double_shim
                0x1000418e                fix2double_shim
                0x10004194                uint642double_shim
                0x10004196                ufix642double_shim
                0x1000419c                int642double_shim
                0x1000419e                fix642double_shim
 .text.dunpacks
                0x10004214       0x3c CMakeFiles/cdc.dir/Users/nickmarchuk/me433/2024/pico/pico-sdk/src/rp2_common/pico_double/double_v1_rom_shim.S.obj
                0x10004214                dunpacks
 .text.__aeabi_lmul
                0x10004250       0x32 CMakeFiles/cdc.dir/Users/nickmarchuk/me433/2024/pico/pico-sdk/src/rp2_common/pico_int64_ops/pico_int64_ops_aeabi.S.obj
                0x10004250                __wrap___aeabi_lmul
 *fill*         0x10004282        0x2 
 .text.__aeabi_float_init
                0x10004284       0xfc CMakeFiles/cdc.dir/Users/nickmarchuk/me433/2024/pico/pico-sdk/src/rp2_common/pico_float/float_init_rom.c.obj
                0x10004284                __aeabi_float_init
 .text.float_table_shim_on_use_helper
                0x10004380       0x34 CMakeFiles/cdc.dir/Users/nickmarchuk/me433/2024/pico/pico-sdk/src/rp2_common/pico_float/float_v1_rom_shim.S.obj
                0x10004380                float_table_shim_on_use_helper
 .text.check_alloc
                0x100043b4       0x20 CMakeFiles/cdc.dir/Users/nickmarchuk/me433/2024/pico/pico-sdk/src/rp2_common/pico_malloc/pico_malloc.c.obj
 .text.__wrap_malloc
                0x100043d4       0x14 CMakeFiles/cdc.dir/Users/nickmarchuk/me433/2024/pico/pico-sdk/src/rp2_common/pico_malloc/pico_malloc.c.obj
                0x100043d4                __wrap_malloc
 .text.__wrap_realloc
                0x100043e8       0x14 CMakeFiles/cdc.dir/Users/nickmarchuk/me433/2024/pico/pico-sdk/src/rp2_common/pico_malloc/pico_malloc.c.obj
                0x100043e8                __wrap_realloc
 .text.__wrap_free
                0x100043fc        0x8 CMakeFiles/cdc.dir/Users/nickmarchuk/me433/2024/pico/pico-sdk/src/rp2_common/pico_malloc/pico_malloc.c.obj
                0x100043fc                __wrap_free
 .text          0x10004404       0x10 CMakeFiles/cdc.dir/Users/nickmarchuk/me433/2024/pico/pico-sdk/src/rp2_common/pico_mem_ops/mem_ops_aeabi.S.obj
                0x10004404                __aeabi_mem_init
 .text.memset   0x10004414        0xc CMakeFiles/cdc.dir/Users/nickmarchuk/me433/2024/pico/pico-sdk/src/rp2_common/pico_mem_ops/mem_ops_aeabi.S.obj
                0x10004414                __wrap_memset
 .text.memcpy   0x10004420        0xc CMakeFiles/cdc.dir/Users/nickmarchuk/me433/2024/pico/pico-sdk/src/rp2_common/pico_mem_ops/mem_ops_aeabi.S.obj
                0x10004420                __wrap___aeabi_memcpy
                0x10004420                __wrap_memcpy
 .text.time_reached
                0x1000442c       0x28 CMakeFiles/cdc.dir/Users/nickmarchuk/me433/2024/pico/pico-sdk/src/rp2_common/pico_stdio/stdio.c.obj
 .text.stdio_out_chars_no_crlf
                0x10004454        0xe CMakeFiles/cdc.dir/Users/nickmarchuk/me433/2024/pico/pico-sdk/src/rp2_common/pico_stdio/stdio.c.obj
 *fill*         0x10004462        0x2 
 .text.stdio_out_chars_crlf
                0x10004464       0x80 CMakeFiles/cdc.dir/Users/nickmarchuk/me433/2024/pico/pico-sdk/src/rp2_common/pico_stdio/stdio.c.obj
 .text.stdio_stack_buffer_flush
                0x100044e4       0x44 CMakeFiles/cdc.dir/Users/nickmarchuk/me433/2024/pico/pico-sdk/src/rp2_common/pico_stdio/stdio.c.obj
 .text.stdio_buffered_printer
                0x10004528       0x20 CMakeFiles/cdc.dir/Users/nickmarchuk/me433/2024/pico/pico-sdk/src/rp2_common/pico_stdio/stdio.c.obj
 .text.update_us_since_boot
                0x10004548       0x24 CMakeFiles/cdc.dir/Users/nickmarchuk/me433/2024/pico/pico-sdk/src/rp2_common/pico_stdio/stdio.c.obj
 .text.get_absolute_time
                0x1000456c       0x22 CMakeFiles/cdc.dir/Users/nickmarchuk/me433/2024/pico/pico-sdk/src/rp2_common/pico_stdio/stdio.c.obj
 *fill*         0x1000458e        0x2 
 .text.delayed_by_ms
                0x10004590       0x44 CMakeFiles/cdc.dir/Users/nickmarchuk/me433/2024/pico/pico-sdk/src/rp2_common/pico_stdio/stdio.c.obj
 .text.make_timeout_time_ms
                0x100045d4       0x20 CMakeFiles/cdc.dir/Users/nickmarchuk/me433/2024/pico/pico-sdk/src/rp2_common/pico_stdio/stdio.c.obj
 .text.stdio_get_until
                0x100045f4       0x64 CMakeFiles/cdc.dir/Users/nickmarchuk/me433/2024/pico/pico-sdk/src/rp2_common/pico_stdio/stdio.c.obj
 .text.stdout_serialize_begin
                0x10004658       0x20 CMakeFiles/cdc.dir/Users/nickmarchuk/me433/2024/pico/pico-sdk/src/rp2_common/pico_stdio/stdio.c.obj
                0x10004658                stdout_serialize_begin
 .text.stdout_serialize_end
                0x10004678       0x10 CMakeFiles/cdc.dir/Users/nickmarchuk/me433/2024/pico/pico-sdk/src/rp2_common/pico_stdio/stdio.c.obj
                0x10004678                stdout_serialize_end
 .text.stdio_put_string
                0x10004688       0x98 CMakeFiles/cdc.dir/Users/nickmarchuk/me433/2024/pico/pico-sdk/src/rp2_common/pico_stdio/stdio.c.obj
 .text._read    0x10004720       0x24 CMakeFiles/cdc.dir/Users/nickmarchuk/me433/2024/pico/pico-sdk/src/rp2_common/pico_stdio/stdio.c.obj
                0x10004720                _read
 .text._write   0x10004744       0x22 CMakeFiles/cdc.dir/Users/nickmarchuk/me433/2024/pico/pico-sdk/src/rp2_common/pico_stdio/stdio.c.obj
                0x10004744                _write
 .text._close   0x10004766        0x6 CMakeFiles/cdc.dir/Users/nickmarchuk/me433/2024/pico/pico-sdk/src/rp2_common/pico_stdio/stdio.c.obj
                0x10004766                _close
 .text._lseek   0x1000476c        0x6 CMakeFiles/cdc.dir/Users/nickmarchuk/me433/2024/pico/pico-sdk/src/rp2_common/pico_stdio/stdio.c.obj
                0x1000476c                _lseek
 .text._fstat   0x10004772        0x6 CMakeFiles/cdc.dir/Users/nickmarchuk/me433/2024/pico/pico-sdk/src/rp2_common/pico_stdio/stdio.c.obj
                0x10004772                _fstat
 .text._isatty  0x10004778        0xc CMakeFiles/cdc.dir/Users/nickmarchuk/me433/2024/pico/pico-sdk/src/rp2_common/pico_stdio/stdio.c.obj
                0x10004778                _isatty
 .text.stdio_set_driver_enabled
                0x10004784       0x2c CMakeFiles/cdc.dir/Users/nickmarchuk/me433/2024/pico/pico-sdk/src/rp2_common/pico_stdio/stdio.c.obj
                0x10004784                stdio_set_driver_enabled
 .text.stdio_flush
                0x100047b0       0x20 CMakeFiles/cdc.dir/Users/nickmarchuk/me433/2024/pico/pico-sdk/src/rp2_common/pico_stdio/stdio.c.obj
                0x100047b0                stdio_flush
 .text.__wrap_puts
                0x100047d0       0x1e CMakeFiles/cdc.dir/Users/nickmarchuk/me433/2024/pico/pico-sdk/src/rp2_common/pico_stdio/stdio.c.obj
                0x100047d0                __wrap_puts
 *fill*         0x100047ee        0x2 
 .text.__wrap_vprintf
                0x100047f0       0x40 CMakeFiles/cdc.dir/Users/nickmarchuk/me433/2024/pico/pico-sdk/src/rp2_common/pico_stdio/stdio.c.obj
                0x100047f0                __wrap_vprintf
 .text.__wrap_printf
                0x10004830       0x18 CMakeFiles/cdc.dir/Users/nickmarchuk/me433/2024/pico/pico-sdk/src/rp2_common/pico_stdio/stdio.c.obj
                0x10004830                __wrap_printf
 .text.stdio_init_all
                0x10004848        0x8 CMakeFiles/cdc.dir/Users/nickmarchuk/me433/2024/pico/pico-sdk/src/rp2_common/pico_stdio/stdio.c.obj
                0x10004848                stdio_init_all
 .text.resetd_init
                0x10004850        0x2 CMakeFiles/cdc.dir/Users/nickmarchuk/me433/2024/pico/pico-sdk/src/rp2_common/pico_stdio_usb/reset_interface.c.obj
 *fill*         0x10004852        0x2 
 .text.resetd_reset
                0x10004854        0xc CMakeFiles/cdc.dir/Users/nickmarchuk/me433/2024/pico/pico-sdk/src/rp2_common/pico_stdio_usb/reset_interface.c.obj
 .text.resetd_open
                0x10004860       0x34 CMakeFiles/cdc.dir/Users/nickmarchuk/me433/2024/pico/pico-sdk/src/rp2_common/pico_stdio_usb/reset_interface.c.obj
 .text.resetd_xfer_cb
                0x10004894        0x4 CMakeFiles/cdc.dir/Users/nickmarchuk/me433/2024/pico/pico-sdk/src/rp2_common/pico_stdio_usb/reset_interface.c.obj
 .text.reset_usb_boot
                0x10004898       0x18 CMakeFiles/cdc.dir/Users/nickmarchuk/me433/2024/pico/pico-sdk/src/rp2_common/pico_stdio_usb/reset_interface.c.obj
 .text.resetd_control_xfer_cb
                0x100048b0       0x5c CMakeFiles/cdc.dir/Users/nickmarchuk/me433/2024/pico/pico-sdk/src/rp2_common/pico_stdio_usb/reset_interface.c.obj
 .text.usbd_app_driver_get_cb
                0x1000490c        0xc CMakeFiles/cdc.dir/Users/nickmarchuk/me433/2024/pico/pico-sdk/src/rp2_common/pico_stdio_usb/reset_interface.c.obj
                0x1000490c                usbd_app_driver_get_cb
 .text.tud_cdc_line_coding_cb
                0x10004918       0x28 CMakeFiles/cdc.dir/Users/nickmarchuk/me433/2024/pico/pico-sdk/src/rp2_common/pico_stdio_usb/reset_interface.c.obj
                0x10004918                tud_cdc_line_coding_cb
 .text.stdio_usb_set_chars_available_callback
                0x10004940       0x14 CMakeFiles/cdc.dir/Users/nickmarchuk/me433/2024/pico/pico-sdk/src/rp2_common/pico_stdio_usb/stdio_usb.c.obj
                0x10004940                stdio_usb_set_chars_available_callback
 .text.update_us_since_boot
                0x10004954       0x24 CMakeFiles/cdc.dir/Users/nickmarchuk/me433/2024/pico/pico-sdk/src/rp2_common/pico_stdio_usb/stdio_usb.c.obj
 .text.get_absolute_time
                0x10004978       0x22 CMakeFiles/cdc.dir/Users/nickmarchuk/me433/2024/pico/pico-sdk/src/rp2_common/pico_stdio_usb/stdio_usb.c.obj
 *fill*         0x1000499a        0x2 
 .text.delayed_by_ms
                0x1000499c       0x44 CMakeFiles/cdc.dir/Users/nickmarchuk/me433/2024/pico/pico-sdk/src/rp2_common/pico_stdio_usb/stdio_usb.c.obj
 .text.make_timeout_time_ms
                0x100049e0       0x20 CMakeFiles/cdc.dir/Users/nickmarchuk/me433/2024/pico/pico-sdk/src/rp2_common/pico_stdio_usb/stdio_usb.c.obj
 .text.delayed_by_us
                0x10004a00       0x34 CMakeFiles/cdc.dir/Users/nickmarchuk/me433/2024/pico/pico-sdk/src/rp2_common/pico_stdio_usb/stdio_usb.c.obj
 .text.usb_irq  0x10004a34       0x10 CMakeFiles/cdc.dir/Users/nickmarchuk/me433/2024/pico/pico-sdk/src/rp2_common/pico_stdio_usb/stdio_usb.c.obj
 .text.critical_section_enter_blocking
                0x10004a44       0x16 CMakeFiles/cdc.dir/Users/nickmarchuk/me433/2024/pico/pico-sdk/src/rp2_common/pico_stdio_usb/stdio_usb.c.obj
 *fill*         0x10004a5a        0x2 
 .text.timer_task
                0x10004a5c       0x4c CMakeFiles/cdc.dir/Users/nickmarchuk/me433/2024/pico/pico-sdk/src/rp2_common/pico_stdio_usb/stdio_usb.c.obj
 .text.alarm_pool_add_alarm_in_us
                0x10004aa8       0x3a CMakeFiles/cdc.dir/Users/nickmarchuk/me433/2024/pico/pico-sdk/src/rp2_common/pico_stdio_usb/stdio_usb.c.obj
 .text.add_alarm_in_us
                0x10004ae2       0x2e CMakeFiles/cdc.dir/Users/nickmarchuk/me433/2024/pico/pico-sdk/src/rp2_common/pico_stdio_usb/stdio_usb.c.obj
 .text.low_priority_worker_irq
                0x10004b10       0x7c CMakeFiles/cdc.dir/Users/nickmarchuk/me433/2024/pico/pico-sdk/src/rp2_common/pico_stdio_usb/stdio_usb.c.obj
 .text.tud_cdc_rx_cb
                0x10004b8c       0x20 CMakeFiles/cdc.dir/Users/nickmarchuk/me433/2024/pico/pico-sdk/src/rp2_common/pico_stdio_usb/stdio_usb.c.obj
                0x10004b8c                tud_cdc_rx_cb
 .text.stdio_usb_init
                0x10004bac       0xd0 CMakeFiles/cdc.dir/Users/nickmarchuk/me433/2024/pico/pico-sdk/src/rp2_common/pico_stdio_usb/stdio_usb.c.obj
                0x10004bac                stdio_usb_init
 .text.stdio_usb_connected
                0x10004c7c        0xa CMakeFiles/cdc.dir/Users/nickmarchuk/me433/2024/pico/pico-sdk/src/rp2_common/pico_stdio_usb/stdio_usb.c.obj
                0x10004c7c                stdio_usb_connected
 *fill*         0x10004c86        0x2 
 .text.stdio_usb_in_chars
                0x10004c88       0x88 CMakeFiles/cdc.dir/Users/nickmarchuk/me433/2024/pico/pico-sdk/src/rp2_common/pico_stdio_usb/stdio_usb.c.obj
                0x10004c88                stdio_usb_in_chars
 .text.stdio_usb_out_chars
                0x10004d10       0xd8 CMakeFiles/cdc.dir/Users/nickmarchuk/me433/2024/pico/pico-sdk/src/rp2_common/pico_stdio_usb/stdio_usb.c.obj
 .text.tud_descriptor_device_cb
                0x10004de8        0x8 CMakeFiles/cdc.dir/Users/nickmarchuk/me433/2024/pico/pico-sdk/src/rp2_common/pico_stdio_usb/stdio_usb_descriptors.c.obj
                0x10004de8                tud_descriptor_device_cb
 .text.tud_descriptor_configuration_cb
                0x10004df0        0x8 CMakeFiles/cdc.dir/Users/nickmarchuk/me433/2024/pico/pico-sdk/src/rp2_common/pico_stdio_usb/stdio_usb_descriptors.c.obj
                0x10004df0                tud_descriptor_configuration_cb
 .text.tud_descriptor_string_cb
                0x10004df8       0x6c CMakeFiles/cdc.dir/Users/nickmarchuk/me433/2024/pico/pico-sdk/src/rp2_common/pico_stdio_usb/stdio_usb_descriptors.c.obj
                0x10004df8                tud_descriptor_string_cb
 .text._retrieve_unique_id_on_boot
                0x10004e64       0x10 CMakeFiles/cdc.dir/Users/nickmarchuk/me433/2024/pico/pico-sdk/src/rp2_common/pico_unique_id/unique_id.c.obj
 .text.pico_get_unique_board_id_string
                0x10004e74       0x5c CMakeFiles/cdc.dir/Users/nickmarchuk/me433/2024/pico/pico-sdk/src/rp2_common/pico_unique_id/unique_id.c.obj
                0x10004e74                pico_get_unique_board_id_string
 .text.flash_get_unique_id
                0x10004ed0       0x40 CMakeFiles/cdc.dir/Users/nickmarchuk/me433/2024/pico/pico-sdk/src/rp2_common/hardware_flash/flash.c.obj
                0x10004ed0                flash_get_unique_id
 .text.hw_endpoint_get_by_addr
                0x10004f10       0x18 CMakeFiles/cdc.dir/Users/nickmarchuk/me433/2024/pico/pico-sdk/lib/tinyusb/src/portable/raspberrypi/rp2040/dcd_rp2040.c.obj
 .text._hw_endpoint_alloc
                0x10004f28       0x70 CMakeFiles/cdc.dir/Users/nickmarchuk/me433/2024/pico/pico-sdk/lib/tinyusb/src/portable/raspberrypi/rp2040/dcd_rp2040.c.obj
 .text.hw_endpoint_init
                0x10004f98       0x88 CMakeFiles/cdc.dir/Users/nickmarchuk/me433/2024/pico/pico-sdk/lib/tinyusb/src/portable/raspberrypi/rp2040/dcd_rp2040.c.obj
 .text.dcd_event_sof
                0x10005020       0x2c CMakeFiles/cdc.dir/Users/nickmarchuk/me433/2024/pico/pico-sdk/lib/tinyusb/src/portable/raspberrypi/rp2040/dcd_rp2040.c.obj
 .text.hw_endpoint_xfer
                0x1000504c       0x14 CMakeFiles/cdc.dir/Users/nickmarchuk/me433/2024/pico/pico-sdk/lib/tinyusb/src/portable/raspberrypi/rp2040/dcd_rp2040.c.obj
 .text.dcd_int_enable
                0x10005060       0x2c CMakeFiles/cdc.dir/Users/nickmarchuk/me433/2024/pico/pico-sdk/lib/tinyusb/src/portable/raspberrypi/rp2040/dcd_rp2040.c.obj
                0x10005060                dcd_int_enable
 .text.dcd_set_address
                0x1000508c       0x2c CMakeFiles/cdc.dir/Users/nickmarchuk/me433/2024/pico/pico-sdk/lib/tinyusb/src/portable/raspberrypi/rp2040/dcd_rp2040.c.obj
                0x1000508c                dcd_set_address
 .text.dcd_connect
                0x100050b8       0x10 CMakeFiles/cdc.dir/Users/nickmarchuk/me433/2024/pico/pico-sdk/lib/tinyusb/src/portable/raspberrypi/rp2040/dcd_rp2040.c.obj
                0x100050b8                dcd_connect
 .text.dcd_init
                0x100050c8       0x80 CMakeFiles/cdc.dir/Users/nickmarchuk/me433/2024/pico/pico-sdk/lib/tinyusb/src/portable/raspberrypi/rp2040/dcd_rp2040.c.obj
                0x100050c8                dcd_init
 .text.dcd_edpt0_status_complete
                0x10005148       0x1c CMakeFiles/cdc.dir/Users/nickmarchuk/me433/2024/pico/pico-sdk/lib/tinyusb/src/portable/raspberrypi/rp2040/dcd_rp2040.c.obj
                0x10005148                dcd_edpt0_status_complete
 .text.dcd_edpt_open
                0x10005164       0x40 CMakeFiles/cdc.dir/Users/nickmarchuk/me433/2024/pico/pico-sdk/lib/tinyusb/src/portable/raspberrypi/rp2040/dcd_rp2040.c.obj
                0x10005164                dcd_edpt_open
 .text.dcd_edpt_close_all
                0x100051a4        0x8 CMakeFiles/cdc.dir/Users/nickmarchuk/me433/2024/pico/pico-sdk/lib/tinyusb/src/portable/raspberrypi/rp2040/dcd_rp2040.c.obj
                0x100051a4                dcd_edpt_close_all
 .text.dcd_edpt_xfer
                0x100051ac       0x34 CMakeFiles/cdc.dir/Users/nickmarchuk/me433/2024/pico/pico-sdk/lib/tinyusb/src/portable/raspberrypi/rp2040/dcd_rp2040.c.obj
                0x100051ac                dcd_edpt_xfer
 .text.dcd_edpt_stall
                0x100051e0       0x2c CMakeFiles/cdc.dir/Users/nickmarchuk/me433/2024/pico/pico-sdk/lib/tinyusb/src/portable/raspberrypi/rp2040/dcd_rp2040.c.obj
                0x100051e0                dcd_edpt_stall
 .text.dcd_edpt_clear_stall
                0x1000520c       0x20 CMakeFiles/cdc.dir/Users/nickmarchuk/me433/2024/pico/pico-sdk/lib/tinyusb/src/portable/raspberrypi/rp2040/dcd_rp2040.c.obj
                0x1000520c                dcd_edpt_clear_stall
 .text.rp2040_usb_init
                0x1000522c       0x4c CMakeFiles/cdc.dir/Users/nickmarchuk/me433/2024/pico/pico-sdk/lib/tinyusb/src/portable/raspberrypi/rp2040/rp2040_usb.c.obj
                0x1000522c                rp2040_usb_init
 .text.hw_endpoint_xfer_start
                0x10005278       0x50 CMakeFiles/cdc.dir/Users/nickmarchuk/me433/2024/pico/pico-sdk/lib/tinyusb/src/portable/raspberrypi/rp2040/rp2040_usb.c.obj
                0x10005278                hw_endpoint_xfer_start
 .text.configuration_reset
                0x100052c8       0x84 CMakeFiles/cdc.dir/Users/nickmarchuk/me433/2024/pico/pico-sdk/lib/tinyusb/src/device/usbd.c.obj
 .text.critical_section_enter_blocking
                0x1000534c       0x16 CMakeFiles/cdc.dir/Users/nickmarchuk/me433/2024/pico/pico-sdk/lib/tinyusb/src/device/usbd.c.obj
 .text.usbd_reset
                0x10005362        0xc CMakeFiles/cdc.dir/Users/nickmarchuk/me433/2024/pico/pico-sdk/lib/tinyusb/src/device/usbd.c.obj
 .text.invoke_class_control
                0x1000536e       0x1a CMakeFiles/cdc.dir/Users/nickmarchuk/me433/2024/pico/pico-sdk/lib/tinyusb/src/device/usbd.c.obj
 .text.process_set_config
                0x10005388      0x178 CMakeFiles/cdc.dir/Users/nickmarchuk/me433/2024/pico/pico-sdk/lib/tinyusb/src/device/usbd.c.obj
 .text.process_get_descriptor
                0x10005500       0xdc CMakeFiles/cdc.dir/Users/nickmarchuk/me433/2024/pico/pico-sdk/lib/tinyusb/src/device/usbd.c.obj
 .text.tud_mounted
                0x100055dc       0x10 CMakeFiles/cdc.dir/Users/nickmarchuk/me433/2024/pico/pico-sdk/lib/tinyusb/src/device/usbd.c.obj
                0x100055dc                tud_mounted
 .text.tud_suspended
                0x100055ec       0x10 CMakeFiles/cdc.dir/Users/nickmarchuk/me433/2024/pico/pico-sdk/lib/tinyusb/src/device/usbd.c.obj
                0x100055ec                tud_suspended
 .text.tud_inited
                0x100055fc       0x14 CMakeFiles/cdc.dir/Users/nickmarchuk/me433/2024/pico/pico-sdk/lib/tinyusb/src/device/usbd.c.obj
                0x100055fc                tud_inited
 .text.tud_init
                0x10005610       0xcc CMakeFiles/cdc.dir/Users/nickmarchuk/me433/2024/pico/pico-sdk/lib/tinyusb/src/device/usbd.c.obj
                0x10005610                tud_init
 .text.usbd_defer_func
                0x100056dc       0x2a CMakeFiles/cdc.dir/Users/nickmarchuk/me433/2024/pico/pico-sdk/lib/tinyusb/src/device/usbd.c.obj
                0x100056dc                usbd_defer_func
 *fill*         0x10005706        0x2 
 .text.usbd_edpt_open
                0x10005708       0x34 CMakeFiles/cdc.dir/Users/nickmarchuk/me433/2024/pico/pico-sdk/lib/tinyusb/src/device/usbd.c.obj
                0x10005708                usbd_edpt_open
 .text.usbd_open_edpt_pair
                0x1000573c       0x62 CMakeFiles/cdc.dir/Users/nickmarchuk/me433/2024/pico/pico-sdk/lib/tinyusb/src/device/usbd.c.obj
                0x1000573c                usbd_open_edpt_pair
 *fill*         0x1000579e        0x2 
 .text.usbd_edpt_claim
                0x100057a0       0x28 CMakeFiles/cdc.dir/Users/nickmarchuk/me433/2024/pico/pico-sdk/lib/tinyusb/src/device/usbd.c.obj
                0x100057a0                usbd_edpt_claim
 .text.usbd_edpt_release
                0x100057c8       0x28 CMakeFiles/cdc.dir/Users/nickmarchuk/me433/2024/pico/pico-sdk/lib/tinyusb/src/device/usbd.c.obj
                0x100057c8                usbd_edpt_release
 .text.usbd_edpt_xfer
                0x100057f0       0x78 CMakeFiles/cdc.dir/Users/nickmarchuk/me433/2024/pico/pico-sdk/lib/tinyusb/src/device/usbd.c.obj
                0x100057f0                usbd_edpt_xfer
 .text.usbd_edpt_stall
                0x10005868       0x48 CMakeFiles/cdc.dir/Users/nickmarchuk/me433/2024/pico/pico-sdk/lib/tinyusb/src/device/usbd.c.obj
                0x10005868                usbd_edpt_stall
 .text.usbd_edpt_clear_stall
                0x100058b0       0x48 CMakeFiles/cdc.dir/Users/nickmarchuk/me433/2024/pico/pico-sdk/lib/tinyusb/src/device/usbd.c.obj
                0x100058b0                usbd_edpt_clear_stall
 .text.usbd_edpt_stalled
                0x100058f8       0x1c CMakeFiles/cdc.dir/Users/nickmarchuk/me433/2024/pico/pico-sdk/lib/tinyusb/src/device/usbd.c.obj
                0x100058f8                usbd_edpt_stalled
 .text.process_control_request
                0x10005914      0x374 CMakeFiles/cdc.dir/Users/nickmarchuk/me433/2024/pico/pico-sdk/lib/tinyusb/src/device/usbd.c.obj
 .text.tud_task_ext
                0x10005c88      0x1a8 CMakeFiles/cdc.dir/Users/nickmarchuk/me433/2024/pico/pico-sdk/lib/tinyusb/src/device/usbd.c.obj
                0x10005c88                tud_task_ext
 .text._status_stage_xact
                0x10005e30       0x1a CMakeFiles/cdc.dir/Users/nickmarchuk/me433/2024/pico/pico-sdk/lib/tinyusb/src/device/usbd_control.c.obj
 *fill*         0x10005e4a        0x2 
 .text._data_stage_xact
                0x10005e4c       0x58 CMakeFiles/cdc.dir/Users/nickmarchuk/me433/2024/pico/pico-sdk/lib/tinyusb/src/device/usbd_control.c.obj
 .text.tud_control_status
                0x10005ea4       0x28 CMakeFiles/cdc.dir/Users/nickmarchuk/me433/2024/pico/pico-sdk/lib/tinyusb/src/device/usbd_control.c.obj
                0x10005ea4                tud_control_status
 .text.tud_control_xfer
                0x10005ecc       0x68 CMakeFiles/cdc.dir/Users/nickmarchuk/me433/2024/pico/pico-sdk/lib/tinyusb/src/device/usbd_control.c.obj
                0x10005ecc                tud_control_xfer
 .text.usbd_control_reset
                0x10005f34       0x14 CMakeFiles/cdc.dir/Users/nickmarchuk/me433/2024/pico/pico-sdk/lib/tinyusb/src/device/usbd_control.c.obj
                0x10005f34                usbd_control_reset
 .text.usbd_control_set_complete_callback
                0x10005f48        0xc CMakeFiles/cdc.dir/Users/nickmarchuk/me433/2024/pico/pico-sdk/lib/tinyusb/src/device/usbd_control.c.obj
                0x10005f48                usbd_control_set_complete_callback
 .text.usbd_control_set_request
                0x10005f54       0x1c CMakeFiles/cdc.dir/Users/nickmarchuk/me433/2024/pico/pico-sdk/lib/tinyusb/src/device/usbd_control.c.obj
                0x10005f54                usbd_control_set_request
 .text.usbd_control_xfer_cb
                0x10005f70       0xbc CMakeFiles/cdc.dir/Users/nickmarchuk/me433/2024/pico/pico-sdk/lib/tinyusb/src/device/usbd_control.c.obj
                0x10005f70                usbd_control_xfer_cb
 .text._prep_out_transaction
                0x1000602c       0x4a CMakeFiles/cdc.dir/Users/nickmarchuk/me433/2024/pico/pico-sdk/lib/tinyusb/src/class/cdc/cdc_device.c.obj
 *fill*         0x10006076        0x2 
 .text.tud_cdc_n_connected
                0x10006078       0x38 CMakeFiles/cdc.dir/Users/nickmarchuk/me433/2024/pico/pico-sdk/lib/tinyusb/src/class/cdc/cdc_device.c.obj
                0x10006078                tud_cdc_n_connected
 .text.tud_cdc_n_available
                0x100060b0       0x18 CMakeFiles/cdc.dir/Users/nickmarchuk/me433/2024/pico/pico-sdk/lib/tinyusb/src/class/cdc/cdc_device.c.obj
                0x100060b0                tud_cdc_n_available
 .text.tud_cdc_n_read
                0x100060c8       0x28 CMakeFiles/cdc.dir/Users/nickmarchuk/me433/2024/pico/pico-sdk/lib/tinyusb/src/class/cdc/cdc_device.c.obj
                0x100060c8                tud_cdc_n_read
 .text.tud_cdc_n_write_flush
                0x100060f0       0xb8 CMakeFiles/cdc.dir/Users/nickmarchuk/me433/2024/pico/pico-sdk/lib/tinyusb/src/class/cdc/cdc_device.c.obj
                0x100060f0                tud_cdc_n_write_flush
 .text.tud_cdc_n_write
                0x100061a8       0x38 CMakeFiles/cdc.dir/Users/nickmarchuk/me433/2024/pico/pico-sdk/lib/tinyusb/src/class/cdc/cdc_device.c.obj
                0x100061a8                tud_cdc_n_write
 .text.tud_cdc_n_write_available
                0x100061e0       0x1c CMakeFiles/cdc.dir/Users/nickmarchuk/me433/2024/pico/pico-sdk/lib/tinyusb/src/class/cdc/cdc_device.c.obj
                0x100061e0                tud_cdc_n_write_available
 .text.cdcd_init
                0x100061fc       0xbc CMakeFiles/cdc.dir/Users/nickmarchuk/me433/2024/pico/pico-sdk/lib/tinyusb/src/class/cdc/cdc_device.c.obj
                0x100061fc                cdcd_init
 .text.cdcd_reset
                0x100062b8       0x44 CMakeFiles/cdc.dir/Users/nickmarchuk/me433/2024/pico/pico-sdk/lib/tinyusb/src/class/cdc/cdc_device.c.obj
                0x100062b8                cdcd_reset
 .text.cdcd_open
                0x100062fc       0xc4 CMakeFiles/cdc.dir/Users/nickmarchuk/me433/2024/pico/pico-sdk/lib/tinyusb/src/class/cdc/cdc_device.c.obj
                0x100062fc                cdcd_open
 .text.cdcd_control_xfer_cb
                0x100063c0      0x134 CMakeFiles/cdc.dir/Users/nickmarchuk/me433/2024/pico/pico-sdk/lib/tinyusb/src/class/cdc/cdc_device.c.obj
                0x100063c0                cdcd_control_xfer_cb
 .text.cdcd_xfer_cb
                0x100064f4      0x130 CMakeFiles/cdc.dir/Users/nickmarchuk/me433/2024/pico/pico-sdk/lib/tinyusb/src/class/cdc/cdc_device.c.obj
                0x100064f4                cdcd_xfer_cb
 .text.tusb_init
                0x10006624        0xa CMakeFiles/cdc.dir/Users/nickmarchuk/me433/2024/pico/pico-sdk/lib/tinyusb/src/tusb.c.obj
                0x10006624                tusb_init
 .text.tusb_inited
                0x1000662e        0xe CMakeFiles/cdc.dir/Users/nickmarchuk/me433/2024/pico/pico-sdk/lib/tinyusb/src/tusb.c.obj
                0x1000662e                tusb_inited
 .text.tu_edpt_claim
                0x1000663c       0x50 CMakeFiles/cdc.dir/Users/nickmarchuk/me433/2024/pico/pico-sdk/lib/tinyusb/src/tusb.c.obj
                0x1000663c                tu_edpt_claim
 .text.tu_edpt_release
                0x1000668c       0x38 CMakeFiles/cdc.dir/Users/nickmarchuk/me433/2024/pico/pico-sdk/lib/tinyusb/src/tusb.c.obj
                0x1000668c                tu_edpt_release
 .text.tu_edpt_validate
                0x100066c4       0x78 CMakeFiles/cdc.dir/Users/nickmarchuk/me433/2024/pico/pico-sdk/lib/tinyusb/src/tusb.c.obj
                0x100066c4                tu_edpt_validate
 .text.tu_edpt_bind_driver
                0x1000673c       0x26 CMakeFiles/cdc.dir/Users/nickmarchuk/me433/2024/pico/pico-sdk/lib/tinyusb/src/tusb.c.obj
                0x1000673c                tu_edpt_bind_driver
 .text.advance_index
                0x10006762       0x1a CMakeFiles/cdc.dir/Users/nickmarchuk/me433/2024/pico/pico-sdk/lib/tinyusb/src/common/tusb_fifo.c.obj
 .text._tu_fifo_peek
                0x1000677c       0x56 CMakeFiles/cdc.dir/Users/nickmarchuk/me433/2024/pico/pico-sdk/lib/tinyusb/src/common/tusb_fifo.c.obj
 .text._ff_pull_const_addr
                0x100067d2       0x4c CMakeFiles/cdc.dir/Users/nickmarchuk/me433/2024/pico/pico-sdk/lib/tinyusb/src/common/tusb_fifo.c.obj
 .text._ff_pull_n
                0x1000681e      0x110 CMakeFiles/cdc.dir/Users/nickmarchuk/me433/2024/pico/pico-sdk/lib/tinyusb/src/common/tusb_fifo.c.obj
 .text._tu_fifo_peek_n
                0x1000692e       0x6a CMakeFiles/cdc.dir/Users/nickmarchuk/me433/2024/pico/pico-sdk/lib/tinyusb/src/common/tusb_fifo.c.obj
 .text._tu_fifo_read_n
                0x10006998       0x4e CMakeFiles/cdc.dir/Users/nickmarchuk/me433/2024/pico/pico-sdk/lib/tinyusb/src/common/tusb_fifo.c.obj
 .text._ff_push_const_addr
                0x100069e6       0x40 CMakeFiles/cdc.dir/Users/nickmarchuk/me433/2024/pico/pico-sdk/lib/tinyusb/src/common/tusb_fifo.c.obj
 .text._ff_push_n
                0x10006a26      0x10c CMakeFiles/cdc.dir/Users/nickmarchuk/me433/2024/pico/pico-sdk/lib/tinyusb/src/common/tusb_fifo.c.obj
 .text._tu_fifo_write_n
                0x10006b32       0xf0 CMakeFiles/cdc.dir/Users/nickmarchuk/me433/2024/pico/pico-sdk/lib/tinyusb/src/common/tusb_fifo.c.obj
 .text.tu_fifo_config
                0x10006c22       0x7c CMakeFiles/cdc.dir/Users/nickmarchuk/me433/2024/pico/pico-sdk/lib/tinyusb/src/common/tusb_fifo.c.obj
                0x10006c22                tu_fifo_config
 .text.tu_fifo_count
                0x10006c9e       0x2a CMakeFiles/cdc.dir/Users/nickmarchuk/me433/2024/pico/pico-sdk/lib/tinyusb/src/common/tusb_fifo.c.obj
                0x10006c9e                tu_fifo_count
 .text.tu_fifo_empty
                0x10006cc8        0xe CMakeFiles/cdc.dir/Users/nickmarchuk/me433/2024/pico/pico-sdk/lib/tinyusb/src/common/tusb_fifo.c.obj
                0x10006cc8                tu_fifo_empty
 .text.tu_fifo_full
                0x10006cd6       0x28 CMakeFiles/cdc.dir/Users/nickmarchuk/me433/2024/pico/pico-sdk/lib/tinyusb/src/common/tusb_fifo.c.obj
                0x10006cd6                tu_fifo_full
 .text.tu_fifo_remaining
                0x10006cfe       0x2c CMakeFiles/cdc.dir/Users/nickmarchuk/me433/2024/pico/pico-sdk/lib/tinyusb/src/common/tusb_fifo.c.obj
                0x10006cfe                tu_fifo_remaining
 .text.tu_fifo_read
                0x10006d2a       0x42 CMakeFiles/cdc.dir/Users/nickmarchuk/me433/2024/pico/pico-sdk/lib/tinyusb/src/common/tusb_fifo.c.obj
                0x10006d2a                tu_fifo_read
 .text.tu_fifo_read_n
                0x10006d6c        0xa CMakeFiles/cdc.dir/Users/nickmarchuk/me433/2024/pico/pico-sdk/lib/tinyusb/src/common/tusb_fifo.c.obj
                0x10006d6c                tu_fifo_read_n
 .text.tu_fifo_write
                0x10006d76       0x64 CMakeFiles/cdc.dir/Users/nickmarchuk/me433/2024/pico/pico-sdk/lib/tinyusb/src/common/tusb_fifo.c.obj
                0x10006d76                tu_fifo_write
 .text.tu_fifo_write_n
                0x10006dda        0xa CMakeFiles/cdc.dir/Users/nickmarchuk/me433/2024/pico/pico-sdk/lib/tinyusb/src/common/tusb_fifo.c.obj
                0x10006dda                tu_fifo_write_n
 .text.tu_fifo_clear
                0x10006de4       0x3e CMakeFiles/cdc.dir/Users/nickmarchuk/me433/2024/pico/pico-sdk/lib/tinyusb/src/common/tusb_fifo.c.obj
                0x10006de4                tu_fifo_clear
 .text.tu_fifo_set_overwritable
                0x10006e22       0x46 CMakeFiles/cdc.dir/Users/nickmarchuk/me433/2024/pico/pico-sdk/lib/tinyusb/src/common/tusb_fifo.c.obj
                0x10006e22                tu_fifo_set_overwritable
 .text._calloc_r
                0x10006e68       0xa8 /Applications/ArmGNUToolchain/13.2.Rel1/arm-none-eabi/bin/../lib/gcc/arm-none-eabi/13.2.1/../../../../arm-none-eabi/lib/thumb/v6-m/nofp/libg.a(libc_a-callocr.o)
                0x10006e68                _calloc_r
 .text.malloc   0x10006f10       0x14 /Applications/ArmGNUToolchain/13.2.Rel1/arm-none-eabi/bin/../lib/gcc/arm-none-eabi/13.2.1/../../../../arm-none-eabi/lib/thumb/v6-m/nofp/libg.a(libc_a-malloc.o)
                0x10006f10                malloc
 .text.free     0x10006f24       0x14 /Applications/ArmGNUToolchain/13.2.Rel1/arm-none-eabi/bin/../lib/gcc/arm-none-eabi/13.2.1/../../../../arm-none-eabi/lib/thumb/v6-m/nofp/libg.a(libc_a-malloc.o)
                0x10006f24                free
 .text._malloc_r
                0x10006f38      0x5c4 /Applications/ArmGNUToolchain/13.2.Rel1/arm-none-eabi/bin/../lib/gcc/arm-none-eabi/13.2.1/../../../../arm-none-eabi/lib/thumb/v6-m/nofp/libg.a(libc_a-mallocr.o)
                0x10006f38                _malloc_r
 .text.__malloc_lock
                0x100074fc       0x10 /Applications/ArmGNUToolchain/13.2.Rel1/arm-none-eabi/bin/../lib/gcc/arm-none-eabi/13.2.1/../../../../arm-none-eabi/lib/thumb/v6-m/nofp/libg.a(libc_a-mlock.o)
                0x100074fc                __malloc_lock
 .text.__malloc_unlock
                0x1000750c       0x10 /Applications/ArmGNUToolchain/13.2.Rel1/arm-none-eabi/bin/../lib/gcc/arm-none-eabi/13.2.1/../../../../arm-none-eabi/lib/thumb/v6-m/nofp/libg.a(libc_a-mlock.o)
                0x1000750c                __malloc_unlock
 .text.realloc  0x1000751c       0x18 /Applications/ArmGNUToolchain/13.2.Rel1/arm-none-eabi/bin/../lib/gcc/arm-none-eabi/13.2.1/../../../../arm-none-eabi/lib/thumb/v6-m/nofp/libg.a(libc_a-realloc.o)
                0x1000751c                realloc
 .text.scanf    0x10007534       0x24 /Applications/ArmGNUToolchain/13.2.Rel1/arm-none-eabi/bin/../lib/gcc/arm-none-eabi/13.2.1/../../../../arm-none-eabi/lib/thumb/v6-m/nofp/libg.a(libc_a-scanf.o)
                0x10007534                scanf
 .text._realloc_r
                0x10007558      0x350 /Applications/ArmGNUToolchain/13.2.Rel1/arm-none-eabi/bin/../lib/gcc/arm-none-eabi/13.2.1/../../../../arm-none-eabi/lib/thumb/v6-m/nofp/libg.a(libc_a-reallocr.o)
                0x10007558                _realloc_r
 .text.memmove  0x100078a8       0xb0 /Applications/ArmGNUToolchain/13.2.Rel1/arm-none-eabi/bin/../lib/gcc/arm-none-eabi/13.2.1/../../../../arm-none-eabi/lib/thumb/v6-m/nofp/libg.a(libc_a-memmove.o)
                0x100078a8                memmove
 .text._sbrk_r  0x10007958       0x24 /Applications/ArmGNUToolchain/13.2.Rel1/arm-none-eabi/bin/../lib/gcc/arm-none-eabi/13.2.1/../../../../arm-none-eabi/lib/thumb/v6-m/nofp/libg.a(libc_a-sbrkr.o)
                0x10007958                _sbrk_r
 .text.__errno  0x1000797c        0xc /Applications/ArmGNUToolchain/13.2.Rel1/arm-none-eabi/bin/../lib/gcc/arm-none-eabi/13.2.1/../../../../arm-none-eabi/lib/thumb/v6-m/nofp/libg.a(libc_a-errno.o)
                0x1000797c                __errno
 .text.sysconf  0x10007988       0x1c /Applications/ArmGNUToolchain/13.2.Rel1/arm-none-eabi/bin/../lib/gcc/arm-none-eabi/13.2.1/../../../../arm-none-eabi/lib/thumb/v6-m/nofp/libg.a(libc_a-sysconf.o)
                0x10007988                sysconf
 .text.__retarget_lock_init_recursive
                0x100079a4        0x4 /Applications/ArmGNUToolchain/13.2.Rel1/arm-none-eabi/bin/../lib/gcc/arm-none-eabi/13.2.1/../../../../arm-none-eabi/lib/thumb/v6-m/nofp/libg.a(libc_a-lock.o)
                0x100079a4                __retarget_lock_init_recursive
 .text.__retarget_lock_close_recursive
                0x100079a8        0x4 /Applications/ArmGNUToolchain/13.2.Rel1/arm-none-eabi/bin/../lib/gcc/arm-none-eabi/13.2.1/../../../../arm-none-eabi/lib/thumb/v6-m/nofp/libg.a(libc_a-lock.o)
                0x100079a8                __retarget_lock_close_recursive
 .text.__retarget_lock_acquire_recursive
                0x100079ac        0x4 /Applications/ArmGNUToolchain/13.2.Rel1/arm-none-eabi/bin/../lib/gcc/arm-none-eabi/13.2.1/../../../../arm-none-eabi/lib/thumb/v6-m/nofp/libg.a(libc_a-lock.o)
                0x100079ac                __retarget_lock_acquire_recursive
 .text.__retarget_lock_release_recursive
                0x100079b0        0x4 /Applications/ArmGNUToolchain/13.2.Rel1/arm-none-eabi/bin/../lib/gcc/arm-none-eabi/13.2.1/../../../../arm-none-eabi/lib/thumb/v6-m/nofp/libg.a(libc_a-lock.o)
                0x100079b0                __retarget_lock_release_recursive
 .text.strlen   0x100079b4       0x5c /Applications/ArmGNUToolchain/13.2.Rel1/arm-none-eabi/bin/../lib/gcc/arm-none-eabi/13.2.1/../../../../arm-none-eabi/lib/thumb/v6-m/nofp/libg.a(libc_a-strlen-stub.o)
                0x100079b4                strlen
 .text._malloc_trim_r
                0x10007a10       0xb4 /Applications/ArmGNUToolchain/13.2.Rel1/arm-none-eabi/bin/../lib/gcc/arm-none-eabi/13.2.1/../../../../arm-none-eabi/lib/thumb/v6-m/nofp/libg.a(libc_a-freer.o)
                0x10007a10                _malloc_trim_r
 .text._free_r  0x10007ac4      0x1d4 /Applications/ArmGNUToolchain/13.2.Rel1/arm-none-eabi/bin/../lib/gcc/arm-none-eabi/13.2.1/../../../../arm-none-eabi/lib/thumb/v6-m/nofp/libg.a(libc_a-freer.o)
                0x10007ac4                _free_r
 .text.__svfscanf_r
                0x10007c98     0x1884 /Applications/ArmGNUToolchain/13.2.Rel1/arm-none-eabi/bin/../lib/gcc/arm-none-eabi/13.2.1/../../../../arm-none-eabi/lib/thumb/v6-m/nofp/libg.a(libc_a-vfscanf.o)
                0x10007c98                __svfscanf_r
 .text._vfscanf_r
                0x1000951c       0x28 /Applications/ArmGNUToolchain/13.2.Rel1/arm-none-eabi/bin/../lib/gcc/arm-none-eabi/13.2.1/../../../../arm-none-eabi/lib/thumb/v6-m/nofp/libg.a(libc_a-vfscanf.o)
                0x1000951c                _vfscanf_r
 .text.__sccl   0x10009544       0x80 /Applications/ArmGNUToolchain/13.2.Rel1/arm-none-eabi/bin/../lib/gcc/arm-none-eabi/13.2.1/../../../../arm-none-eabi/lib/thumb/v6-m/nofp/libg.a(libc_a-sccl.o)
                0x10009544                __sccl
 .text.sulp     0x100095c4       0x30 /Applications/ArmGNUToolchain/13.2.Rel1/arm-none-eabi/bin/../lib/gcc/arm-none-eabi/13.2.1/../../../../arm-none-eabi/lib/thumb/v6-m/nofp/libg.a(libc_a-strtod.o)
 .text._strtod_l
                0x100095f4      0xeb8 /Applications/ArmGNUToolchain/13.2.Rel1/arm-none-eabi/bin/../lib/gcc/arm-none-eabi/13.2.1/../../../../arm-none-eabi/lib/thumb/v6-m/nofp/libg.a(libc_a-strtod.o)
                0x100095f4                _strtod_l
 .text._strtod_r
                0x1000a4ac       0x10 /Applications/ArmGNUToolchain/13.2.Rel1/arm-none-eabi/bin/../lib/gcc/arm-none-eabi/13.2.1/../../../../arm-none-eabi/lib/thumb/v6-m/nofp/libg.a(libc_a-strtod.o)
                0x1000a4ac                _strtod_r
 .text._strtol_l.isra.0
                0x1000a4bc      0x158 /Applications/ArmGNUToolchain/13.2.Rel1/arm-none-eabi/bin/../lib/gcc/arm-none-eabi/13.2.1/../../../../arm-none-eabi/lib/thumb/v6-m/nofp/libg.a(libc_a-strtol.o)
 .text._strtol_r
                0x1000a614        0x8 /Applications/ArmGNUToolchain/13.2.Rel1/arm-none-eabi/bin/../lib/gcc/arm-none-eabi/13.2.1/../../../../arm-none-eabi/lib/thumb/v6-m/nofp/libg.a(libc_a-strtol.o)
                0x1000a614                _strtol_r
 .text._strtoul_l.isra.0
                0x1000a61c      0x144 /Applications/ArmGNUToolchain/13.2.Rel1/arm-none-eabi/bin/../lib/gcc/arm-none-eabi/13.2.1/../../../../arm-none-eabi/lib/thumb/v6-m/nofp/libg.a(libc_a-strtoul.o)
 .text._strtoul_r
                0x1000a760        0x8 /Applications/ArmGNUToolchain/13.2.Rel1/arm-none-eabi/bin/../lib/gcc/arm-none-eabi/13.2.1/../../../../arm-none-eabi/lib/thumb/v6-m/nofp/libg.a(libc_a-strtoul.o)
                0x1000a760                _strtoul_r
 .text.stdio_exit_handler
                0x1000a768       0x1c /Applications/ArmGNUToolchain/13.2.Rel1/arm-none-eabi/bin/../lib/gcc/arm-none-eabi/13.2.1/../../../../arm-none-eabi/lib/thumb/v6-m/nofp/libg.a(libc_a-findfp.o)
 .text.cleanup_stdio
                0x1000a784       0x3c /Applications/ArmGNUToolchain/13.2.Rel1/arm-none-eabi/bin/../lib/gcc/arm-none-eabi/13.2.1/../../../../arm-none-eabi/lib/thumb/v6-m/nofp/libg.a(libc_a-findfp.o)
 .text.global_stdio_init.part.0
                0x1000a7c0      0x118 /Applications/ArmGNUToolchain/13.2.Rel1/arm-none-eabi/bin/../lib/gcc/arm-none-eabi/13.2.1/../../../../arm-none-eabi/lib/thumb/v6-m/nofp/libg.a(libc_a-findfp.o)
 .text.__sinit  0x1000a8d8       0x38 /Applications/ArmGNUToolchain/13.2.Rel1/arm-none-eabi/bin/../lib/gcc/arm-none-eabi/13.2.1/../../../../arm-none-eabi/lib/thumb/v6-m/nofp/libg.a(libc_a-findfp.o)
                0x1000a8d8                __sinit
 .text.__sfp_lock_acquire
                0x1000a910       0x10 /Applications/ArmGNUToolchain/13.2.Rel1/arm-none-eabi/bin/../lib/gcc/arm-none-eabi/13.2.1/../../../../arm-none-eabi/lib/thumb/v6-m/nofp/libg.a(libc_a-findfp.o)
                0x1000a910                __sfp_lock_acquire
 .text.__sfp_lock_release
                0x1000a920       0x10 /Applications/ArmGNUToolchain/13.2.Rel1/arm-none-eabi/bin/../lib/gcc/arm-none-eabi/13.2.1/../../../../arm-none-eabi/lib/thumb/v6-m/nofp/libg.a(libc_a-findfp.o)
                0x1000a920                __sfp_lock_release
 .text.__submore
                0x1000a930       0x84 /Applications/ArmGNUToolchain/13.2.Rel1/arm-none-eabi/bin/../lib/gcc/arm-none-eabi/13.2.1/../../../../arm-none-eabi/lib/thumb/v6-m/nofp/libg.a(libc_a-ungetc.o)
                0x1000a930                __submore
 .text._ungetc_r
                0x1000a9b4      0x144 /Applications/ArmGNUToolchain/13.2.Rel1/arm-none-eabi/bin/../lib/gcc/arm-none-eabi/13.2.1/../../../../arm-none-eabi/lib/thumb/v6-m/nofp/libg.a(libc_a-ungetc.o)
                0x1000a9b4                _ungetc_r
 .text._fread_r
                0x1000aaf8      0x1e8 /Applications/ArmGNUToolchain/13.2.Rel1/arm-none-eabi/bin/../lib/gcc/arm-none-eabi/13.2.1/../../../../arm-none-eabi/lib/thumb/v6-m/nofp/libg.a(libc_a-fread.o)
                0x1000aaf8                _fread_r
 .text._fwalk_sglue
                0x1000ace0       0x44 /Applications/ArmGNUToolchain/13.2.Rel1/arm-none-eabi/bin/../lib/gcc/arm-none-eabi/13.2.1/../../../../arm-none-eabi/lib/thumb/v6-m/nofp/libg.a(libc_a-fwalk.o)
                0x1000ace0                _fwalk_sglue
 .text.strncmp  0x1000ad24       0x74 /Applications/ArmGNUToolchain/13.2.Rel1/arm-none-eabi/bin/../lib/gcc/arm-none-eabi/13.2.1/../../../../arm-none-eabi/lib/thumb/v6-m/nofp/libg.a(libc_a-strncmp.o)
                0x1000ad24                strncmp
 .text.stpncpy  0x1000ad98       0x78 /Applications/ArmGNUToolchain/13.2.Rel1/arm-none-eabi/bin/../lib/gcc/arm-none-eabi/13.2.1/../../../../arm-none-eabi/lib/thumb/v6-m/nofp/libg.a(libc_a-stpncpy.o)
                0x1000ad98                stpncpy
 .text.__locale_mb_cur_max
                0x1000ae10       0x10 /Applications/ArmGNUToolchain/13.2.Rel1/arm-none-eabi/bin/../lib/gcc/arm-none-eabi/13.2.1/../../../../arm-none-eabi/lib/thumb/v6-m/nofp/libg.a(libc_a-locale.o)
                0x1000ae10                __locale_mb_cur_max
 .text._localeconv_r
                0x1000ae20        0x8 /Applications/ArmGNUToolchain/13.2.Rel1/arm-none-eabi/bin/../lib/gcc/arm-none-eabi/13.2.1/../../../../arm-none-eabi/lib/thumb/v6-m/nofp/libg.a(libc_a-localeconv.o)
                0x1000ae20                _localeconv_r
 .text          0x1000ae28       0x88 /Applications/ArmGNUToolchain/13.2.Rel1/arm-none-eabi/bin/../lib/gcc/arm-none-eabi/13.2.1/../../../../arm-none-eabi/lib/thumb/v6-m/nofp/libg.a(libc_a-strcmp.o)
                0x1000ae28                strcmp
 .text._strtoll_l.isra.0
                0x1000aeb0      0x1a0 /Applications/ArmGNUToolchain/13.2.Rel1/arm-none-eabi/bin/../lib/gcc/arm-none-eabi/13.2.1/../../../../arm-none-eabi/lib/thumb/v6-m/nofp/libg.a(libc_a-strtoll.o)
 .text._strtoll_r
                0x1000b050        0x8 /Applications/ArmGNUToolchain/13.2.Rel1/arm-none-eabi/bin/../lib/gcc/arm-none-eabi/13.2.1/../../../../arm-none-eabi/lib/thumb/v6-m/nofp/libg.a(libc_a-strtoll.o)
                0x1000b050                _strtoll_r
 .text._strtoull_l.isra.0
                0x1000b058      0x1c4 /Applications/ArmGNUToolchain/13.2.Rel1/arm-none-eabi/bin/../lib/gcc/arm-none-eabi/13.2.1/../../../../arm-none-eabi/lib/thumb/v6-m/nofp/libg.a(libc_a-strtoull.o)
 .text._strtoull_r
                0x1000b21c        0x8 /Applications/ArmGNUToolchain/13.2.Rel1/arm-none-eabi/bin/../lib/gcc/arm-none-eabi/13.2.1/../../../../arm-none-eabi/lib/thumb/v6-m/nofp/libg.a(libc_a-strtoull.o)
                0x1000b21c                _strtoull_r
 .text._mbrtowc_r
                0x1000b224       0x54 /Applications/ArmGNUToolchain/13.2.Rel1/arm-none-eabi/bin/../lib/gcc/arm-none-eabi/13.2.1/../../../../arm-none-eabi/lib/thumb/v6-m/nofp/libg.a(libc_a-mbrtowc.o)
                0x1000b224                _mbrtowc_r
 .text.iswspace
                0x1000b278        0xc /Applications/ArmGNUToolchain/13.2.Rel1/arm-none-eabi/bin/../lib/gcc/arm-none-eabi/13.2.1/../../../../arm-none-eabi/lib/thumb/v6-m/nofp/libg.a(libc_a-iswspace.o)
                0x1000b278                iswspace
 .text.iswspace_l
                0x1000b284       0x24 /Applications/ArmGNUToolchain/13.2.Rel1/arm-none-eabi/bin/../lib/gcc/arm-none-eabi/13.2.1/../../../../arm-none-eabi/lib/thumb/v6-m/nofp/libg.a(libc_a-iswspace_l.o)
                0x1000b284                iswspace_l
 .text.nan      0x1000b2a8        0xc /Applications/ArmGNUToolchain/13.2.Rel1/arm-none-eabi/bin/../lib/gcc/arm-none-eabi/13.2.1/../../../../arm-none-eabi/lib/thumb/v6-m/nofp/libg.a(libm_a-s_nan.o)
                0x1000b2a8                nan
 .text.nanf     0x1000b2b4        0x8 /Applications/ArmGNUToolchain/13.2.Rel1/arm-none-eabi/bin/../lib/gcc/arm-none-eabi/13.2.1/../../../../arm-none-eabi/lib/thumb/v6-m/nofp/libg.a(libm_a-sf_nan.o)
                0x1000b2b4                nanf
 .text.__jp2uc  0x1000b2bc      0x154 /Applications/ArmGNUToolchain/13.2.Rel1/arm-none-eabi/bin/../lib/gcc/arm-none-eabi/13.2.1/../../../../arm-none-eabi/lib/thumb/v6-m/nofp/libg.a(libc_a-jp2uc.o)
 .text._jp2uc_l
                0x1000b410       0x68 /Applications/ArmGNUToolchain/13.2.Rel1/arm-none-eabi/bin/../lib/gcc/arm-none-eabi/13.2.1/../../../../arm-none-eabi/lib/thumb/v6-m/nofp/libg.a(libc_a-jp2uc.o)
                0x1000b410                _jp2uc_l
 .text.category
                0x1000b478       0x54 /Applications/ArmGNUToolchain/13.2.Rel1/arm-none-eabi/bin/../lib/gcc/arm-none-eabi/13.2.1/../../../../arm-none-eabi/lib/thumb/v6-m/nofp/libg.a(libc_a-categories.o)
                0x1000b478                category
 .text.rshift   0x1000b4cc       0xb0 /Applications/ArmGNUToolchain/13.2.Rel1/arm-none-eabi/bin/../lib/gcc/arm-none-eabi/13.2.1/../../../../arm-none-eabi/lib/thumb/v6-m/nofp/libg.a(libc_a-gdtoa-gethex.o)
 .text.__gethex
                0x1000b57c      0x5a8 /Applications/ArmGNUToolchain/13.2.Rel1/arm-none-eabi/bin/../lib/gcc/arm-none-eabi/13.2.1/../../../../arm-none-eabi/lib/thumb/v6-m/nofp/libg.a(libc_a-gdtoa-gethex.o)
                0x1000b57c                __gethex
 .text.__match  0x1000bb24       0x2c /Applications/ArmGNUToolchain/13.2.Rel1/arm-none-eabi/bin/../lib/gcc/arm-none-eabi/13.2.1/../../../../arm-none-eabi/lib/thumb/v6-m/nofp/libg.a(libc_a-gdtoa-hexnan.o)
                0x1000bb24                __match
 .text.__hexnan
                0x1000bb50      0x204 /Applications/ArmGNUToolchain/13.2.Rel1/arm-none-eabi/bin/../lib/gcc/arm-none-eabi/13.2.1/../../../../arm-none-eabi/lib/thumb/v6-m/nofp/libg.a(libc_a-gdtoa-hexnan.o)
                0x1000bb50                __hexnan
 .text.__ascii_mbtowc
                0x1000bd54       0x2c /Applications/ArmGNUToolchain/13.2.Rel1/arm-none-eabi/bin/../lib/gcc/arm-none-eabi/13.2.1/../../../../arm-none-eabi/lib/thumb/v6-m/nofp/libg.a(libc_a-mbtowc_r.o)
                0x1000bd54                __ascii_mbtowc
 .text._Balloc  0x1000bd80       0x50 /Applications/ArmGNUToolchain/13.2.Rel1/arm-none-eabi/bin/../lib/gcc/arm-none-eabi/13.2.1/../../../../arm-none-eabi/lib/thumb/v6-m/nofp/libg.a(libc_a-mprec.o)
                0x1000bd80                _Balloc
 .text._Bfree   0x1000bdd0       0x14 /Applications/ArmGNUToolchain/13.2.Rel1/arm-none-eabi/bin/../lib/gcc/arm-none-eabi/13.2.1/../../../../arm-none-eabi/lib/thumb/v6-m/nofp/libg.a(libc_a-mprec.o)
                0x1000bdd0                _Bfree
 .text.__multadd
                0x1000bde4       0xa8 /Applications/ArmGNUToolchain/13.2.Rel1/arm-none-eabi/bin/../lib/gcc/arm-none-eabi/13.2.1/../../../../arm-none-eabi/lib/thumb/v6-m/nofp/libg.a(libc_a-mprec.o)
                0x1000bde4                __multadd
 .text.__s2b    0x1000be8c       0xb0 /Applications/ArmGNUToolchain/13.2.Rel1/arm-none-eabi/bin/../lib/gcc/arm-none-eabi/13.2.1/../../../../arm-none-eabi/lib/thumb/v6-m/nofp/libg.a(libc_a-mprec.o)
                0x1000be8c                __s2b
 .text.__hi0bits
                0x1000bf3c       0x4c /Applications/ArmGNUToolchain/13.2.Rel1/arm-none-eabi/bin/../lib/gcc/arm-none-eabi/13.2.1/../../../../arm-none-eabi/lib/thumb/v6-m/nofp/libg.a(libc_a-mprec.o)
                0x1000bf3c                __hi0bits
 .text.__lo0bits
                0x1000bf88       0x5c /Applications/ArmGNUToolchain/13.2.Rel1/arm-none-eabi/bin/../lib/gcc/arm-none-eabi/13.2.1/../../../../arm-none-eabi/lib/thumb/v6-m/nofp/libg.a(libc_a-mprec.o)
                0x1000bf88                __lo0bits
 .text.__i2b    0x1000bfe4       0x60 /Applications/ArmGNUToolchain/13.2.Rel1/arm-none-eabi/bin/../lib/gcc/arm-none-eabi/13.2.1/../../../../arm-none-eabi/lib/thumb/v6-m/nofp/libg.a(libc_a-mprec.o)
                0x1000bfe4                __i2b
 .text.__multiply
                0x1000c044      0x1ac /Applications/ArmGNUToolchain/13.2.Rel1/arm-none-eabi/bin/../lib/gcc/arm-none-eabi/13.2.1/../../../../arm-none-eabi/lib/thumb/v6-m/nofp/libg.a(libc_a-mprec.o)
                0x1000c044                __multiply
 .text.__pow5mult
                0x1000c1f0       0xd0 /Applications/ArmGNUToolchain/13.2.Rel1/arm-none-eabi/bin/../lib/gcc/arm-none-eabi/13.2.1/../../../../arm-none-eabi/lib/thumb/v6-m/nofp/libg.a(libc_a-mprec.o)
                0x1000c1f0                __pow5mult
 .text.__lshift
                0x1000c2c0       0xfc /Applications/ArmGNUToolchain/13.2.Rel1/arm-none-eabi/bin/../lib/gcc/arm-none-eabi/13.2.1/../../../../arm-none-eabi/lib/thumb/v6-m/nofp/libg.a(libc_a-mprec.o)
                0x1000c2c0                __lshift
 .text.__mcmp   0x1000c3bc       0x3c /Applications/ArmGNUToolchain/13.2.Rel1/arm-none-eabi/bin/../lib/gcc/arm-none-eabi/13.2.1/../../../../arm-none-eabi/lib/thumb/v6-m/nofp/libg.a(libc_a-mprec.o)
                0x1000c3bc                __mcmp
 .text.__mdiff  0x1000c3f8      0x1b4 /Applications/ArmGNUToolchain/13.2.Rel1/arm-none-eabi/bin/../lib/gcc/arm-none-eabi/13.2.1/../../../../arm-none-eabi/lib/thumb/v6-m/nofp/libg.a(libc_a-mprec.o)
                0x1000c3f8                __mdiff
 .text.__ulp    0x1000c5ac       0x40 /Applications/ArmGNUToolchain/13.2.Rel1/arm-none-eabi/bin/../lib/gcc/arm-none-eabi/13.2.1/../../../../arm-none-eabi/lib/thumb/v6-m/nofp/libg.a(libc_a-mprec.o)
                0x1000c5ac                __ulp
 .text.__b2d    0x1000c5ec       0xb8 /Applications/ArmGNUToolchain/13.2.Rel1/arm-none-eabi/bin/../lib/gcc/arm-none-eabi/13.2.1/../../../../arm-none-eabi/lib/thumb/v6-m/nofp/libg.a(libc_a-mprec.o)
                0x1000c5ec                __b2d
 .text.__d2b    0x1000c6a4       0xcc /Applications/ArmGNUToolchain/13.2.Rel1/arm-none-eabi/bin/../lib/gcc/arm-none-eabi/13.2.1/../../../../arm-none-eabi/lib/thumb/v6-m/nofp/libg.a(libc_a-mprec.o)
                0x1000c6a4                __d2b
 .text.__ratio  0x1000c770       0x68 /Applications/ArmGNUToolchain/13.2.Rel1/arm-none-eabi/bin/../lib/gcc/arm-none-eabi/13.2.1/../../../../arm-none-eabi/lib/thumb/v6-m/nofp/libg.a(libc_a-mprec.o)
                0x1000c770                __ratio
 .text.__copybits
                0x1000c7d8       0x40 /Applications/ArmGNUToolchain/13.2.Rel1/arm-none-eabi/bin/../lib/gcc/arm-none-eabi/13.2.1/../../../../arm-none-eabi/lib/thumb/v6-m/nofp/libg.a(libc_a-mprec.o)
                0x1000c7d8                __copybits
 .text.__any_on
                0x1000c818       0x4c /Applications/ArmGNUToolchain/13.2.Rel1/arm-none-eabi/bin/../lib/gcc/arm-none-eabi/13.2.1/../../../../arm-none-eabi/lib/thumb/v6-m/nofp/libg.a(libc_a-mprec.o)
                0x1000c818                __any_on
 .text.lflush   0x1000c864       0x20 /Applications/ArmGNUToolchain/13.2.Rel1/arm-none-eabi/bin/../lib/gcc/arm-none-eabi/13.2.1/../../../../arm-none-eabi/lib/thumb/v6-m/nofp/libg.a(libc_a-refill.o)
 .text.__srefill_r
                0x1000c884      0x118 /Applications/ArmGNUToolchain/13.2.Rel1/arm-none-eabi/bin/../lib/gcc/arm-none-eabi/13.2.1/../../../../arm-none-eabi/lib/thumb/v6-m/nofp/libg.a(libc_a-refill.o)
                0x1000c884                __srefill_r
 .text._fclose_r
                0x1000c99c       0xd0 /Applications/ArmGNUToolchain/13.2.Rel1/arm-none-eabi/bin/../lib/gcc/arm-none-eabi/13.2.1/../../../../arm-none-eabi/lib/thumb/v6-m/nofp/libg.a(libc_a-fclose.o)
                0x1000c99c                _fclose_r
 .text.__sflush_r
                0x1000ca6c      0x148 /Applications/ArmGNUToolchain/13.2.Rel1/arm-none-eabi/bin/../lib/gcc/arm-none-eabi/13.2.1/../../../../arm-none-eabi/lib/thumb/v6-m/nofp/libg.a(libc_a-fflush.o)
                0x1000ca6c                __sflush_r
 .text._fflush_r
                0x1000cbb4       0x68 /Applications/ArmGNUToolchain/13.2.Rel1/arm-none-eabi/bin/../lib/gcc/arm-none-eabi/13.2.1/../../../../arm-none-eabi/lib/thumb/v6-m/nofp/libg.a(libc_a-fflush.o)
                0x1000cbb4                _fflush_r
 .text.__sread  0x1000cc1c       0x28 /Applications/ArmGNUToolchain/13.2.Rel1/arm-none-eabi/bin/../lib/gcc/arm-none-eabi/13.2.1/../../../../arm-none-eabi/lib/thumb/v6-m/nofp/libg.a(libc_a-stdio.o)
                0x1000cc1c                __sread
 .text.__swrite
                0x1000cc44       0x40 /Applications/ArmGNUToolchain/13.2.Rel1/arm-none-eabi/bin/../lib/gcc/arm-none-eabi/13.2.1/../../../../arm-none-eabi/lib/thumb/v6-m/nofp/libg.a(libc_a-stdio.o)
                0x1000cc44                __swrite
 .text.__sseek  0x1000cc84       0x30 /Applications/ArmGNUToolchain/13.2.Rel1/arm-none-eabi/bin/../lib/gcc/arm-none-eabi/13.2.1/../../../../arm-none-eabi/lib/thumb/v6-m/nofp/libg.a(libc_a-stdio.o)
                0x1000cc84                __sseek
 .text.__sclose
                0x1000ccb4        0xc /Applications/ArmGNUToolchain/13.2.Rel1/arm-none-eabi/bin/../lib/gcc/arm-none-eabi/13.2.1/../../../../arm-none-eabi/lib/thumb/v6-m/nofp/libg.a(libc_a-stdio.o)
                0x1000ccb4                __sclose
 .text.__ascii_wctomb
                0x1000ccc0       0x1c /Applications/ArmGNUToolchain/13.2.Rel1/arm-none-eabi/bin/../lib/gcc/arm-none-eabi/13.2.1/../../../../arm-none-eabi/lib/thumb/v6-m/nofp/libg.a(libc_a-wctomb_r.o)
                0x1000ccc0                __ascii_wctomb
 .text._close_r
                0x1000ccdc       0x24 /Applications/ArmGNUToolchain/13.2.Rel1/arm-none-eabi/bin/../lib/gcc/arm-none-eabi/13.2.1/../../../../arm-none-eabi/lib/thumb/v6-m/nofp/libg.a(libc_a-closer.o)
                0x1000ccdc                _close_r
 .text._lseek_r
                0x1000cd00       0x28 /Applications/ArmGNUToolchain/13.2.Rel1/arm-none-eabi/bin/../lib/gcc/arm-none-eabi/13.2.1/../../../../arm-none-eabi/lib/thumb/v6-m/nofp/libg.a(libc_a-lseekr.o)
                0x1000cd00                _lseek_r
 .text._read_r  0x1000cd28       0x28 /Applications/ArmGNUToolchain/13.2.Rel1/arm-none-eabi/bin/../lib/gcc/arm-none-eabi/13.2.1/../../../../arm-none-eabi/lib/thumb/v6-m/nofp/libg.a(libc_a-readr.o)
                0x1000cd28                _read_r
 .text._write_r
                0x1000cd50       0x28 /Applications/ArmGNUToolchain/13.2.Rel1/arm-none-eabi/bin/../lib/gcc/arm-none-eabi/13.2.1/../../../../arm-none-eabi/lib/thumb/v6-m/nofp/libg.a(libc_a-writer.o)
                0x1000cd50                _write_r
 .text.__smakebuf_r
                0x1000cd78       0xe0 /Applications/ArmGNUToolchain/13.2.Rel1/arm-none-eabi/bin/../lib/gcc/arm-none-eabi/13.2.1/../../../../arm-none-eabi/lib/thumb/v6-m/nofp/libg.a(libc_a-makebuf.o)
                0x1000cd78                __smakebuf_r
 .text._fstat_r
                0x1000ce58       0x28 /Applications/ArmGNUToolchain/13.2.Rel1/arm-none-eabi/bin/../lib/gcc/arm-none-eabi/13.2.1/../../../../arm-none-eabi/lib/thumb/v6-m/nofp/libg.a(libc_a-fstatr.o)
                0x1000ce58                _fstat_r
 .text._isatty_r
                0x1000ce80       0x24 /Applications/ArmGNUToolchain/13.2.Rel1/arm-none-eabi/bin/../lib/gcc/arm-none-eabi/13.2.1/../../../../arm-none-eabi/lib/thumb/v6-m/nofp/libg.a(libc_a-isattyr.o)
                0x1000ce80                _isatty_r
 *(.fini)
 .fini          0x1000cea4        0x4 /Applications/ArmGNUToolchain/13.2.Rel1/arm-none-eabi/bin/../lib/gcc/arm-none-eabi/13.2.1/thumb/v6-m/nofp/crti.o
                0x1000cea4                _fini
 .fini.__stub   0x1000cea8       0xe0 linker stubs
 *crtbegin.o(.ctors)
 *crtbegin?.o(.ctors)
 *(EXCLUDE_FILE(*crtend.o *crtend?.o) .ctors)
 *(SORT_BY_NAME(.ctors.*))
 *(.ctors)
 *crtbegin.o(.dtors)
 *crtbegin?.o(.dtors)
 *(EXCLUDE_FILE(*crtend.o *crtend?.o) .dtors)
 *(SORT_BY_NAME(.dtors.*))
 *(.dtors)
 *(.eh_frame*)
 .eh_frame      0x1000cf88        0x0 /Applications/ArmGNUToolchain/13.2.Rel1/arm-none-eabi/bin/../lib/gcc/arm-none-eabi/13.2.1/thumb/v6-m/nofp/crtbegin.o
                0x1000cf88                        . = ALIGN (0x4)

.glue_7         0x1000cf88        0x0
 .glue_7        0x1000cf88        0x0 linker stubs

.glue_7t        0x1000cf88        0x0
 .glue_7t       0x1000cf88        0x0 linker stubs

.vfp11_veneer   0x1000cf88        0x0
 .vfp11_veneer  0x1000cf88        0x0 linker stubs

.v4_bx          0x1000cf88        0x0
 .v4_bx         0x1000cf88        0x0 linker stubs

.iplt           0x1000cf88        0x0
 .iplt          0x1000cf88        0x0 /Applications/ArmGNUToolchain/13.2.Rel1/arm-none-eabi/bin/../lib/gcc/arm-none-eabi/13.2.1/thumb/v6-m/nofp/crtbegin.o

.rodata         0x1000cf88     0x8aa0
 *(EXCLUDE_FILE(*libm.a: *libc.a:*lib_a-mem*.o *libgcc.a:) .rodata*)